#
# There is insufficient memory for the Java Runtime Environment to continue.
# Native memory allocation (malloc) failed to allocate 2097152 bytes. Error detail: AllocateHeap
# Possible reasons:
#   The system is out of physical RAM or swap space
#   This process is running with CompressedOops enabled, and the Java Heap may be blocking the growth of the native heap
# Possible solutions:
#   Reduce memory load on the system
#   Increase physical memory or swap space
#   Check if swap backing store is full
#   Decrease Java heap size (-Xmx/-Xms)
#   Decrease number of Java threads
#   Decrease Java thread stack sizes (-Xss)
#   Set larger code cache with -XX:ReservedCodeCacheSize=
#   JVM is running with Zero Based Compressed Oops mode in which the Java heap is
#     placed in the first 32GB address space. The Java Heap base address is the
#     maximum limit for the native heap growth. Please use -XX:HeapBaseMinAddress
#     to set the Java Heap base and to place the Java Heap above 32GB virtual address.
# This output file may be truncated or incomplete.
#
#  Out of Memory Error (allocation.cpp:44), pid=15900, tid=13304
#
# JRE version: OpenJDK Runtime Environment Temurin-21.0.8+9 (21.0.8+9) (build 21.0.8+9-LTS)
# Java VM: OpenJDK 64-Bit Server VM Temurin-21.0.8+9 (21.0.8+9-LTS, mixed mode, emulated-client, sharing, tiered, compressed oops, compressed class ptrs, g1 gc, windows-amd64)
# No core dump will be written. Minidumps are not enabled by default on client versions of Windows
#

---------------  S U M M A R Y ------------

Command Line: -XX:+ShowCodeDetailsInExceptionMessages -agentlib:jdwp=transport=dt_socket,suspend=y,address=localhost:65263 -Dcom.sun.management.jmxremote -Dcom.sun.management.jmxremote.port=65262 -Dcom.sun.management.jmxremote.authenticate=false -Dcom.sun.management.jmxremote.ssl=false -Djava.rmi.server.hostname=localhost -Dspring.jmx.enabled=true -Dmanagement.endpoints.jmx.exposure.include=* -Dspring.application.admin.enabled=true -Dspring.profiles.active=local -Dspring.output.ansi.enabled=always -XX:TieredStopAtLevel=1 -Dspring.boot.project.name=MyBaseLinkV2 -javaagent:D:\project\dev_boot_project\sts-4.32.0.RELEASE\configuration\org.eclipse.osgi\272\0\.cp\lib\javaagent-shaded.jar -Dfile.encoding=UTF-8 -Dstdout.encoding=UTF-8 -Dstderr.encoding=UTF-8 com.mybaselinkV2.app.MyBaseLinkV2Application

Host: Intel(R) Core(TM) i7-8565U CPU @ 1.80GHz, 8 cores, 15G,  Windows 11 , 64 bit Build 26100 (10.0.26100.7623)
Time: Thu Jan 22 00:34:17 2026 elapsed time: 610.920718 seconds (0d 0h 10m 10s)

---------------  T H R E A D  ---------------

Current thread (0x000002ba28947270):  VMThread "VM Thread"          [id=13304, stack(0x000000d336800000,0x000000d336900000) (1024K)]

Stack: [0x000000d336800000,0x000000d336900000]
Native frames: (J=compiled Java code, j=interpreted, Vv=VM code, C=native code)
V  [jvm.dll+0x6d2449]
V  [jvm.dll+0x8ae341]
V  [jvm.dll+0x8b08be]
V  [jvm.dll+0x8b0fa3]
V  [jvm.dll+0x280c96]
V  [jvm.dll+0xc0347]
V  [jvm.dll+0x3490ae]
V  [jvm.dll+0x343a2e]
V  [jvm.dll+0x32c418]
V  [jvm.dll+0x36e654]
V  [jvm.dll+0x8b6cbf]
V  [jvm.dll+0x8b8044]
V  [jvm.dll+0x8b8580]
V  [jvm.dll+0x8b8823]
V  [jvm.dll+0x857e6b]
V  [jvm.dll+0x6d0b0d]
C  [ucrtbase.dll+0x37b0]
C  [KERNEL32.DLL+0x2e8d7]
C  [ntdll.dll+0x8c53c]

VM_Operation (0x000000d3360ff030): G1CollectFull, mode: safepoint, requested by thread 0x000002ba72171aa0


---------------  P R O C E S S  ---------------

Threads class SMR info:
_java_thread_list=0x000002ba729a8060, length=22, elements={
0x000002ba28aa8ec0, 0x000002ba28aaa630, 0x000002ba28aaf4b0, 0x000002ba28ab0540,
0x000002ba2896b2e0, 0x000002ba2896a5c0, 0x000002ba2897e260, 0x000002ba2896ac50,
0x000002ba28c71270, 0x000002ba28c7bba0, 0x000002ba28c7c220, 0x000002ba2896b970,
0x000002ba2896da40, 0x000002ba2896c000, 0x000002ba2896c690, 0x000002ba6f07bcf0,
0x000002ba6f079590, 0x000002ba6f078f00, 0x000002ba6f080520, 0x000002ba72172130,
0x000002ba6f07b660, 0x000002ba72171aa0
}

Java Threads: ( => current thread )
  0x000002ba28aa8ec0 JavaThread "Reference Handler"          daemon [_thread_blocked, id=1796, stack(0x000000d336900000,0x000000d336a00000) (1024K)]
  0x000002ba28aaa630 JavaThread "Finalizer"                  daemon [_thread_blocked, id=2364, stack(0x000000d336a00000,0x000000d336b00000) (1024K)]
  0x000002ba28aaf4b0 JavaThread "Signal Dispatcher"          daemon [_thread_blocked, id=9608, stack(0x000000d336b00000,0x000000d336c00000) (1024K)]
  0x000002ba28ab0540 JavaThread "Attach Listener"            daemon [_thread_blocked, id=6240, stack(0x000000d336c00000,0x000000d336d00000) (1024K)]
  0x000002ba2896b2e0 JavaThread "Service Thread"             daemon [_thread_blocked, id=14936, stack(0x000000d336d00000,0x000000d336e00000) (1024K)]
  0x000002ba2896a5c0 JavaThread "Monitor Deflation Thread"   daemon [_thread_blocked, id=6328, stack(0x000000d336e00000,0x000000d336f00000) (1024K)]
  0x000002ba2897e260 JavaThread "C1 CompilerThread0"         daemon [_thread_blocked, id=16572, stack(0x000000d336f00000,0x000000d337000000) (1024K)]
  0x000002ba2896ac50 JavaThread "Common-Cleaner"             daemon [_thread_blocked, id=18108, stack(0x000000d337000000,0x000000d337100000) (1024K)]
  0x000002ba28c71270 JavaThread "JDWP Transport Listener: dt_socket" daemon [_thread_blocked, id=17820, stack(0x000000d337200000,0x000000d337300000) (1024K)]
  0x000002ba28c7bba0 JavaThread "JDWP Event Helper Thread"   daemon [_thread_blocked, id=11908, stack(0x000000d337300000,0x000000d337400000) (1024K)]
  0x000002ba28c7c220 JavaThread "JDWP Command Reader"        daemon [_thread_in_native, id=10336, stack(0x000000d337400000,0x000000d337500000) (1024K)]
  0x000002ba2896b970 JavaThread "Notification Thread"        daemon [_thread_blocked, id=17360, stack(0x000000d337500000,0x000000d337600000) (1024K)]
  0x000002ba2896da40 JavaThread "RMI TCP Accept-0"           daemon [_thread_in_native, id=18384, stack(0x000000d337e00000,0x000000d337f00000) (1024K)]
  0x000002ba2896c000 JavaThread "RMI TCP Accept-65262"       daemon [_thread_in_native, id=12540, stack(0x000000d337f00000,0x000000d338000000) (1024K)]
  0x000002ba2896c690 JavaThread "RMI TCP Accept-0"           daemon [_thread_in_native, id=7084, stack(0x000000d338100000,0x000000d338200000) (1024K)]
  0x000002ba6f07bcf0 JavaThread "RMI Scheduler(0)"           daemon [_thread_blocked, id=6784, stack(0x000000d338500000,0x000000d338600000) (1024K)]
  0x000002ba6f079590 JavaThread "JMX server connection timeout 41" daemon [_thread_blocked, id=1680, stack(0x000000d338700000,0x000000d338800000) (1024K)]
  0x000002ba6f078f00 JavaThread "PostgreSQL-JDBC-Cleaner"    daemon [_thread_blocked, id=16880, stack(0x000000d338a00000,0x000000d338b00000) (1024K)]
  0x000002ba6f080520 JavaThread "Live Reload Server"         daemon [_thread_in_native, id=9924, stack(0x000000d339200000,0x000000d339300000) (1024K)]
  0x000002ba72172130 JavaThread "DestroyJavaVM"                     [_thread_blocked, id=11924, stack(0x000000d336100000,0x000000d336200000) (1024K)]
  0x000002ba6f07b660 JavaThread "RMI TCP Connection(23)-127.0.0.1" daemon [_thread_in_native, id=7756, stack(0x000000d339e00000,0x000000d339f00000) (1024K)]
  0x000002ba72171aa0 JavaThread "Thread-7"                          [_thread_blocked, id=14276, stack(0x000000d336000000,0x000000d336100000) (1024K)]
Total: 22

Other Threads:
=>0x000002ba28947270 VMThread "VM Thread"                           [id=13304, stack(0x000000d336800000,0x000000d336900000) (1024K)]
  0x000002ba28936410 WatcherThread "VM Periodic Task Thread"        [id=14168, stack(0x000000d336700000,0x000000d336800000) (1024K)]
  0x000002ba18857910 WorkerThread "GC Thread#0"                     [id=2912, stack(0x000000d336200000,0x000000d336300000) (1024K)]
  0x000002ba6e9e4c60 WorkerThread "GC Thread#1"                     [id=13176, stack(0x000000d337600000,0x000000d337700000) (1024K)]
  0x000002ba6e9e5000 WorkerThread "GC Thread#2"                     [id=12312, stack(0x000000d337700000,0x000000d337800000) (1024K)]
  0x000002ba6e9e53a0 WorkerThread "GC Thread#3"                     [id=2836, stack(0x000000d337800000,0x000000d337900000) (1024K)]
  0x000002ba6e9e5740 WorkerThread "GC Thread#4"                     [id=13864, stack(0x000000d337900000,0x000000d337a00000) (1024K)]
  0x000002ba6e9e5ae0 WorkerThread "GC Thread#5"                     [id=16656, stack(0x000000d337a00000,0x000000d337b00000) (1024K)]
  0x000002ba6e9cbd30 WorkerThread "GC Thread#6"                     [id=10624, stack(0x000000d337b00000,0x000000d337c00000) (1024K)]
  0x000002ba6ebaf840 WorkerThread "GC Thread#7"                     [id=12788, stack(0x000000d338000000,0x000000d338100000) (1024K)]
  0x000002ba18869af0 ConcurrentGCThread "G1 Main Marker"            [id=17620, stack(0x000000d336300000,0x000000d336400000) (1024K)]
  0x000002ba1886a500 WorkerThread "G1 Conc#0"                       [id=7212, stack(0x000000d336400000,0x000000d336500000) (1024K)]
  0x000002ba6f00da70 WorkerThread "G1 Conc#1"                       [id=1860, stack(0x000000d338900000,0x000000d338a00000) (1024K)]
  0x000002ba2880ae20 ConcurrentGCThread "G1 Refine#0"               [id=8280, stack(0x000000d336500000,0x000000d336600000) (1024K)]
  0x000002ba2880b8a0 ConcurrentGCThread "G1 Service"                [id=9704, stack(0x000000d336600000,0x000000d336700000) (1024K)]
Total: 15

Threads with active compile tasks:
C1 CompilerThread0  610961 14281   !   1       org.apache.catalina.core.ContainerBase::getRealmInternal (38 bytes)
Total: 1

VM state: at safepoint (normal execution)

VM Mutex/Monitor currently owned by a thread:  ([mutex/lock_event])
[0x00007ffb03e95458] Threads_lock - owner thread: 0x000002ba28947270
[0x00007ffb03e95558] Heap_lock - owner thread: 0x000002ba72171aa0

Heap address: 0x0000000703200000, size: 4046 MB, Compressed Oops mode: Zero based, Oop shift amount: 3

CDS archive(s) mapped at: [0x000002ba29000000-0x000002ba29c80000-0x000002ba29c80000), size 13107200, SharedBaseAddress: 0x000002ba29000000, ArchiveRelocationMode: 1.
Compressed class space mapped at: 0x000002ba2a000000-0x000002ba6a000000, reserved size: 1073741824
Narrow klass base: 0x000002ba29000000, Narrow klass shift: 0, Narrow klass range: 0x100000000

GC Precious Log:
 CardTable entry size: 512
 Card Set container configuration: InlinePtr #cards 4 size 8 Array Of Cards #cards 16 size 48 Howl #buckets 8 coarsen threshold 3686 Howl Bitmap #cards 512 size 80 coarsen threshold 460 Card regions per heap region 1 cards per card region 4096
 CPUs: 8 total, 8 available
 Memory: 16178M
 Large Page Support: Disabled
 NUMA Support: Disabled
 Compressed Oops: Enabled (Zero based)
 Heap Region Size: 2M
 Heap Min Capacity: 8M
 Heap Initial Capacity: 254M
 Heap Max Capacity: 4046M
 Pre-touch: Disabled
 Parallel Workers: 8
 Concurrent Workers: 2
 Concurrent Refinement Workers: 8
 Periodic GC: Disabled

Heap:
 garbage-first heap   total 135168K, used 75418K [0x0000000703200000, 0x0000000800000000)
  region size 2048K, 8 young (16384K), 1 survivors (2048K)
 Metaspace       used 93639K, committed 94912K, reserved 1179648K
  class space    used 13193K, committed 13824K, reserved 1048576K

Heap Regions: E=young(eden), S=young(survivor), O=old, HS=humongous(starts), HC=humongous(continues), CS=collection set, F=free, TAMS=top-at-mark-start, PB=parsable bottom
|   0|0x0000000703200000, 0x0000000703400000, 0x0000000703400000|100%| O|  |TAMS 0x0000000703200000| PB 0x0000000703200000| Untracked 
|   1|0x0000000703400000, 0x0000000703600000, 0x0000000703600000|100%| O|  |TAMS 0x0000000703400000| PB 0x0000000703400000| Untracked 
|   2|0x0000000703600000, 0x00000007037fffe8, 0x0000000703800000| 99%| O|  |TAMS 0x0000000703600000| PB 0x0000000703600000| Untracked 
|   3|0x0000000703800000, 0x0000000703a00000, 0x0000000703a00000|100%| O|  |TAMS 0x0000000703800000| PB 0x0000000703800000| Untracked 
|   4|0x0000000703a00000, 0x0000000703bfffe8, 0x0000000703c00000| 99%| O|  |TAMS 0x0000000703a00000| PB 0x0000000703a00000| Untracked 
|   5|0x0000000703c00000, 0x0000000703e00000, 0x0000000703e00000|100%| O|  |TAMS 0x0000000703c00000| PB 0x0000000703c00000| Untracked 
|   6|0x0000000703e00000, 0x0000000703ffff78, 0x0000000704000000| 99%| O|  |TAMS 0x0000000703e00000| PB 0x0000000703e00000| Untracked 
|   7|0x0000000704000000, 0x00000007041ffff0, 0x0000000704200000| 99%| O|  |TAMS 0x0000000704000000| PB 0x0000000704000000| Untracked 
|   8|0x0000000704200000, 0x00000007043ffff8, 0x0000000704400000| 99%| O|  |TAMS 0x0000000704200000| PB 0x0000000704200000| Untracked 
|   9|0x0000000704400000, 0x0000000704600000, 0x0000000704600000|100%| O|  |TAMS 0x0000000704400000| PB 0x0000000704400000| Untracked 
|  10|0x0000000704600000, 0x0000000704800000, 0x0000000704800000|100%| O|  |TAMS 0x0000000704600000| PB 0x0000000704600000| Untracked 
|  11|0x0000000704800000, 0x00000007049ffff0, 0x0000000704a00000| 99%| O|  |TAMS 0x0000000704800000| PB 0x0000000704800000| Untracked 
|  12|0x0000000704a00000, 0x0000000704bffff8, 0x0000000704c00000| 99%| O|  |TAMS 0x0000000704a00000| PB 0x0000000704a00000| Untracked 
|  13|0x0000000704c00000, 0x0000000704e00000, 0x0000000704e00000|100%| O|  |TAMS 0x0000000704c00000| PB 0x0000000704c00000| Untracked 
|  14|0x0000000704e00000, 0x0000000705000000, 0x0000000705000000|100%| O|  |TAMS 0x0000000704e00000| PB 0x0000000704e00000| Untracked 
|  15|0x0000000705000000, 0x00000007051fffe8, 0x0000000705200000| 99%| O|  |TAMS 0x0000000705000000| PB 0x0000000705000000| Untracked 
|  16|0x0000000705200000, 0x0000000705400000, 0x0000000705400000|100%| O|  |TAMS 0x0000000705200000| PB 0x0000000705200000| Untracked 
|  17|0x0000000705400000, 0x00000007055ffff0, 0x0000000705600000| 99%| O|  |TAMS 0x0000000705400000| PB 0x0000000705400000| Untracked 
|  18|0x0000000705600000, 0x00000007057fc450, 0x0000000705800000| 99%| O|  |TAMS 0x0000000705600000| PB 0x0000000705600000| Untracked 
|  19|0x0000000705800000, 0x0000000705a00000, 0x0000000705a00000|100%| O|  |TAMS 0x0000000705800000| PB 0x0000000705800000| Untracked 
|  20|0x0000000705a00000, 0x0000000705b5ebe8, 0x0000000705c00000| 68%| O|Cm|TAMS 0x0000000705a00000| PB 0x0000000705a00000| Complete 
|  21|0x0000000705c00000, 0x0000000705e00000, 0x0000000705e00000|100%| O|  |TAMS 0x0000000705c00000| PB 0x0000000705c00000| Untracked 
|  22|0x0000000705e00000, 0x0000000706000000, 0x0000000706000000|100%| O|  |TAMS 0x0000000705e00000| PB 0x0000000705e00000| Untracked 
|  23|0x0000000706000000, 0x00000007061fffc0, 0x0000000706200000| 99%| O|  |TAMS 0x0000000706000000| PB 0x0000000706000000| Untracked 
|  24|0x0000000706200000, 0x0000000706400000, 0x0000000706400000|100%| O|  |TAMS 0x0000000706200000| PB 0x0000000706200000| Untracked 
|  25|0x0000000706400000, 0x0000000706600000, 0x0000000706600000|100%| O|Cm|TAMS 0x0000000706400000| PB 0x0000000706400000| Complete 
|  26|0x0000000706600000, 0x0000000706800000, 0x0000000706800000|100%| O|Cm|TAMS 0x0000000706600000| PB 0x0000000706600000| Complete 
|  27|0x0000000706800000, 0x0000000706a00000, 0x0000000706a00000|100%| O|  |TAMS 0x0000000706800000| PB 0x0000000706800000| Untracked 
|  28|0x0000000706a00000, 0x0000000706b5e380, 0x0000000706c00000| 68%| O|  |TAMS 0x0000000706a00000| PB 0x0000000706a00000| Untracked 
|  29|0x0000000706c00000, 0x0000000706e00000, 0x0000000706e00000|100%| O|  |TAMS 0x0000000706c00000| PB 0x0000000706c00000| Untracked 
|  30|0x0000000706e00000, 0x0000000706e00000, 0x0000000707000000|  0%| F|  |TAMS 0x0000000706e00000| PB 0x0000000706e00000| Untracked 
|  31|0x0000000707000000, 0x0000000707000000, 0x0000000707200000|  0%| F|  |TAMS 0x0000000707000000| PB 0x0000000707000000| Untracked 
|  32|0x0000000707200000, 0x0000000707400000, 0x0000000707400000|100%| O|  |TAMS 0x0000000707200000| PB 0x0000000707200000| Untracked 
|  33|0x0000000707400000, 0x0000000707400000, 0x0000000707600000|  0%| F|  |TAMS 0x0000000707400000| PB 0x0000000707400000| Untracked 
|  34|0x0000000707600000, 0x0000000707600000, 0x0000000707800000|  0%| F|  |TAMS 0x0000000707600000| PB 0x0000000707600000| Untracked 
|  35|0x0000000707800000, 0x0000000707800000, 0x0000000707a00000|  0%| F|  |TAMS 0x0000000707800000| PB 0x0000000707800000| Untracked 
|  36|0x0000000707a00000, 0x0000000707a00000, 0x0000000707c00000|  0%| F|  |TAMS 0x0000000707a00000| PB 0x0000000707a00000| Untracked 
|  37|0x0000000707c00000, 0x0000000707ced840, 0x0000000707e00000| 46%| S|CS|TAMS 0x0000000707c00000| PB 0x0000000707c00000| Complete 
|  38|0x0000000707e00000, 0x0000000707e00000, 0x0000000708000000|  0%| F|  |TAMS 0x0000000707e00000| PB 0x0000000707e00000| Untracked 
|  39|0x0000000708000000, 0x0000000708000000, 0x0000000708200000|  0%| F|  |TAMS 0x0000000708000000| PB 0x0000000708000000| Untracked 
|  40|0x0000000708200000, 0x0000000708200000, 0x0000000708400000|  0%| F|  |TAMS 0x0000000708200000| PB 0x0000000708200000| Untracked 
|  41|0x0000000708400000, 0x0000000708400000, 0x0000000708600000|  0%| F|  |TAMS 0x0000000708400000| PB 0x0000000708400000| Untracked 
|  42|0x0000000708600000, 0x0000000708600000, 0x0000000708800000|  0%| F|  |TAMS 0x0000000708600000| PB 0x0000000708600000| Untracked 
|  43|0x0000000708800000, 0x0000000708800000, 0x0000000708a00000|  0%| F|  |TAMS 0x0000000708800000| PB 0x0000000708800000| Untracked 
|  44|0x0000000708a00000, 0x0000000708a00000, 0x0000000708c00000|  0%| F|  |TAMS 0x0000000708a00000| PB 0x0000000708a00000| Untracked 
|  45|0x0000000708c00000, 0x0000000708c00000, 0x0000000708e00000|  0%| F|  |TAMS 0x0000000708c00000| PB 0x0000000708c00000| Untracked 
|  46|0x0000000708e00000, 0x0000000708e00000, 0x0000000709000000|  0%| F|  |TAMS 0x0000000708e00000| PB 0x0000000708e00000| Untracked 
|  47|0x0000000709000000, 0x0000000709000000, 0x0000000709200000|  0%| F|  |TAMS 0x0000000709000000| PB 0x0000000709000000| Untracked 
|  48|0x0000000709200000, 0x0000000709200000, 0x0000000709400000|  0%| F|  |TAMS 0x0000000709200000| PB 0x0000000709200000| Untracked 
|  49|0x0000000709400000, 0x0000000709400000, 0x0000000709600000|  0%| F|  |TAMS 0x0000000709400000| PB 0x0000000709400000| Untracked 
|  50|0x0000000709600000, 0x0000000709600000, 0x0000000709800000|  0%| F|  |TAMS 0x0000000709600000| PB 0x0000000709600000| Untracked 
|  51|0x0000000709800000, 0x0000000709800000, 0x0000000709a00000|  0%| F|  |TAMS 0x0000000709800000| PB 0x0000000709800000| Untracked 
|  52|0x0000000709a00000, 0x0000000709a00000, 0x0000000709c00000|  0%| F|  |TAMS 0x0000000709a00000| PB 0x0000000709a00000| Untracked 
|  53|0x0000000709c00000, 0x0000000709c00000, 0x0000000709e00000|  0%| F|  |TAMS 0x0000000709c00000| PB 0x0000000709c00000| Untracked 
|  54|0x0000000709e00000, 0x0000000709e00000, 0x000000070a000000|  0%| F|  |TAMS 0x0000000709e00000| PB 0x0000000709e00000| Untracked 
|  55|0x000000070a000000, 0x000000070a000000, 0x000000070a200000|  0%| F|  |TAMS 0x000000070a000000| PB 0x000000070a000000| Untracked 
|  56|0x000000070a200000, 0x000000070a200000, 0x000000070a400000|  0%| F|  |TAMS 0x000000070a200000| PB 0x000000070a200000| Untracked 
|  57|0x000000070a400000, 0x000000070a400000, 0x000000070a600000|  0%| F|  |TAMS 0x000000070a400000| PB 0x000000070a400000| Untracked 
|  58|0x000000070a600000, 0x000000070a600000, 0x000000070a800000|  0%| F|  |TAMS 0x000000070a600000| PB 0x000000070a600000| Untracked 
|  59|0x000000070a800000, 0x000000070a884270, 0x000000070aa00000| 25%| E|  |TAMS 0x000000070a800000| PB 0x000000070a800000| Complete 
|  60|0x000000070aa00000, 0x000000070ac00000, 0x000000070ac00000|100%| E|CS|TAMS 0x000000070aa00000| PB 0x000000070aa00000| Complete 
|  61|0x000000070ac00000, 0x000000070ae00000, 0x000000070ae00000|100%| E|CS|TAMS 0x000000070ac00000| PB 0x000000070ac00000| Complete 
| 100|0x000000070fa00000, 0x000000070fc00000, 0x000000070fc00000|100%| E|CS|TAMS 0x000000070fa00000| PB 0x000000070fa00000| Complete 
| 125|0x0000000712c00000, 0x0000000712e00000, 0x0000000712e00000|100%| E|CS|TAMS 0x0000000712c00000| PB 0x0000000712c00000| Complete 
| 126|0x0000000712e00000, 0x0000000713000000, 0x0000000713000000|100%| E|CS|TAMS 0x0000000712e00000| PB 0x0000000712e00000| Complete 
|2022|0x00000007ffe00000, 0x0000000800000000, 0x0000000800000000|100%| E|CS|TAMS 0x00000007ffe00000| PB 0x00000007ffe00000| Complete 

Card table byte_map: [0x000002ba21850000,0x000002ba22040000] _byte_map_base: 0x000002ba1e037000

Marking Bits: (CMBitMap*) 0x000002ba18857f20
 Bits: [0x000002ba22040000, 0x000002ba25f78000)

Polling page: 0x000002ba18890000

Metaspace:

Usage:
  Non-class:     78.56 MB used.
      Class:     12.88 MB used.
       Both:     91.44 MB used.

Virtual space:
  Non-class space:      128.00 MB reserved,      79.19 MB ( 62%) committed,  2 nodes.
      Class space:        1.00 GB reserved,      13.50 MB (  1%) committed,  1 nodes.
             Both:        1.12 GB reserved,      92.69 MB (  8%) committed. 

Chunk freelists:
   Non-Class:  212.00 KB
       Class:  2.64 MB
        Both:  2.85 MB

MaxMetaspaceSize: unlimited
CompressedClassSpaceSize: 1.00 GB
Initial GC threshold: 21.00 MB
Current GC threshold: 154.50 MB
CDS: on
 - commit_granule_bytes: 65536.
 - commit_granule_words: 8192.
 - virtual_space_node_default_size: 8388608.
 - enlarge_chunks_in_place: 1.
 - use_allocation_guard: 0.


Internal statistics:

num_allocs_failed_limit: 14.
num_arena_births: 3126.
num_arena_deaths: 1500.
num_vsnodes_births: 3.
num_vsnodes_deaths: 0.
num_space_committed: 1483.
num_space_uncommitted: 0.
num_chunks_returned_to_freelist: 1794.
num_chunks_taken_from_freelist: 7032.
num_chunk_merges: 536.
num_chunk_splits: 4484.
num_chunks_enlarged: 3091.
num_inconsistent_stats: 0.

CodeCache: size=49152Kb used=21684Kb max_used=23784Kb free=27467Kb
 bounds [0x000002ba1d770000, 0x000002ba1eeb0000, 0x000002ba20770000]
 total_blobs=11574, nmethods=10687, adapters=809, full_count=0
Compilation: enabled, stopped_count=0, restarted_count=0

Compilation events (20 events):
Event: 565.800 Thread 0x000002ba2897e260 nmethod 14270 0x000002ba1edc3f90 code [0x000002ba1edc4140, 0x000002ba1edc42b8]
Event: 565.800 Thread 0x000002ba2897e260 14271       1       java.io.ObjectInputFilter$Config$BuiltinFilterFactory::apply (19 bytes)
Event: 565.800 Thread 0x000002ba2897e260 nmethod 14271 0x000002ba1edc3810 code [0x000002ba1edc39e0, 0x000002ba1edc3da8]
Event: 565.800 Thread 0x000002ba2897e260 14272       1       java.io.DataOutputStream::incCount (20 bytes)
Event: 565.800 Thread 0x000002ba2897e260 nmethod 14272 0x000002ba1edc3510 code [0x000002ba1edc36a0, 0x000002ba1edc3780]
Event: 609.886 Thread 0x000002ba2897e260 14273       1       org.springframework.core.annotation.OrderUtils::findOrder (62 bytes)
Event: 609.887 Thread 0x000002ba2897e260 nmethod 14273 0x000002ba1dbac210 code [0x000002ba1dbac440, 0x000002ba1dbac930]
Event: 609.897 Thread 0x000002ba2897e260 14275   !   1       org.springframework.beans.factory.support.DefaultSingletonBeanRegistry::destroyBean (349 bytes)
Event: 609.899 Thread 0x000002ba2897e260 nmethod 14275 0x000002ba1e00a210 code [0x000002ba1e00a5c0, 0x000002ba1e00b418]
Event: 609.900 Thread 0x000002ba2897e260 14276       1       java.io.FileDescriptor$1::getAppend (5 bytes)
Event: 609.900 Thread 0x000002ba2897e260 nmethod 14276 0x000002ba1d8cad90 code [0x000002ba1d8caf20, 0x000002ba1d8caff0]
Event: 609.902 Thread 0x000002ba2897e260 14277       1       org.apache.tomcat.util.collections.ManagedConcurrentWeakHashMap$Key::hashCode (5 bytes)
Event: 609.902 Thread 0x000002ba2897e260 nmethod 14277 0x000002ba1d92e090 code [0x000002ba1d92e220, 0x000002ba1d92e2e8]
Event: 609.902 Thread 0x000002ba2897e260 14278       1       org.apache.catalina.mapper.MapperListener::lifecycleEvent (180 bytes)
Event: 609.903 Thread 0x000002ba2897e260 nmethod 14278 0x000002ba1e69c790 code [0x000002ba1e69ca20, 0x000002ba1e69d2f0]
Event: 609.905 Thread 0x000002ba2897e260 14279       1       com.sun.beans.util.Cache$Kind$Soft::removeOwner (6 bytes)
Event: 609.905 Thread 0x000002ba2897e260 nmethod 14279 0x000002ba1d948790 code [0x000002ba1d948920, 0x000002ba1d948a10]
Event: 609.905 Thread 0x000002ba2897e260 14280       1       java.lang.Thread::checkAccess (14 bytes)
Event: 609.905 Thread 0x000002ba2897e260 nmethod 14280 0x000002ba1d94e410 code [0x000002ba1d94e5a0, 0x000002ba1d94e668]
Event: 609.906 Thread 0x000002ba2897e260 14281   !   1       org.apache.catalina.core.ContainerBase::getRealmInternal (38 bytes)

GC Heap History (20 events):
Event: 118.922 GC heap after
{Heap after GC invocations=33 (full 0):
 garbage-first heap   total 133120K, used 63037K [0x0000000703200000, 0x0000000800000000)
  region size 2048K, 4 young (8192K), 4 survivors (8192K)
 Metaspace       used 92742K, committed 94016K, reserved 1179648K
  class space    used 13183K, committed 13760K, reserved 1048576K
}
Event: 236.181 GC heap before
{Heap before GC invocations=33 (full 0):
 garbage-first heap   total 133120K, used 112189K [0x0000000703200000, 0x0000000800000000)
  region size 2048K, 29 young (59392K), 4 survivors (8192K)
 Metaspace       used 92744K, committed 94016K, reserved 1179648K
  class space    used 13184K, committed 13760K, reserved 1048576K
}
Event: 236.187 GC heap after
{Heap after GC invocations=34 (full 0):
 garbage-first heap   total 133120K, used 62832K [0x0000000703200000, 0x0000000800000000)
  region size 2048K, 2 young (4096K), 2 survivors (4096K)
 Metaspace       used 92744K, committed 94016K, reserved 1179648K
  class space    used 13184K, committed 13760K, reserved 1048576K
}
Event: 257.262 GC heap before
{Heap before GC invocations=34 (full 0):
 garbage-first heap   total 133120K, used 71024K [0x0000000703200000, 0x0000000800000000)
  region size 2048K, 7 young (14336K), 2 survivors (4096K)
 Metaspace       used 92839K, committed 94080K, reserved 1179648K
  class space    used 13205K, committed 13760K, reserved 1048576K
}
Event: 257.331 GC heap after
{Heap after GC invocations=35 (full 1):
 garbage-first heap   total 133120K, used 44317K [0x0000000703200000, 0x0000000800000000)
  region size 2048K, 0 young (0K), 0 survivors (0K)
 Metaspace       used 91661K, committed 94080K, reserved 1179648K
  class space    used 12914K, committed 13760K, reserved 1048576K
}
Event: 264.550 GC heap before
{Heap before GC invocations=35 (full 1):
 garbage-first heap   total 133120K, used 113949K [0x0000000703200000, 0x0000000800000000)
  region size 2048K, 35 young (71680K), 0 survivors (0K)
 Metaspace       used 92187K, committed 94080K, reserved 1179648K
  class space    used 12981K, committed 13760K, reserved 1048576K
}
Event: 264.556 GC heap after
{Heap after GC invocations=36 (full 1):
 garbage-first heap   total 133120K, used 51183K [0x0000000703200000, 0x0000000800000000)
  region size 2048K, 4 young (8192K), 4 survivors (8192K)
 Metaspace       used 92187K, committed 94080K, reserved 1179648K
  class space    used 12981K, committed 13760K, reserved 1048576K
}
Event: 265.441 GC heap before
{Heap before GC invocations=37 (full 1):
 garbage-first heap   total 133120K, used 106479K [0x0000000703200000, 0x0000000800000000)
  region size 2048K, 32 young (65536K), 4 survivors (8192K)
 Metaspace       used 92891K, committed 94208K, reserved 1179648K
  class space    used 13053K, committed 13760K, reserved 1048576K
}
Event: 265.449 GC heap after
{Heap after GC invocations=38 (full 1):
 garbage-first heap   total 133120K, used 54542K [0x0000000703200000, 0x0000000800000000)
  region size 2048K, 3 young (6144K), 3 survivors (6144K)
 Metaspace       used 92891K, committed 94208K, reserved 1179648K
  class space    used 13053K, committed 13760K, reserved 1048576K
}
Event: 272.731 GC heap before
{Heap before GC invocations=38 (full 1):
 garbage-first heap   total 133120K, used 107790K [0x0000000703200000, 0x0000000800000000)
  region size 2048K, 30 young (61440K), 3 survivors (6144K)
 Metaspace       used 93260K, committed 94464K, reserved 1179648K
  class space    used 13105K, committed 13824K, reserved 1048576K
}
Event: 272.738 GC heap after
{Heap after GC invocations=39 (full 1):
 garbage-first heap   total 133120K, used 58422K [0x0000000703200000, 0x0000000800000000)
  region size 2048K, 2 young (4096K), 2 survivors (4096K)
 Metaspace       used 93260K, committed 94464K, reserved 1179648K
  class space    used 13105K, committed 13824K, reserved 1048576K
}
Event: 375.163 GC heap before
{Heap before GC invocations=39 (full 1):
 garbage-first heap   total 133120K, used 113718K [0x0000000703200000, 0x0000000800000000)
  region size 2048K, 30 young (61440K), 2 survivors (4096K)
 Metaspace       used 93264K, committed 94464K, reserved 1179648K
  class space    used 13105K, committed 13824K, reserved 1048576K
}
Event: 375.168 GC heap after
{Heap after GC invocations=40 (full 1):
 garbage-first heap   total 133120K, used 59067K [0x0000000703200000, 0x0000000800000000)
  region size 2048K, 3 young (6144K), 3 survivors (6144K)
 Metaspace       used 93264K, committed 94464K, reserved 1179648K
  class space    used 13105K, committed 13824K, reserved 1048576K
}
Event: 393.090 GC heap before
{Heap before GC invocations=41 (full 1):
 garbage-first heap   total 133120K, used 110267K [0x0000000703200000, 0x0000000800000000)
  region size 2048K, 29 young (59392K), 3 survivors (6144K)
 Metaspace       used 92986K, committed 94464K, reserved 1179648K
  class space    used 13035K, committed 13824K, reserved 1048576K
}
Event: 393.093 GC heap after
{Heap after GC invocations=42 (full 1):
 garbage-first heap   total 133120K, used 58308K [0x0000000703200000, 0x0000000800000000)
  region size 2048K, 1 young (2048K), 1 survivors (2048K)
 Metaspace       used 92986K, committed 94464K, reserved 1179648K
  class space    used 13035K, committed 13824K, reserved 1048576K
}
Event: 436.158 GC heap before
{Heap before GC invocations=42 (full 1):
 garbage-first heap   total 133120K, used 115652K [0x0000000703200000, 0x0000000800000000)
  region size 2048K, 29 young (59392K), 1 survivors (2048K)
 Metaspace       used 93702K, committed 94912K, reserved 1179648K
  class space    used 13207K, committed 13824K, reserved 1048576K
}
Event: 436.166 GC heap after
{Heap after GC invocations=43 (full 1):
 garbage-first heap   total 135168K, used 62159K [0x0000000703200000, 0x0000000800000000)
  region size 2048K, 4 young (8192K), 4 survivors (8192K)
 Metaspace       used 93702K, committed 94912K, reserved 1179648K
  class space    used 13207K, committed 13824K, reserved 1048576K
}
Event: 578.535 GC heap before
{Heap before GC invocations=43 (full 1):
 garbage-first heap   total 135168K, used 115407K [0x0000000703200000, 0x0000000800000000)
  region size 2048K, 31 young (63488K), 4 survivors (8192K)
 Metaspace       used 93702K, committed 94912K, reserved 1179648K
  class space    used 13207K, committed 13824K, reserved 1048576K
}
Event: 578.540 GC heap after
{Heap after GC invocations=44 (full 1):
 garbage-first heap   total 135168K, used 63130K [0x0000000703200000, 0x0000000800000000)
  region size 2048K, 1 young (2048K), 1 survivors (2048K)
 Metaspace       used 93702K, committed 94912K, reserved 1179648K
  class space    used 13207K, committed 13824K, reserved 1048576K
}
Event: 609.906 GC heap before
{Heap before GC invocations=45 (full 1):
 garbage-first heap   total 135168K, used 75418K [0x0000000703200000, 0x0000000800000000)
  region size 2048K, 8 young (16384K), 1 survivors (2048K)
 Metaspace       used 93639K, committed 94912K, reserved 1179648K
  class space    used 13193K, committed 13824K, reserved 1048576K
}

Dll operation events (12 events):
Event: 0.018 Loaded shared library D:\project\dev_boot_project\sts-4.32.0.RELEASE\plugins\org.eclipse.justj.openjdk.hotspot.jre.full.win32.x86_64_21.0.8.v20250724-1412\jre\bin\java.dll
Event: 0.047 Loaded shared library D:\project\dev_boot_project\sts-4.32.0.RELEASE\plugins\org.eclipse.justj.openjdk.hotspot.jre.full.win32.x86_64_21.0.8.v20250724-1412\jre\bin\zip.dll
Event: 0.416 Loaded shared library D:\project\dev_boot_project\sts-4.32.0.RELEASE\plugins\org.eclipse.justj.openjdk.hotspot.jre.full.win32.x86_64_21.0.8.v20250724-1412\jre\bin\instrument.dll
Event: 0.423 Loaded shared library D:\project\dev_boot_project\sts-4.32.0.RELEASE\plugins\org.eclipse.justj.openjdk.hotspot.jre.full.win32.x86_64_21.0.8.v20250724-1412\jre\bin\net.dll
Event: 0.424 Loaded shared library D:\project\dev_boot_project\sts-4.32.0.RELEASE\plugins\org.eclipse.justj.openjdk.hotspot.jre.full.win32.x86_64_21.0.8.v20250724-1412\jre\bin\nio.dll
Event: 0.427 Loaded shared library D:\project\dev_boot_project\sts-4.32.0.RELEASE\plugins\org.eclipse.justj.openjdk.hotspot.jre.full.win32.x86_64_21.0.8.v20250724-1412\jre\bin\zip.dll
Event: 0.688 Loaded shared library D:\project\dev_boot_project\sts-4.32.0.RELEASE\plugins\org.eclipse.justj.openjdk.hotspot.jre.full.win32.x86_64_21.0.8.v20250724-1412\jre\bin\jimage.dll
Event: 0.744 Loaded shared library D:\project\dev_boot_project\sts-4.32.0.RELEASE\plugins\org.eclipse.justj.openjdk.hotspot.jre.full.win32.x86_64_21.0.8.v20250724-1412\jre\bin\management.dll
Event: 0.756 Loaded shared library D:\project\dev_boot_project\sts-4.32.0.RELEASE\plugins\org.eclipse.justj.openjdk.hotspot.jre.full.win32.x86_64_21.0.8.v20250724-1412\jre\bin\management_ext.dll
Event: 0.941 Loaded shared library D:\project\dev_boot_project\sts-4.32.0.RELEASE\plugins\org.eclipse.justj.openjdk.hotspot.jre.full.win32.x86_64_21.0.8.v20250724-1412\jre\bin\verify.dll
Event: 1.029 Loaded shared library D:\project\dev_boot_project\sts-4.32.0.RELEASE\plugins\org.eclipse.justj.openjdk.hotspot.jre.full.win32.x86_64_21.0.8.v20250724-1412\jre\bin\extnet.dll
Event: 2.713 Loaded shared library D:\project\dev_boot_project\sts-4.32.0.RELEASE\plugins\org.eclipse.justj.openjdk.hotspot.jre.full.win32.x86_64_21.0.8.v20250724-1412\jre\bin\sunmscapi.dll

Deoptimization events (20 events):
Event: 609.905 Thread 0x000002ba72171aa0 DEOPT PACKING pc=0x000002ba1e0a702c sp=0x000000d3360fc760
Event: 609.905 Thread 0x000002ba72171aa0 DEOPT UNPACKING pc=0x000002ba1d7c4e42 sp=0x000000d3360fbd20 mode 1
Event: 609.905 Thread 0x000002ba72171410 DEOPT PACKING pc=0x000002ba1d944abc sp=0x000000d338cff200
Event: 609.905 Thread 0x000002ba72171410 DEOPT UNPACKING pc=0x000002ba1d7c4e42 sp=0x000000d338cfe7a0 mode 1
Event: 609.905 Thread 0x000002ba72171410 DEOPT PACKING pc=0x000002ba1d949f64 sp=0x000000d338cff370
Event: 609.905 Thread 0x000002ba72171410 DEOPT UNPACKING pc=0x000002ba1d7c4e42 sp=0x000000d338cfe8c8 mode 1
Event: 609.905 Thread 0x000002ba721734e0 DEOPT PACKING pc=0x000002ba1d952db4 sp=0x000000d338dff370
Event: 609.905 Thread 0x000002ba72171410 DEOPT PACKING pc=0x000002ba1d94980c sp=0x000000d338cff4a0
Event: 609.905 Thread 0x000002ba72171410 DEOPT UNPACKING pc=0x000002ba1d7c4e42 sp=0x000000d338cfe930 mode 1
Event: 609.905 Thread 0x000002ba721734e0 DEOPT UNPACKING pc=0x000002ba1d7c4e42 sp=0x000000d338dfe858 mode 1
Event: 609.905 Thread 0x000002ba72171410 DEOPT PACKING pc=0x000002ba1d94c01c sp=0x000000d338cff4d0
Event: 609.905 Thread 0x000002ba72171410 DEOPT UNPACKING pc=0x000002ba1d7c4e42 sp=0x000000d338cfe9d0 mode 1
Event: 609.905 Thread 0x000002ba72172e50 DEOPT PACKING pc=0x000002ba1d9515fc sp=0x000000d338bfee50
Event: 609.905 Thread 0x000002ba72172e50 DEOPT UNPACKING pc=0x000002ba1d7c4e42 sp=0x000000d338bfe3e0 mode 1
Event: 609.905 Thread 0x000002ba72172e50 DEOPT PACKING pc=0x000002ba1d94a014 sp=0x000000d338bfefe0
Event: 609.906 Thread 0x000002ba72172e50 DEOPT UNPACKING pc=0x000002ba1d7c4e42 sp=0x000000d338bfe538 mode 1
Event: 609.906 Thread 0x000002ba72172e50 DEOPT PACKING pc=0x000002ba1d94980c sp=0x000000d338bff110
Event: 609.906 Thread 0x000002ba72172e50 DEOPT UNPACKING pc=0x000002ba1d7c4e42 sp=0x000000d338bfe5a0 mode 1
Event: 609.906 Thread 0x000002ba72172e50 DEOPT PACKING pc=0x000002ba1d94c01c sp=0x000000d338bff140
Event: 609.906 Thread 0x000002ba72172e50 DEOPT UNPACKING pc=0x000002ba1d7c4e42 sp=0x000000d338bfe640 mode 1

Classes loaded (20 events):
Event: 435.716 Loading class java/lang/SystemCustomizer
Event: 435.716 Loading class java/lang/SystemCustomizer done
Event: 435.717 Loading class java/lang/SystemCustomizer
Event: 435.717 Loading class java/lang/SystemCustomizer done
Event: 435.824 Loading class java/util/Collections$UnmodifiableRandomAccessListBeanInfo
Event: 435.824 Loading class java/util/Collections$UnmodifiableRandomAccessListBeanInfo done
Event: 435.825 Loading class java/util/Collections$UnmodifiableRandomAccessListBeanInfo
Event: 435.825 Loading class java/util/Collections$UnmodifiableRandomAccessListBeanInfo done
Event: 435.825 Loading class java/util/Collections$UnmodifiableListBeanInfo
Event: 435.825 Loading class java/util/Collections$UnmodifiableListBeanInfo done
Event: 435.826 Loading class java/util/Collections$UnmodifiableListBeanInfo
Event: 435.826 Loading class java/util/Collections$UnmodifiableListBeanInfo done
Event: 435.827 Loading class java/util/Collections$UnmodifiableListCustomizer
Event: 435.827 Loading class java/util/Collections$UnmodifiableListCustomizer done
Event: 435.828 Loading class java/util/Collections$UnmodifiableListCustomizer
Event: 435.828 Loading class java/util/Collections$UnmodifiableListCustomizer done
Event: 435.829 Loading class java/util/Collections$UnmodifiableRandomAccessListCustomizer
Event: 435.829 Loading class java/util/Collections$UnmodifiableRandomAccessListCustomizer done
Event: 435.830 Loading class java/util/Collections$UnmodifiableRandomAccessListCustomizer
Event: 435.830 Loading class java/util/Collections$UnmodifiableRandomAccessListCustomizer done

Classes unloaded (20 events):
Event: 578.575 Thread 0x000002ba28947270 Unloading class 0x000002ba2a158000 'jdk/internal/reflect/GeneratedSerializationConstructorAccessor41'
Event: 578.575 Thread 0x000002ba28947270 Unloading class 0x000002ba2a159000 'jdk/internal/reflect/GeneratedSerializationConstructorAccessor40'
Event: 578.575 Thread 0x000002ba28947270 Unloading class 0x000002ba2a159c00 'jdk/internal/reflect/GeneratedSerializationConstructorAccessor39'
Event: 578.575 Thread 0x000002ba28947270 Unloading class 0x000002ba2a15b000 'jdk/internal/reflect/GeneratedSerializationConstructorAccessor38'
Event: 578.575 Thread 0x000002ba28947270 Unloading class 0x000002ba2a180800 'java/lang/invoke/LambdaForm$MH+0x000002ba2a180800'
Event: 578.575 Thread 0x000002ba28947270 Unloading class 0x000002ba2a181800 'java/lang/invoke/LambdaForm$MH+0x000002ba2a181800'
Event: 578.575 Thread 0x000002ba28947270 Unloading class 0x000002ba2a188800 'java/lang/invoke/LambdaForm$MH+0x000002ba2a188800'
Event: 578.575 Thread 0x000002ba28947270 Unloading class 0x000002ba2a1b0800 'java/lang/invoke/LambdaForm$MH+0x000002ba2a1b0800'
Event: 578.575 Thread 0x000002ba28947270 Unloading class 0x000002ba2a1b1c00 'java/lang/invoke/LambdaForm$MH+0x000002ba2a1b1c00'
Event: 578.576 Thread 0x000002ba28947270 Unloading class 0x000002ba2a1d0400 'java/lang/invoke/LambdaForm$MH+0x000002ba2a1d0400'
Event: 578.576 Thread 0x000002ba28947270 Unloading class 0x000002ba2a1d1400 'java/lang/invoke/LambdaForm$MH+0x000002ba2a1d1400'
Event: 578.576 Thread 0x000002ba28947270 Unloading class 0x000002ba2a1d7c00 'java/lang/invoke/LambdaForm$MH+0x000002ba2a1d7c00'
Event: 578.576 Thread 0x000002ba28947270 Unloading class 0x000002ba2a1d8000 'java/lang/invoke/LambdaForm$MH+0x000002ba2a1d8000'
Event: 578.576 Thread 0x000002ba28947270 Unloading class 0x000002ba2a3b8000 'java/lang/invoke/LambdaForm$MH+0x000002ba2a3b8000'
Event: 578.576 Thread 0x000002ba28947270 Unloading class 0x000002ba2a471800 'java/lang/invoke/LambdaForm$MH+0x000002ba2a471800'
Event: 578.576 Thread 0x000002ba28947270 Unloading class 0x000002ba2a472400 'java/lang/invoke/LambdaForm$MH+0x000002ba2a472400'
Event: 578.576 Thread 0x000002ba28947270 Unloading class 0x000002ba2a480400 'java/lang/invoke/LambdaForm$MH+0x000002ba2a480400'
Event: 578.576 Thread 0x000002ba28947270 Unloading class 0x000002ba2a4c4000 'java/lang/invoke/LambdaForm$MH+0x000002ba2a4c4000'
Event: 578.576 Thread 0x000002ba28947270 Unloading class 0x000002ba2aba4000 'java/lang/invoke/LambdaForm$MH+0x000002ba2aba4000'
Event: 578.576 Thread 0x000002ba28947270 Unloading class 0x000002ba2abaa000 'java/lang/invoke/LambdaForm$DMH+0x000002ba2abaa000'

Classes redefined (0 events):
No events

Internal exceptions (20 events):
Event: 435.793 Thread 0x000002ba721755b0 Exception <a 'java/lang/ClassNotFoundException'{0x00000007089be410}: org/thymeleaf/standard/processor/StandardWithTagProcessorCustomizer> (0x00000007089be410) 
thrown [s\src\hotspot\share\classfile\systemDictionary.cpp, line 312]
Event: 435.796 Thread 0x000002ba721755b0 Exception <a 'java/lang/ClassNotFoundException'{0x00000007089dec80}: org/thymeleaf/engine/HTMLAttributeDefinitionBeanInfo> (0x00000007089dec80) 
thrown [s\src\hotspot\share\classfile\systemDictionary.cpp, line 312]
Event: 435.797 Thread 0x000002ba721755b0 Exception <a 'java/lang/ClassNotFoundException'{0x00000007089ec4d8}: org/thymeleaf/engine/AttributeDefinitionBeanInfo> (0x00000007089ec4d8) 
thrown [s\src\hotspot\share\classfile\systemDictionary.cpp, line 312]
Event: 435.798 Thread 0x000002ba721755b0 Exception <a 'java/lang/ClassNotFoundException'{0x00000007089f9de8}: org/thymeleaf/engine/AttributeDefinitionCustomizer> (0x00000007089f9de8) 
thrown [s\src\hotspot\share\classfile\systemDictionary.cpp, line 312]
Event: 435.802 Thread 0x000002ba721755b0 Exception <a 'java/lang/ClassNotFoundException'{0x000000070860d1c8}: org/thymeleaf/engine/HTMLAttributeDefinitionCustomizer> (0x000000070860d1c8) 
thrown [s\src\hotspot\share\classfile\systemDictionary.cpp, line 312]
Event: 435.807 Thread 0x000002ba721755b0 Exception <a 'java/lang/NoSuchMethodError'{0x000000070864b040}: 'java.lang.Object java.lang.invoke.DelegatingMethodHandle$Holder.delegate(java.lang.Object, java.lang.Object, java.lang.Object, int, java.lang.Object, java.lang.Object)'> (0x000000070864b040) 
thrown [s\src\hotspot\share\interpreter\linkResolver.cpp, line 773]
Event: 435.819 Thread 0x000002ba721755b0 Exception <a 'java/lang/ClassNotFoundException'{0x00000007086f7e30}: org/thymeleaf/engine/ElementModelStructureHandlerBeanInfo> (0x00000007086f7e30) 
thrown [s\src\hotspot\share\classfile\systemDictionary.cpp, line 312]
Event: 435.821 Thread 0x000002ba721755b0 Exception <a 'java/lang/ClassNotFoundException'{0x0000000708704a68}: org/thymeleaf/engine/ElementModelStructureHandlerCustomizer> (0x0000000708704a68) 
thrown [s\src\hotspot\share\classfile\systemDictionary.cpp, line 312]
Event: 435.822 Thread 0x000002ba721755b0 Exception <a 'java/lang/NoSuchMethodError'{0x0000000708714208}: 'void java.lang.invoke.DirectMethodHandle$Holder.invokeStatic(java.lang.Object, java.lang.Object, java.lang.Object, java.lang.Object, int)'> (0x0000000708714208) 
thrown [s\src\hotspot\share\interpreter\linkResolver.cpp, line 773]
Event: 435.822 Thread 0x000002ba721755b0 Exception <a 'java/lang/NoSuchMethodError'{0x00000007087180f0}: 'void java.lang.invoke.DelegatingMethodHandle$Holder.reinvoke_L(java.lang.Object, java.lang.Object, java.lang.Object, java.lang.Object, int)'> (0x00000007087180f0) 
thrown [s\src\hotspot\share\interpreter\linkResolver.cpp, line 773]
Event: 435.825 Thread 0x000002ba721755b0 Exception <a 'java/lang/ClassNotFoundException'{0x0000000708752640}: java/util/Collections$UnmodifiableRandomAccessListBeanInfo> (0x0000000708752640) 
thrown [s\src\hotspot\share\classfile\systemDictionary.cpp, line 312]
Event: 435.826 Thread 0x000002ba721755b0 Exception <a 'java/lang/ClassNotFoundException'{0x0000000708758b38}: java/util/Collections$UnmodifiableListBeanInfo> (0x0000000708758b38) 
thrown [s\src\hotspot\share\classfile\systemDictionary.cpp, line 312]
Event: 435.828 Thread 0x000002ba721755b0 Exception <a 'java/lang/ClassNotFoundException'{0x000000070875f058}: java/util/Collections$UnmodifiableListCustomizer> (0x000000070875f058) 
thrown [s\src\hotspot\share\classfile\systemDictionary.cpp, line 312]
Event: 435.830 Thread 0x000002ba721755b0 Exception <a 'java/lang/ClassNotFoundException'{0x00000007087a2280}: java/util/Collections$UnmodifiableRandomAccessListCustomizer> (0x00000007087a2280) 
thrown [s\src\hotspot\share\classfile\systemDictionary.cpp, line 312]
Event: 435.855 Thread 0x000002ba721755b0 Exception <a 'java/lang/ClassNotFoundException'{0x00000007084491e0}: org/thymeleaf/engine/ElementTagStructureHandlerBeanInfo> (0x00000007084491e0) 
thrown [s\src\hotspot\share\classfile\systemDictionary.cpp, line 312]
Event: 435.861 Thread 0x000002ba721755b0 Exception <a 'java/lang/ClassNotFoundException'{0x00000007084563a0}: org/thymeleaf/engine/ElementTagStructureHandlerCustomizer> (0x00000007084563a0) 
thrown [s\src\hotspot\share\classfile\systemDictionary.cpp, line 312]
Event: 435.863 Thread 0x000002ba721755b0 Exception <a 'java/lang/NoSuchMethodError'{0x000000070846a608}: 'void java.lang.invoke.DirectMethodHandle$Holder.invokeInterface(java.lang.Object, java.lang.Object, java.lang.Object, int)'> (0x000000070846a608) 
thrown [s\src\hotspot\share\interpreter\linkResolver.cpp, line 773]
Event: 435.863 Thread 0x000002ba721755b0 Exception <a 'java/lang/NoSuchMethodError'{0x000000070846e588}: 'void java.lang.invoke.DelegatingMethodHandle$Holder.reinvoke_L(java.lang.Object, java.lang.Object, java.lang.Object, int)'> (0x000000070846e588) 
thrown [s\src\hotspot\share\interpreter\linkResolver.cpp, line 773]
Event: 565.800 Thread 0x000002ba6f07b660 Exception <a 'java/lang/NoSuchMethodError'{0x00000007083a1a78}: static [B.<clinit>()V> (0x00000007083a1a78) 
thrown [s\src\hotspot\share\prims\jni.cpp, line 1111]
Event: 609.905 Thread 0x000002ba721734e0 Exception <a 'java/lang/InterruptedException'{0x000000070a86c888}: sleep interrupted> (0x000000070a86c888) 
thrown [s\src\hotspot\share\prims\jvm.cpp, line 3074]

ZGC Phase Switch (0 events):
No events

VM Operations (20 events):
Event: 464.405 Executing VM operation: Cleanup done
Event: 481.065 Executing VM operation: HandshakeAllThreads (HandshakeForDeflation)
Event: 481.065 Executing VM operation: HandshakeAllThreads (HandshakeForDeflation) done
Event: 481.065 Executing VM operation: RendezvousGCThreads
Event: 481.065 Executing VM operation: RendezvousGCThreads done
Event: 541.308 Executing VM operation: HandshakeAllThreads (HandshakeForDeflation)
Event: 541.308 Executing VM operation: HandshakeAllThreads (HandshakeForDeflation) done
Event: 541.308 Executing VM operation: RendezvousGCThreads
Event: 541.308 Executing VM operation: RendezvousGCThreads done
Event: 578.535 Executing VM operation: G1CollectForAllocation (G1 Evacuation Pause)
Event: 578.540 Executing VM operation: G1CollectForAllocation (G1 Evacuation Pause) done
Event: 578.575 Executing VM operation: G1PauseRemark
Event: 578.597 Executing VM operation: G1PauseRemark done
Event: 578.625 Executing VM operation: G1PauseCleanup
Event: 578.625 Executing VM operation: G1PauseCleanup done
Event: 601.371 Executing VM operation: HandshakeAllThreads (HandshakeForDeflation)
Event: 601.371 Executing VM operation: HandshakeAllThreads (HandshakeForDeflation) done
Event: 601.371 Executing VM operation: RendezvousGCThreads
Event: 601.371 Executing VM operation: RendezvousGCThreads done
Event: 609.906 Executing VM operation: G1CollectFull (System.gc())

Memory protections (0 events):
No events

Nmethod flushes (20 events):
Event: 578.596 Thread 0x000002ba28947270 flushing  nmethod 0x000002ba1e33b890
Event: 578.596 Thread 0x000002ba28947270 flushing  nmethod 0x000002ba1e5f5b10
Event: 578.596 Thread 0x000002ba28947270 flushing  nmethod 0x000002ba1e6c6310
Event: 578.596 Thread 0x000002ba28947270 flushing  nmethod 0x000002ba1e6c9b10
Event: 578.596 Thread 0x000002ba28947270 flushing  nmethod 0x000002ba1e6e3110
Event: 578.596 Thread 0x000002ba28947270 flushing  nmethod 0x000002ba1e6e4290
Event: 578.596 Thread 0x000002ba28947270 flushing  nmethod 0x000002ba1e6e5110
Event: 578.596 Thread 0x000002ba28947270 flushing  nmethod 0x000002ba1e6f6710
Event: 578.596 Thread 0x000002ba28947270 flushing  nmethod 0x000002ba1e6f7410
Event: 578.596 Thread 0x000002ba28947270 flushing  nmethod 0x000002ba1e6f7890
Event: 578.596 Thread 0x000002ba28947270 flushing  nmethod 0x000002ba1e6fca90
Event: 578.596 Thread 0x000002ba28947270 flushing  nmethod 0x000002ba1e707f10
Event: 578.596 Thread 0x000002ba28947270 flushing  nmethod 0x000002ba1e708290
Event: 578.596 Thread 0x000002ba28947270 flushing  nmethod 0x000002ba1e708910
Event: 578.596 Thread 0x000002ba28947270 flushing  nmethod 0x000002ba1e708c10
Event: 578.596 Thread 0x000002ba28947270 flushing  nmethod 0x000002ba1e709010
Event: 578.596 Thread 0x000002ba28947270 flushing  nmethod 0x000002ba1e709310
Event: 578.596 Thread 0x000002ba28947270 flushing  nmethod 0x000002ba1e914f90
Event: 578.596 Thread 0x000002ba28947270 flushing  nmethod 0x000002ba1e915710
Event: 578.596 Thread 0x000002ba28947270 flushing  nmethod 0x000002ba1ea37010

Events (20 events):
Event: 609.895 Thread 0x000002ba6f07afd0 Thread exited: 0x000002ba6f07afd0
Event: 609.895 Thread 0x000002ba72170060 Thread exited: 0x000002ba72170060
Event: 609.895 Thread 0x000002ba6f07a940 Thread exited: 0x000002ba6f07a940
Event: 609.896 Thread 0x000002ba72176ff0 Thread exited: 0x000002ba72176ff0
Event: 609.896 Thread 0x000002ba72177680 Thread exited: 0x000002ba72177680
Event: 609.896 Thread 0x000002ba72173b70 Thread exited: 0x000002ba72173b70
Event: 609.897 Thread 0x000002ba72174200 Thread exited: 0x000002ba72174200
Event: 609.897 Thread 0x000002ba6f07d0a0 Thread exited: 0x000002ba6f07d0a0
Event: 609.897 Thread 0x000002ba721755b0 Thread exited: 0x000002ba721755b0
Event: 609.897 Thread 0x000002ba72174890 Thread exited: 0x000002ba72174890
Event: 609.897 Thread 0x000002ba72175c40 Thread exited: 0x000002ba72175c40
Event: 609.897 Thread 0x000002ba6f07ca10 Thread exited: 0x000002ba6f07ca10
Event: 609.897 Thread 0x000002ba72176960 Thread exited: 0x000002ba72176960
Event: 609.897 Thread 0x000002ba6f07d730 Thread exited: 0x000002ba6f07d730
Event: 609.901 Thread 0x000002ba72171aa0 Thread added: 0x000002ba72170060
Event: 609.901 Thread 0x000002ba72170d80 Thread exited: 0x000002ba72170d80
Event: 609.901 Thread 0x000002ba72170060 Thread exited: 0x000002ba72170060
Event: 609.905 Thread 0x000002ba721734e0 Thread exited: 0x000002ba721734e0
Event: 609.905 Thread 0x000002ba72171410 Thread exited: 0x000002ba72171410
Event: 609.906 Thread 0x000002ba72172e50 Thread exited: 0x000002ba72172e50


Dynamic libraries:
0x00007ff7c5030000 - 0x00007ff7c503e000 	D:\project\dev_boot_project\sts-4.32.0.RELEASE\plugins\org.eclipse.justj.openjdk.hotspot.jre.full.win32.x86_64_21.0.8.v20250724-1412\jre\bin\javaw.exe
0x00007ffb62a00000 - 0x00007ffb62c67000 	C:\WINDOWS\SYSTEM32\ntdll.dll
0x00007ffb61500000 - 0x00007ffb615c9000 	C:\WINDOWS\System32\KERNEL32.DLL
0x00007ffb5ff80000 - 0x00007ffb6036f000 	C:\WINDOWS\System32\KERNELBASE.dll
0x00007ffb5fd80000 - 0x00007ffb5fecb000 	C:\WINDOWS\System32\ucrtbase.dll
0x00007ffb59080000 - 0x00007ffb5909e000 	D:\project\dev_boot_project\sts-4.32.0.RELEASE\plugins\org.eclipse.justj.openjdk.hotspot.jre.full.win32.x86_64_21.0.8.v20250724-1412\jre\bin\VCRUNTIME140.dll
0x00007ffb590a0000 - 0x00007ffb590b8000 	D:\project\dev_boot_project\sts-4.32.0.RELEASE\plugins\org.eclipse.justj.openjdk.hotspot.jre.full.win32.x86_64_21.0.8.v20250724-1412\jre\bin\jli.dll
0x00007ffb616d0000 - 0x00007ffb61895000 	C:\WINDOWS\System32\USER32.dll
0x00007ffb604b0000 - 0x00007ffb604d7000 	C:\WINDOWS\System32\win32u.dll
0x00007ffb62990000 - 0x00007ffb629bb000 	C:\WINDOWS\System32\GDI32.dll
0x00007ffb60380000 - 0x00007ffb604ac000 	C:\WINDOWS\System32\gdi32full.dll
0x00007ffb606f0000 - 0x00007ffb60793000 	C:\WINDOWS\System32\msvcp_win.dll
0x00007ffb51660000 - 0x00007ffb518f3000 	C:\WINDOWS\WinSxS\amd64_microsoft.windows.common-controls_6595b64144ccf1df_6.0.26100.7309_none_3e05feeae336a044\COMCTL32.dll
0x00007ffb61ab0000 - 0x00007ffb61b59000 	C:\WINDOWS\System32\msvcrt.dll
0x00007ffb614c0000 - 0x00007ffb614f1000 	C:\WINDOWS\System32\IMM32.DLL
0x00007ffb5a570000 - 0x00007ffb5a57c000 	D:\project\dev_boot_project\sts-4.32.0.RELEASE\plugins\org.eclipse.justj.openjdk.hotspot.jre.full.win32.x86_64_21.0.8.v20250724-1412\jre\bin\vcruntime140_1.dll
0x00007ffb3cd30000 - 0x00007ffb3cdbd000 	D:\project\dev_boot_project\sts-4.32.0.RELEASE\plugins\org.eclipse.justj.openjdk.hotspot.jre.full.win32.x86_64_21.0.8.v20250724-1412\jre\bin\msvcp140.dll
0x00007ffb031e0000 - 0x00007ffb03f77000 	D:\project\dev_boot_project\sts-4.32.0.RELEASE\plugins\org.eclipse.justj.openjdk.hotspot.jre.full.win32.x86_64_21.0.8.v20250724-1412\jre\bin\server\jvm.dll
0x00007ffb61380000 - 0x00007ffb61434000 	C:\WINDOWS\System32\ADVAPI32.dll
0x00007ffb611b0000 - 0x00007ffb61256000 	C:\WINDOWS\System32\sechost.dll
0x00007ffb61260000 - 0x00007ffb61378000 	C:\WINDOWS\System32\RPCRT4.dll
0x00007ffb60990000 - 0x00007ffb60a04000 	C:\WINDOWS\System32\WS2_32.dll
0x00007ffb5f9b0000 - 0x00007ffb5fa0e000 	C:\WINDOWS\SYSTEM32\POWRPROF.dll
0x00007ffb577e0000 - 0x00007ffb577eb000 	C:\WINDOWS\SYSTEM32\VERSION.dll
0x00007ffb51910000 - 0x00007ffb51945000 	C:\WINDOWS\SYSTEM32\WINMM.dll
0x00007ffb5f990000 - 0x00007ffb5f9a4000 	C:\WINDOWS\SYSTEM32\UMPDC.dll
0x00007ffb5e900000 - 0x00007ffb5e91b000 	C:\WINDOWS\SYSTEM32\kernel.appcore.dll
0x00007ffb55490000 - 0x00007ffb5549a000 	D:\project\dev_boot_project\sts-4.32.0.RELEASE\plugins\org.eclipse.justj.openjdk.hotspot.jre.full.win32.x86_64_21.0.8.v20250724-1412\jre\bin\jimage.dll
0x00007ffb5d2c0000 - 0x00007ffb5d502000 	C:\WINDOWS\SYSTEM32\DBGHELP.DLL
0x00007ffb60e20000 - 0x00007ffb611a6000 	C:\WINDOWS\System32\combase.dll
0x00007ffb60d30000 - 0x00007ffb60e06000 	C:\WINDOWS\System32\OLEAUT32.dll
0x00007ffb5d280000 - 0x00007ffb5d2bc000 	C:\WINDOWS\SYSTEM32\dbgcore.DLL
0x00007ffb5fed0000 - 0x00007ffb5ff75000 	C:\WINDOWS\System32\bcryptPrimitives.dll
0x00007ffb4fef0000 - 0x00007ffb4ff2c000 	D:\project\dev_boot_project\sts-4.32.0.RELEASE\plugins\org.eclipse.justj.openjdk.hotspot.jre.full.win32.x86_64_21.0.8.v20250724-1412\jre\bin\jdwp.dll
0x00007ffb57a20000 - 0x00007ffb57a2f000 	D:\project\dev_boot_project\sts-4.32.0.RELEASE\plugins\org.eclipse.justj.openjdk.hotspot.jre.full.win32.x86_64_21.0.8.v20250724-1412\jre\bin\instrument.dll
0x00007ffb55470000 - 0x00007ffb5548f000 	D:\project\dev_boot_project\sts-4.32.0.RELEASE\plugins\org.eclipse.justj.openjdk.hotspot.jre.full.win32.x86_64_21.0.8.v20250724-1412\jre\bin\java.dll
0x00007ffb62230000 - 0x00007ffb62983000 	C:\WINDOWS\System32\SHELL32.dll
0x00007ffb5fb50000 - 0x00007ffb5fcba000 	C:\WINDOWS\System32\wintypes.dll
0x00007ffb5d790000 - 0x00007ffb5dfee000 	C:\WINDOWS\SYSTEM32\windows.storage.dll
0x00007ffb60c30000 - 0x00007ffb60d25000 	C:\WINDOWS\System32\SHCORE.dll
0x00007ffb61660000 - 0x00007ffb616c6000 	C:\WINDOWS\System32\shlwapi.dll
0x00007ffb5fa70000 - 0x00007ffb5fa99000 	C:\WINDOWS\SYSTEM32\profapi.dll
0x00007ffb55450000 - 0x00007ffb55468000 	D:\project\dev_boot_project\sts-4.32.0.RELEASE\plugins\org.eclipse.justj.openjdk.hotspot.jre.full.win32.x86_64_21.0.8.v20250724-1412\jre\bin\zip.dll
0x00007ffb579c0000 - 0x00007ffb579cb000 	D:\project\dev_boot_project\sts-4.32.0.RELEASE\plugins\org.eclipse.justj.openjdk.hotspot.jre.full.win32.x86_64_21.0.8.v20250724-1412\jre\bin\dt_socket.dll
0x00007ffb5e310000 - 0x00007ffb5e344000 	C:\WINDOWS\SYSTEM32\IPHLPAPI.DLL
0x00007ffb5ee70000 - 0x00007ffb5eedb000 	C:\WINDOWS\system32\mswsock.dll
0x00007ffb5e3a0000 - 0x00007ffb5e4cc000 	C:\WINDOWS\SYSTEM32\DNSAPI.dll
0x00007ffb60c20000 - 0x00007ffb60c2a000 	C:\WINDOWS\System32\NSI.dll
0x00007ffb53b60000 - 0x00007ffb53b6b000 	C:\Windows\System32\rasadhlp.dll
0x00007ffb562f0000 - 0x00007ffb56376000 	C:\WINDOWS\System32\fwpuclnt.dll
0x00007ffb55440000 - 0x00007ffb55450000 	D:\project\dev_boot_project\sts-4.32.0.RELEASE\plugins\org.eclipse.justj.openjdk.hotspot.jre.full.win32.x86_64_21.0.8.v20250724-1412\jre\bin\net.dll
0x00007ffb5ce90000 - 0x00007ffb5cfb8000 	C:\WINDOWS\SYSTEM32\WINHTTP.dll
0x00007ffb55420000 - 0x00007ffb55436000 	D:\project\dev_boot_project\sts-4.32.0.RELEASE\plugins\org.eclipse.justj.openjdk.hotspot.jre.full.win32.x86_64_21.0.8.v20250724-1412\jre\bin\nio.dll
0x00007ffb590f0000 - 0x00007ffb590fa000 	D:\project\dev_boot_project\sts-4.32.0.RELEASE\plugins\org.eclipse.justj.openjdk.hotspot.jre.full.win32.x86_64_21.0.8.v20250724-1412\jre\bin\management.dll
0x00007ffb57d50000 - 0x00007ffb57d5b000 	D:\project\dev_boot_project\sts-4.32.0.RELEASE\plugins\org.eclipse.justj.openjdk.hotspot.jre.full.win32.x86_64_21.0.8.v20250724-1412\jre\bin\management_ext.dll
0x00007ffb60e10000 - 0x00007ffb60e18000 	C:\WINDOWS\System32\PSAPI.DLL
0x00007ffb4e6f0000 - 0x00007ffb4e708000 	C:\WINDOWS\system32\napinsp.dll
0x00007ffb4e590000 - 0x00007ffb4e5a2000 	C:\WINDOWS\System32\winrnr.dll
0x00007ffb4e560000 - 0x00007ffb4e582000 	C:\WINDOWS\system32\nlansp_c.dll
0x00007ffb56b90000 - 0x00007ffb56ba6000 	C:\WINDOWS\system32\wshbth.dll
0x00007ffb50440000 - 0x00007ffb50450000 	D:\project\dev_boot_project\sts-4.32.0.RELEASE\plugins\org.eclipse.justj.openjdk.hotspot.jre.full.win32.x86_64_21.0.8.v20250724-1412\jre\bin\verify.dll
0x00007ffb5f130000 - 0x00007ffb5f14b000 	C:\WINDOWS\SYSTEM32\CRYPTSP.dll
0x00007ffb5e860000 - 0x00007ffb5e89a000 	C:\WINDOWS\system32\rsaenh.dll
0x00007ffb5ef20000 - 0x00007ffb5ef4b000 	C:\WINDOWS\SYSTEM32\USERENV.dll
0x00007ffb5fa40000 - 0x00007ffb5fa6a000 	C:\WINDOWS\SYSTEM32\bcrypt.dll
0x00007ffb5f950000 - 0x00007ffb5f95c000 	C:\WINDOWS\SYSTEM32\CRYPTBASE.dll
0x00007ffb54290000 - 0x00007ffb54299000 	D:\project\dev_boot_project\sts-4.32.0.RELEASE\plugins\org.eclipse.justj.openjdk.hotspot.jre.full.win32.x86_64_21.0.8.v20250724-1412\jre\bin\extnet.dll
0x00007ffb3e3a0000 - 0x00007ffb3e3ae000 	D:\project\dev_boot_project\sts-4.32.0.RELEASE\plugins\org.eclipse.justj.openjdk.hotspot.jre.full.win32.x86_64_21.0.8.v20250724-1412\jre\bin\sunmscapi.dll
0x00007ffb604e0000 - 0x00007ffb60657000 	C:\WINDOWS\System32\CRYPT32.dll
0x00007ffb5f340000 - 0x00007ffb5f370000 	C:\WINDOWS\SYSTEM32\ncrypt.dll
0x00007ffb5f2f0000 - 0x00007ffb5f32f000 	C:\WINDOWS\SYSTEM32\NTASN1.dll
0x00007ffb57a50000 - 0x00007ffb57a58000 	C:\WINDOWS\system32\wshunix.dll

JVMTI agents:
jdwp path:D:\project\dev_boot_project\sts-4.32.0.RELEASE\plugins\org.eclipse.justj.openjdk.hotspot.jre.full.win32.x86_64_21.0.8.v20250724-1412\jre\bin\jdwp.dll, loaded, initialized, options:transport=dt_socket,suspend=y,address=localhost:65263
D:\project\dev_boot_project\sts-4.32.0.RELEASE\configuration\org.eclipse.osgi\272\0\.cp\lib\javaagent-shaded.jar path:D:\project\dev_boot_project\sts-4.32.0.RELEASE\plugins\org.eclipse.justj.openjdk.hotspot.jre.full.win32.x86_64_21.0.8.v20250724-1412\jre\bin\instrument.dll, loaded, initialized, instrumentlib options:none

dbghelp: loaded successfully - version: 4.0.5 - missing functions: none
symbol engine: initialized successfully - sym options: 0x614 - pdb path: .;D:\project\dev_boot_project\sts-4.32.0.RELEASE\plugins\org.eclipse.justj.openjdk.hotspot.jre.full.win32.x86_64_21.0.8.v20250724-1412\jre\bin;C:\WINDOWS\SYSTEM32;C:\WINDOWS\WinSxS\amd64_microsoft.windows.common-controls_6595b64144ccf1df_6.0.26100.7309_none_3e05feeae336a044;D:\project\dev_boot_project\sts-4.32.0.RELEASE\plugins\org.eclipse.justj.openjdk.hotspot.jre.full.win32.x86_64_21.0.8.v20250724-1412\jre\bin\server

VM Arguments:
jvm_args: -XX:+ShowCodeDetailsInExceptionMessages -agentlib:jdwp=transport=dt_socket,suspend=y,address=localhost:65263 -Dcom.sun.management.jmxremote -Dcom.sun.management.jmxremote.port=65262 -Dcom.sun.management.jmxremote.authenticate=false -Dcom.sun.management.jmxremote.ssl=false -Djava.rmi.server.hostname=localhost -Dspring.jmx.enabled=true -Dmanagement.endpoints.jmx.exposure.include=* -Dspring.application.admin.enabled=true -Dspring.profiles.active=local -Dspring.output.ansi.enabled=always -XX:TieredStopAtLevel=1 -Dspring.boot.project.name=MyBaseLinkV2 -javaagent:D:\project\dev_boot_project\sts-4.32.0.RELEASE\configuration\org.eclipse.osgi\272\0\.cp\lib\javaagent-shaded.jar -Dfile.encoding=UTF-8 -Dstdout.encoding=UTF-8 -Dstderr.encoding=UTF-8 
java_command: com.mybaselinkV2.app.MyBaseLinkV2Application
java_class_path (initial): D:\project\dev_boot_project\workspace\MyBaseLinkV2\target\classes;C:\Users\dragon\.m2\repository\org\springframework\boot\spring-boot-starter-web\3.5.6\spring-boot-starter-web-3.5.6.jar;C:\Users\dragon\.m2\repository\org\springframework\boot\spring-boot-starter\3.5.6\spring-boot-starter-3.5.6.jar;C:\Users\dragon\.m2\repository\org\springframework\boot\spring-boot-starter-logging\3.5.6\spring-boot-starter-logging-3.5.6.jar;C:\Users\dragon\.m2\repository\ch\qos\logback\logback-classic\1.5.18\logback-classic-1.5.18.jar;C:\Users\dragon\.m2\repository\ch\qos\logback\logback-core\1.5.18\logback-core-1.5.18.jar;C:\Users\dragon\.m2\repository\org\apache\logging\log4j\log4j-to-slf4j\2.24.3\log4j-to-slf4j-2.24.3.jar;C:\Users\dragon\.m2\repository\org\slf4j\jul-to-slf4j\2.0.17\jul-to-slf4j-2.0.17.jar;C:\Users\dragon\.m2\repository\org\yaml\snakeyaml\2.4\snakeyaml-2.4.jar;C:\Users\dragon\.m2\repository\org\springframework\boot\spring-boot-starter-json\3.5.6\spring-boot-starter-json-3.5.6.jar;C:\Users\dragon\.m2\repository\com\fasterxml\jackson\datatype\jackson-datatype-jsr310\2.19.2\jackson-datatype-jsr310-2.19.2.jar;C:\Users\dragon\.m2\repository\com\fasterxml\jackson\module\jackson-module-parameter-names\2.19.2\jackson-module-parameter-names-2.19.2.jar;C:\Users\dragon\.m2\repository\org\springframework\spring-web\6.2.11\spring-web-6.2.11.jar;C:\Users\dragon\.m2\repository\org\springframework\spring-beans\6.2.11\spring-beans-6.2.11.jar;C:\Users\dragon\.m2\repository\io\micrometer\micrometer-observation\1.15.4\micrometer-observation-1.15.4.jar;C:\Users\dragon\.m2\repository\io\micrometer\micrometer-commons\1.15.4\micrometer-commons-1.15.4.jar;C:\Users\dragon\.m2\repository\org\springframework\spring-webmvc\6.2.11\spring-webmvc-6.2.11.jar;C:\Users\dragon\.m2\repository\org\springframework\spring-context\6.2.11\spring-context-6.2.11.jar;C:\Users\dragon\.m2\repository\org\springframework\spring-expression\6.2.11\spring-expression-6.2.11.jar;C:\Users\dragon\.m2\repository\org\springframework\boot\spring-boot-starter-tomcat\3.5.6\spring-boot-starter-tomcat-3.5.6.jar;C:\Users\dragon\.m2\repository\jakarta\annotation\jakarta.annotation-api\2.1.1\jakarta.annotation-api-2.1.1.jar;C:\Users\dragon\.m2\repository\org\apache\tomcat\embed\tomcat-embed-core\10.1.46\tomcat-embed-core-10.1.46.jar;C:\Users\dragon\.m2\repository\org\apache\tomcat\embed\tomcat-embed-el\10.1.46\tomcat-embed-el-10.1.46.jar;C:\Users\dragon\.m2\repository\org\apache\tomcat\embed\tomcat-embed-websocket\10.1.46\tomcat-embed-websocket-10.1.46.jar;C:\Users\dragon\.m2\repository\org\springframework\boot\spring-boot-starter-security\3.5.6\spring-boot-starter-security-3.5.6.jar;C:\Users\dragon\.m2\repository\org\springframework\spring-aop\6.2.11\spring-aop-6.2.11.jar;C:\Users\dragon\.m2\repository\org\springframework\security\spring-security-config\6.5.5\spring-security-config-6.5.5.jar;C:\Users\dragon\.m2\repository\org\springframework\security\spring-security-core\6.5.5\spring-security-core-6.5.5.jar;C:\Users\dragon\.m2\repository\org\springframework\security\spring-security-crypto\6.5.5\spring-security-crypto-6.5.5.jar;C:\Users\dragon\.m2\repository\org\springframework\security\spring-security-web\6.5.5\spring-security-web-6.5.5.jar;C:\Users\dragon\.m2\repository\io\jsonwebtoken\jjwt-api\0.11.5\jjwt-api-0.11.5.jar;C:\Users\dragon\.m2\repository\io\jsonwebtoken\jjwt-impl\0.11.5\jjwt-impl-0.11.5.jar;C:\Users\dragon\.m2\repository\io\jsonwebtoken\jjwt-jackson\0.11.5\jjwt-jackson-0.11.5.jar;C:\Users\dragon\.m2\repository\com\fasterxml\jackson\core\jackson-databind\2.19.2\jackson-databind-2.19.2.jar;C:\Users\dragon\.m2\repository\com\fasterxml\jackson\core\jackson-annotations\2.19.2\jackson-annotations-2.19.2.jar;C:\Users\dragon\.m2\repository\com\fasterxml\jackson\core\jackson-core\2.19.2\jackson-core-2.19.2.jar;C:\Users\dragon\.m2\repository\org\springframework\boot\spring-boot-starter-thymeleaf\3.5.6\spring-boot-starter-thymeleaf-3.5.6.jar;C:\Users\dragon\.m2\repository\org\thymeleaf\thymeleaf-spring6\3.1.3.RELEASE\thymeleaf-spring6-3.1.3.RELEASE.jar;C:\Users\dragon\.m2\repository\nz\net\ultraq\thymeleaf\thymeleaf-layout-dialect\3.4.0\thymeleaf-layout-dialect-3.4.0.jar;C:\Users\dragon\.m2\repository\org\apache\groovy\groovy\4.0.28\groovy-4.0.28.jar;C:\Users\dragon\.m2\repository\nz\net\ultraq\groovy\groovy-extensions\2.3.3\groovy-extensions-2.3.3.jar;C:\Users\dragon\.m2\repository\nz\net\ultraq\thymeleaf\thymeleaf-expression-processor\3.2.0\thymeleaf-expression-processor-3.2.0.jar;C:\Users\dragon\.m2\repository\org\thymeleaf\thymeleaf\3.1.3.RELEASE\thymeleaf-3.1.3.RELEASE.jar;C:\Users\dragon\.m2\repository\ognl\ognl\3.3.4\ognl-3.3.4.jar;C:\Users\dragon\.m2\repository\org\javassist\javassist\3.29.0-GA\javassist-3.29.0-GA.jar;C:\Users\dragon\.m2\repository\org\attoparser\attoparser\2.0.7.RELEASE\attoparser-2.0.7.RELEASE.jar;C:\Users\dragon\.m2\repository\org\unbescape\unbescape\1.1.6.RELEASE\unbescape-1.1.6.RELEASE.jar;C:\Users\dragon\.m2\repository\org\slf4j\slf4j-api\2.0.17\slf4j-api-2.0.17.jar;C:\Users\dragon\.m2\repository\org\springframework\boot\spring-boot-starter-data-jpa\3.5.6\spring-boot-starter-data-jpa-3.5.6.jar;C:\Users\dragon\.m2\repository\org\springframework\boot\spring-boot-starter-jdbc\3.5.6\spring-boot-starter-jdbc-3.5.6.jar;C:\Users\dragon\.m2\repository\com\zaxxer\HikariCP\6.3.3\HikariCP-6.3.3.jar;C:\Users\dragon\.m2\repository\org\springframework\spring-jdbc\6.2.11\spring-jdbc-6.2.11.jar;C:\Users\dragon\.m2\repository\org\hibernate\orm\hibernate-core\6.6.29.Final\hibernate-core-6.6.29.Final.jar;C:\Users\dragon\.m2\repository\jakarta\persistence\jakarta.persistence-api\3.1.0\jakarta.persistence-api-3.1.0.jar;C:\Users\dragon\.m2\repository\jakarta\transaction\jakarta.transaction-api\2.0.1\jakarta.transaction-api-2.0.1.jar;C:\Users\dragon\.m2\repository\org\jboss\logging\jboss-logging\3.6.1.Final\jboss-logging-3.6.1.Final.jar;C:\Users\dragon\.m2\repository\org\hibernate\common\hibernate-commons-annotations\7.0.3.Final\hibernate-commons-annotations-7.0.3.Final.jar;C:\Users\dragon\.m2\repository\io\smallrye\jandex\3.2.0\jandex-3.2.0.jar;C:\Users\dragon\.m2\repository\com\fasterxml\classmate\1.7.0\classmate-1.7.0.jar;C:\Users\dragon\.m2\repository\net\bytebuddy\byte-buddy\1.17.7\byte-buddy-1.17.7.jar;C:\Users\dragon\.m2\repository\org\glassfish\jaxb\jaxb-runtime\4.0.5\jaxb-runtime-4.0.5.jar;C:\Users\dragon\.m2\repository\org\glassfish\jaxb\jaxb-core\4.0.5\jaxb-core-4.0.5.jar;C:\Users\dragon\.m2\repository\org\eclipse\angus\angus-activation\2.0.2\angus-activation-2.0.2.jar;C:\Users\dragon\.m2\repository\org\glassfish\jaxb\txw2\4.0.5\txw2-4.0.5.jar;C:\Users\dragon\.m2\repository\com\sun\istack\istack-commons-runtime\4.1.2\istack-commons-runtime-4.1.2.jar;C:\Users\dragon\.m2\repository\jakarta\inject\jakarta.inject-api\2.0.1\jakarta.inject-api-2.0.1.jar;C:\Users\dragon\.m2\repository\org\antlr\antlr4-runtime\4.13.0\antlr4-runtime-4.13.0.jar;C:\Users\dragon\.m2\repository\org\springframework\data\spring-data-jpa\3.5.4\spring-data-jpa-3.5.4.jar;C:\Users\dragon\.m2\repository\org\springframework\data\spring-data-commons\3.5.4\spring-data-commons-3.5.4.jar;C:\Users\dragon\.m2\repository\org\springframework\spring-orm\6.2.11\spring-orm-6.2.11.jar;C:\Users\dragon\.m2\repository\org\springframework\spring-tx\6.2.11\spring-tx-6.2.11.jar;C:\Users\dragon\.m2\repository\org\springframework\spring-aspects\6.2.11\spring-aspects-6.2.11.jar;C:\Users\dragon\.m2\repository\org\aspectj\aspectjweaver\1.9.24\aspectjweaver-1.9.24.jar;C:\Users\dragon\.m2\repository\org\postgresql\postgresql\42.7.3\postgresql-42.7.3.jar;C:\Users\dragon\.m2\repository\org\checkerframework\checker-qual\3.42.0\checker-qual-3.42.0.jar;C:\Users\dragon\.m2\repository\org\springframework\boot\spring-boot-starter-validation\3.5.6\spring-boot-starter-validation-3.5.6.jar;C:\Users\dragon\.m2\repository\org\hibernate\validator\hibernate-validator\8.0.3.Final\hibernate-validator-8.0.3.Final.jar;C:\Users\dragon\.m2\repository\jakarta\validation\jakarta.validation-api\3.0.2\jakarta.validation-api-3.0.2.jar;C:\Users\dragon\.m2\repository\org\apache\poi\poi-ooxml\5.3.0\poi-ooxml-5.3.0.jar;C:\Users\dragon\.m2\repository\org\apache\poi\poi\5.3.0\poi-5.3.0.jar;C:\Users\dragon\.m2\repository\com\zaxxer\SparseBitSet\1.3\SparseBitSet-1.3.jar;C:\Users\dragon\.m2\repository\org\apache\poi\poi-ooxml-lite\5.3.0\poi-ooxml-lite-5.3.0.jar;C:\Users\dragon\.m2\repository\org\apache\xmlbeans\xmlbeans\5.2.1\xmlbeans-5.2.1.jar;C:\Users\dragon\.m2\repository\org\apache\commons\commons-compress\1.26.2\commons-compress-1.26.2.jar;C:\Users\dragon\.m2\repository\commons-io\commons-io\2.16.1\commons-io-2.16.1.jar;C:\Users\dragon\.m2\repository\com\github\virtuald\curvesapi\1.08\curvesapi-1.08.jar;C:\Users\dragon\.m2\repository\org\apache\logging\log4j\log4j-api\2.24.3\log4j-api-2.24.3.jar;C:\Users\dragon\.m2\repository\org\apache\commons\commons-collections4\4.4\commons-collections4-4.4.jar;C:\Users\dragon\.m2\repository\org\json\json\20231013\json-20231013.jar;C:\Users\dragon\.m2\repository\org\springframework\boot\spring-boot-starter-cache\3.5.6\spring-boot-starter-cache-3.5.6.jar;C:\Users\dragon\.m2\repository\org\springframework\spring-context-support\6.2.11\spring-context-support-6.2.11.jar;C:\Users\dragon\.m2\repository\com\github\ben-manes\caffeine\caffeine\3.2.2\caffeine-3.2.2.jar;C:\Users\dragon\.m2\repository\org\jspecify\jspecify\1.0.0\jspecify-1.0.0.jar;C:\Users\dragon\.m2\repository\com\google\errorprone\error_prone_annotations\2.40.0\error_prone_annotations-2.40.0.jar;C:\Users\dragon\.m2\repository\org\apache\parquet\parquet-avro\1.14.1\parquet-avro-1.14.1.jar;C:\Users\dragon\.m2\repository\org\apache\parquet\parquet-column\1.14.1\parquet-column-1.14.1.jar;C:\Users\dragon\.m2\repository\org\apache\parquet\parquet-encoding\1.14.1\parquet-encoding-1.14.1.jar;C:\Users\dragon\.m2\repository\org\apache\parquet\parquet-common\1.14.1\parquet-common-1.14.1.jar;C:\Users\dragon\.m2\repository\org\apache\avro\avro\1.11.3\avro-1.11.3.jar;C:\Users\dragon\.m2\repository\org\apache\parquet\parquet-hadoop\1.14.1\parquet-hadoop-1.14.1.jar;C:\Users\dragon\.m2\repository\org\apache\parquet\parquet-format-structures\1.14.1\parquet-format-structures-1.14.1.jar;C:\Users\dragon\.m2\repository\javax\annotation\javax.annotation-api\1.3.2\javax.annotation-api-1.3.2.jar;C:\Users\dragon\.m2\repository\org\apache\parquet\parquet-jackson\1.14.1\parquet-jackson-1.14.1.jar;C:\Users\dragon\.m2\repository\com\fasterxml\jackson\datatype\jackson-datatype-jdk8\2.19.2\jackson-datatype-jdk8-2.19.2.jar;C:\Users\dragon\.m2\repository\org\xerial\snappy\snappy-java\1.1.10.5\snappy-java-1.1.10.5.jar;C:\Users\dragon\.m2\repository\io\airlift\aircompressor\0.27\aircompressor-0.27.jar;C:\Users\dragon\.m2\repository\commons-pool\commons-pool\1.6\commons-pool-1.6.jar;C:\Users\dragon\.m2\repository\com\github\luben\zstd-jni\1.5.6-2\zstd-jni-1.5.6-2.jar;C:\Users\dragon\.m2\repository\org\apache\hadoop\hadoop-common\3.4.1\hadoop-common-3.4.1.jar;C:\Users\dragon\.m2\repository\org\apache\hadoop\thirdparty\hadoop-shaded-protobuf_3_25\1.3.0\hadoop-shaded-protobuf_3_25-1.3.0.jar;C:\Users\dragon\.m2\repository\org\apache\hadoop\hadoop-annotations\3.4.1\hadoop-annotations-3.4.1.jar;C:\Users\dragon\.m2\repository\org\apache\hadoop\thirdparty\hadoop-shaded-guava\1.3.0\hadoop-shaded-guava-1.3.0.jar;C:\Users\dragon\.m2\repository\com\google\guava\guava\27.0-jre\guava-27.0-jre.jar;C:\Users\dragon\.m2\repository\com\google\guava\failureaccess\1.0\failureaccess-1.0.jar;C:\Users\dragon\.m2\repository\com\google\guava\listenablefuture\9999.0-empty-to-avoid-conflict-with-guava\listenablefuture-9999.0-empty-to-avoid-conflict-with-guava.jar;C:\Users\dragon\.m2\repository\com\google\j2objc\j2objc-annotations\1.1\j2objc-annotations-1.1.jar;C:\Users\dragon\.m2\repository\org\codehaus\mojo\animal-sniffer-annotations\1.17\animal-sniffer-annotations-1.17.jar;C:\Users\dragon\.m2\repository\commons-cli\commons-cli\1.5.0\commons-cli-1.5.0.jar;C:\Users\dragon\.m2\repository\org\apache\commons\commons-math3\3.6.1\commons-math3-3.6.1.jar;C:\Users\dragon\.m2\repository\org\apache\httpcomponents\httpclient\4.5.13\httpclient-4.5.13.jar;C:\Users\dragon\.m2\repository\org\apache\httpcomponents\httpcore\4.4.16\httpcore-4.4.16.jar;C:\Users\dragon\.m2\repository\commons-codec\commons-codec\1.18.0\commons-codec-1.18.0.jar;C:\Users\dragon\.m2\repository\commons-net\commons-net\3.9.0\commons-net-3.9.0.jar;C:\Users\dragon\.m2\repository\commons-collections\commons-collections\3.2.2\commons-collections-3.2.2.jar;C:\Users\dragon\.m2\repository\javax\servlet\javax.servlet-api\3.1.0\javax.servlet-api-3.1.0.jar;C:\Users\dragon\.m2\repository\jakarta\activation\jakarta.activation-api\2.1.4\jakarta.activation-api-2.1.4.jar;C:\Users\dragon\.m2\repository\org\eclipse\jetty\jetty-server\12.0.27\jetty-server-12.0.27.jar;C:\Users\dragon\.m2\repository\org\eclipse\jetty\jetty-http\12.0.27\jetty-http-12.0.27.jar;C:\Users\dragon\.m2\repository\org\eclipse\jetty\jetty-io\12.0.27\jetty-io-12.0.27.jar;C:\Users\dragon\.m2\repository\org\eclipse\jetty\jetty-util\12.0.27\jetty-util-12.0.27.jar;C:\Users\dragon\.m2\repository\org\eclipse\jetty\jetty-servlet\9.4.53.v20231009\jetty-servlet-9.4.53.v20231009.jar;C:\Users\dragon\.m2\repository\org\eclipse\jetty\jetty-security\12.0.27\jetty-security-12.0.27.jar;C:\Users\dragon\.m2\repository\org\eclipse\jetty\jetty-util-ajax\12.0.27\jetty-util-ajax-12.0.27.jar;C:\Users\dragon\.m2\repository\org\eclipse\jetty\jetty-webapp\9.4.53.v20231009\jetty-webapp-9.4.53.v20231009.jar;C:\Users\dragon\.m2\repository\org\eclipse\jetty\jetty-xml\12.0.27\jetty-xml-12.0.27.jar;C:\Users\dragon\.m2\repository\javax\servlet\jsp\jsp-api\2.1\jsp-api-2.1.jar;C:\Users\dragon\.m2\repository\com\sun\jersey\jersey-core\1.19.4\jersey-core-1.19.4.jar;C:\Users\dragon\.m2\repository\javax\ws\rs\jsr311-api\1.1.1\jsr311-api-1.1.1.jar;C:\Users\dragon\.m2\repository\com\sun\jersey\jersey-servlet\1.19.4\jersey-servlet-1.19.4.jar;C:\Users\dragon\.m2\repository\com\github\pjfanning\jersey-json\1.22.0\jersey-json-1.22.0.jar;C:\Users\dragon\.m2\repository\com\sun\xml\bind\jaxb-impl\4.0.5\jaxb-impl-4.0.5.jar;C:\Users\dragon\.m2\repository\com\sun\xml\bind\jaxb-core\4.0.5\jaxb-core-4.0.5.jar;C:\Users\dragon\.m2\repository\org\codehaus\jettison\jettison\1.5.4\jettison-1.5.4.jar;C:\Users\dragon\.m2\repository\com\sun\jersey\jersey-server\1.19.4\jersey-server-1.19.4.jar;C:\Users\dragon\.m2\repository\ch\qos\reload4j\reload4j\1.2.22\reload4j-1.2.22.jar;C:\Users\dragon\.m2\repository\commons-beanutils\commons-beanutils\1.9.4\commons-beanutils-1.9.4.jar;C:\Users\dragon\.m2\repository\org\apache\commons\commons-configuration2\2.10.1\commons-configuration2-2.10.1.jar;C:\Users\dragon\.m2\repository\org\apache\commons\commons-lang3\3.17.0\commons-lang3-3.17.0.jar;C:\Users\dragon\.m2\repository\org\apache\commons\commons-text\1.10.0\commons-text-1.10.0.jar;C:\Users\dragon\.m2\repository\com\google\re2j\re2j\1.1\re2j-1.1.jar;C:\Users\dragon\.m2\repository\com\google\code\gson\gson\2.13.2\gson-2.13.2.jar;C:\Users\dragon\.m2\repository\org\apache\hadoop\hadoop-auth\3.4.1\hadoop-auth-3.4.1.jar;C:\Users\dragon\.m2\repository\com\nimbusds\nimbus-jose-jwt\9.37.2\nimbus-jose-jwt-9.37.2.jar;C:\Users\dragon\.m2\repository\com\github\stephenc\jcip\jcip-annotations\1.0-1\jcip-annotations-1.0-1.jar;C:\Users\dragon\.m2\repository\org\apache\curator\curator-framework\5.2.0\curator-framework-5.2.0.jar;C:\Users\dragon\.m2\repository\org\apache\kerby\kerb-util\2.0.3\kerb-util-2.0.3.jar;C:\Users\dragon\.m2\repository\org\apache\kerby\kerby-config\2.0.3\kerby-config-2.0.3.jar;C:\Users\dragon\.m2\repository\org\apache\kerby\kerb-crypto\2.0.3\kerb-crypto-2.0.3.jar;C:\Users\dragon\.m2\repository\com\jcraft\jsch\0.1.55\jsch-0.1.55.jar;C:\Users\dragon\.m2\repository\org\apache\curator\curator-client\5.2.0\curator-client-5.2.0.jar;C:\Users\dragon\.m2\repository\org\apache\curator\curator-recipes\5.2.0\curator-recipes-5.2.0.jar;C:\Users\dragon\.m2\repository\com\google\code\findbugs\jsr305\3.0.2\jsr305-3.0.2.jar;C:\Users\dragon\.m2\repository\org\apache\zookeeper\zookeeper\3.8.4\zookeeper-3.8.4.jar;C:\Users\dragon\.m2\repository\org\apache\zookeeper\zookeeper-jute\3.8.4\zookeeper-jute-3.8.4.jar;C:\Users\dragon\.m2\repository\org\apache\yetus\audience-annotations\0.12.0\audience-annotations-0.12.0.jar;C:\Users\dragon\.m2\repository\io\netty\netty-handler\4.1.127.Final\netty-handler-4.1.127.Final.jar;C:\Users\dragon\.m2\repository\io\netty\netty-common\4.1.127.Final\netty-common-4.1.127.Final.jar;C:\Users\dragon\.m2\repository\io\netty\netty-resolver\4.1.127.Final\netty-resolver-4.1.127.Final.jar;C:\Users\dragon\.m2\repository\io\netty\netty-buffer\4.1.127.Final\netty-buffer-4.1.127.Final.jar;C:\Users\dragon\.m2\repository\io\netty\netty-transport\4.1.127.Final\netty-transport-4.1.127.Final.jar;C:\Users\dragon\.m2\repository\io\netty\netty-transport-native-unix-common\4.1.127.Final\netty-transport-native-unix-common-4.1.127.Final.jar;C:\Users\dragon\.m2\repository\io\netty\netty-codec\4.1.127.Final\netty-codec-4.1.127.Final.jar;C:\Users\dragon\.m2\repository\io\netty\netty-transport-native-epoll\4.1.127.Final\netty-transport-native-epoll-4.1.127.Final.jar;C:\Users\dragon\.m2\repository\io\netty\netty-transport-classes-epoll\4.1.127.Final\netty-transport-classes-epoll-4.1.127.Final.jar;C:\Users\dragon\.m2\repository\io\dropwizard\metrics\metrics-core\3.2.4\metrics-core-3.2.4.jar;C:\Users\dragon\.m2\repository\org\bouncycastle\bcprov-jdk18on\1.78.1\bcprov-jdk18on-1.78.1.jar;C:\Users\dragon\.m2\repository\org\apache\kerby\kerb-core\2.0.3\kerb-core-2.0.3.jar;C:\Users\dragon\.m2\repository\org\apache\kerby\kerby-pkix\2.0.3\kerby-pkix-2.0.3.jar;C:\Users\dragon\.m2\repository\org\apache\kerby\kerby-asn1\2.0.3\kerby-asn1-2.0.3.jar;C:\Users\dragon\.m2\repository\org\apache\kerby\kerby-util\2.0.3\kerby-util-2.0.3.jar;C:\Users\dragon\.m2\repository\org\codehaus\woodstox\stax2-api\4.2.1\stax2-api-4.2.1.jar;C:\Users\dragon\.m2\repository\com\fasterxml\woodstox\woodstox-core\5.4.0\woodstox-core-5.4.0.jar;C:\Users\dragon\.m2\repository\dnsjava\dnsjava\3.6.1\dnsjava-3.6.1.jar;C:\Users\dragon\.m2\repository\org\springframework\boot\spring-boot-devtools\3.5.6\spring-boot-devtools-3.5.6.jar;C:\Users\dragon\.m2\repository\org\springframework\boot\spring-boot\3.5.6\spring-boot-3.5.6.jar;C:\Users\dragon\.m2\repository\org\springframework\boot\spring-boot-autoconfigure\3.5.6\spring-boot-autoconfigure-3.5.6.jar;C:\Users\dragon\.m2\repository\jakarta\xml\bind\jakarta.xml.bind-api\4.0.2\jakarta.xml.bind-api-4.0.2.jar;C:\Users\dragon\.m2\repository\org\springframework\spring-core\6.2.11\spring-core-6.2.11.jar;C:\Users\dragon\.m2\repository\org\springframework\spring-jcl\6.2.11\spring-jcl-6.2.11.jar
Launcher Type: SUN_STANDARD

[Global flags]
     intx CICompilerCount                          = 4                                         {product} {ergonomic}
     uint ConcGCThreads                            = 2                                         {product} {ergonomic}
     uint G1ConcRefinementThreads                  = 8                                         {product} {ergonomic}
   size_t G1HeapRegionSize                         = 2097152                                   {product} {ergonomic}
    uintx GCDrainStackTargetSize                   = 64                                        {product} {ergonomic}
   size_t InitialHeapSize                          = 266338304                                 {product} {ergonomic}
     bool ManagementServer                         = true                                      {product} {command line}
   size_t MarkStackSize                            = 4194304                                   {product} {ergonomic}
   size_t MaxHeapSize                              = 4242538496                                {product} {ergonomic}
   size_t MaxNewSize                               = 2543845376                                {product} {ergonomic}
   size_t MinHeapDeltaBytes                        = 2097152                                   {product} {ergonomic}
   size_t MinHeapSize                              = 8388608                                   {product} {ergonomic}
    uintx NonNMethodCodeHeapSize                   = 4096                                   {pd product} {ergonomic}
    uintx NonProfiledCodeHeapSize                  = 0                                      {pd product} {ergonomic}
     bool ProfileInterpreter                       = false                                  {pd product} {command line}
    uintx ProfiledCodeHeapSize                     = 0                                      {pd product} {ergonomic}
     bool ShowCodeDetailsInExceptionMessages       = true                                   {manageable} {command line}
   size_t SoftMaxHeapSize                          = 4242538496                             {manageable} {ergonomic}
     intx TieredStopAtLevel                        = 1                                         {product} {command line}
     bool UseCompressedOops                        = true                           {product lp64_product} {ergonomic}
     bool UseG1GC                                  = true                                      {product} {ergonomic}
     bool UseLargePagesIndividualAllocation        = false                                  {pd product} {ergonomic}

Logging:
Log output configuration:
 #0: stdout all=warning uptime,level,tags foldmultilines=false
 #1: stderr all=off uptime,level,tags foldmultilines=false

Environment Variables:
JAVA_HOME=C:\Program Files\Eclipse Adoptium\jdk-21.0.8.9-hotspot
CLASSPATH=%JAVA_HOME%\lib
PATH=D:\project\dev_boot_project\sts-4.32.0.RELEASE\plugins\org.eclipse.justj.openjdk.hotspot.jre.full.win32.x86_64_21.0.8.v20250724-1412\jre\bin;D:/project/dev_boot_project/sts-4.32.0.RELEASE//plugins/org.eclipse.justj.openjdk.hotspot.jre.full.win32.x86_64_21.0.8.v20250724-1412/jre/bin/server;D:/project/dev_boot_project/sts-4.32.0.RELEASE//plugins/org.eclipse.justj.openjdk.hotspot.jre.full.win32.x86_64_21.0.8.v20250724-1412/jre/bin;%JAVA_HOME%\bin;D:\app\dragon\product\11.2.0\dbhome_1\bin;C:\Program Files (x86)\Intel\Intel(R) Management Engine Components\iCLS\;C:\Program Files\Intel\Intel(R) Management Engine Components\iCLS\;C:\WINDOWS\system32;C:\WINDOWS;C:\WINDOWS\System32\Wbem;C:\WINDOWS\System32\WindowsPowerShell\v1.0\;C:\WINDOWS\System32\OpenSSH\;C:\Program Files (x86)\Intel\Intel(R) Management Engine Components\DAL;C:\Program Files\Intel\Intel(R) Management Engine Components\DAL;C:\Program Files\Git\cmd;C:\dev\apache-maven-3.9.11\bin;C:\Python310\Scripts\;C:\Python310\;C:\Program Files\Eclipse Adoptium\jdk-21\bin;C:\Program Files\Eclipse Adoptium\jdk-21\bin;D:\app\dragon\product\11.2.0\dbhome_1\bin;C:\Program Files (x86)\Intel\Intel(R) Management Engine Components\iCLS\;C:\Program Files\Intel\Intel(R) Management Engine Components\iCLS\;C:\WINDOWS\system32;C:\WINDOWS;C:\WINDOWS\System32\Wbem;C:\WINDOWS\System32\WindowsPowerShell\v1.0\;C:\WINDOWS\System32\OpenSSH\;C:\Program Files (x86)\Intel\Intel(R) Management Engine Components\DAL;C:\Program Files\Intel\Intel(R) Management Engine Components\DAL;C:\Program Files\Git\cmd;C:\dev\apache-maven-3.9.11\bin;C:\Program Files\Eclipse Adoptium\jdk-21\bin;C:\Program Files\Eclipse Adoptium\jdk-21.0.8.9-hotspot\bin;C:\Program Files\Java\jdk-11\bin;C:\Program Files\Eclipse Adoptium\jdk-21.0.8.9-hotspot\bin;;D:\project\dev_boot_project\sts-4.32.0.RELEASE;
USERNAME=dragon
OS=Windows_NT
PROCESSOR_IDENTIFIER=Intel64 Family 6 Model 142 Stepping 11, GenuineIntel
TMP=C:\Users\dragon\AppData\Local\Temp
TEMP=C:\Users\dragon\AppData\Local\Temp




Periodic native trim disabled

---------------  S Y S T E M  ---------------

OS:
 Windows 11 , 64 bit Build 26100 (10.0.26100.7623)
OS uptime: 0 days 2:35 hours

CPU: total 8 (initial active 8) (4 cores per cpu, 2 threads per core) family 6 model 142 stepping 11 microcode 0xde, cx8, cmov, fxsr, ht, mmx, 3dnowpref, sse, sse2, sse3, ssse3, sse4.1, sse4.2, popcnt, lzcnt, tsc, tscinvbit, avx, avx2, aes, erms, clmul, bmi1, bmi2, adx, fma, vzeroupper, clflush, clflushopt, rdtscp, f16c
Processor Information for the first 8 processors :
  Max Mhz: 1992, Current Mhz: 1792, Mhz Limit: 1792

Memory: 4k page, system-wide physical 16178M (5911M free)
TotalPageFile size 16178M (AvailPageFile size 15M)
current process WorkingSet (physical memory assigned to process): 365M, peak: 366M
current process commit charge ("private bytes"): 405M, peak: 407M

vm_info: OpenJDK 64-Bit Server VM (21.0.8+9-LTS) for windows-amd64 JRE (21.0.8+9-LTS), built on 2025-07-15T00:00:00Z by "admin" with MS VC++ 17.7 (VS2022)

END.
