#
# There is insufficient memory for the Java Runtime Environment to continue.
# Native memory allocation (mmap) failed to map 29360128 bytes. Error detail: G1 virtual space
# Possible reasons:
#   The system is out of physical RAM or swap space
#   This process is running with CompressedOops enabled, and the Java Heap may be blocking the growth of the native heap
# Possible solutions:
#   Reduce memory load on the system
#   Increase physical memory or swap space
#   Check if swap backing store is full
#   Decrease Java heap size (-Xmx/-Xms)
#   Decrease number of Java threads
#   Decrease Java thread stack sizes (-Xss)
#   Set larger code cache with -XX:ReservedCodeCacheSize=
#   JVM is running with Zero Based Compressed Oops mode in which the Java heap is
#     placed in the first 32GB address space. The Java Heap base address is the
#     maximum limit for the native heap growth. Please use -XX:HeapBaseMinAddress
#     to set the Java Heap base and to place the Java Heap above 32GB virtual address.
# This output file may be truncated or incomplete.
#
#  Out of Memory Error (os_windows.cpp:3713), pid=11796, tid=8728
#
# JRE version: OpenJDK Runtime Environment Temurin-21.0.8+9 (21.0.8+9) (build 21.0.8+9-LTS)
# Java VM: OpenJDK 64-Bit Server VM Temurin-21.0.8+9 (21.0.8+9-LTS, mixed mode, emulated-client, sharing, tiered, compressed oops, compressed class ptrs, g1 gc, windows-amd64)
# No core dump will be written. Minidumps are not enabled by default on client versions of Windows
#

---------------  S U M M A R Y ------------

Command Line: -XX:+ShowCodeDetailsInExceptionMessages -agentlib:jdwp=transport=dt_socket,suspend=y,address=localhost:61777 -Dcom.sun.management.jmxremote -Dcom.sun.management.jmxremote.port=61776 -Dcom.sun.management.jmxremote.authenticate=false -Dcom.sun.management.jmxremote.ssl=false -Djava.rmi.server.hostname=localhost -Dspring.jmx.enabled=true -Dmanagement.endpoints.jmx.exposure.include=* -Dspring.application.admin.enabled=true -Dspring.output.ansi.enabled=always -XX:TieredStopAtLevel=1 -Dspring.boot.project.name=MyBaseLinkV2 -javaagent:D:\project\dev_boot_project\sts-4.32.0.RELEASE\configuration\org.eclipse.osgi\272\0\.cp\lib\javaagent-shaded.jar -Dfile.encoding=UTF-8 -Dstdout.encoding=UTF-8 -Dstderr.encoding=UTF-8 com.mybaselinkV2.app.MyBaseLinkV2Application

Host: Intel(R) Core(TM) i7-8565U CPU @ 1.80GHz, 8 cores, 15G,  Windows 11 , 64 bit Build 26100 (10.0.26100.7623)
Time: Thu Jan 29 01:18:54 2026 elapsed time: 16.266593 seconds (0d 0h 0m 16s)

---------------  T H R E A D  ---------------

Current thread (0x0000016d349ff730):  VMThread "VM Thread"          [id=8728, stack(0x00000004fdc00000,0x00000004fdd00000) (1024K)]

Stack: [0x00000004fdc00000,0x00000004fdd00000]
Native frames: (J=compiled Java code, j=interpreted, Vv=VM code, C=native code)
V  [jvm.dll+0x6d2449]
V  [jvm.dll+0x8ae341]
V  [jvm.dll+0x8b08be]
V  [jvm.dll+0x8b0fa3]
V  [jvm.dll+0x280c96]
V  [jvm.dll+0x6cec15]
V  [jvm.dll+0x6c2c3a]
V  [jvm.dll+0x35867a]
V  [jvm.dll+0x360246]
V  [jvm.dll+0x3b1f9e]
V  [jvm.dll+0x3b2248]
V  [jvm.dll+0x32c8fc]
V  [jvm.dll+0x32c987]
V  [jvm.dll+0x3706fc]
V  [jvm.dll+0x36ef48]
V  [jvm.dll+0x32c0c1]
V  [jvm.dll+0x36e5ba]
V  [jvm.dll+0x8b6cbf]
V  [jvm.dll+0x8b8044]
V  [jvm.dll+0x8b8580]
V  [jvm.dll+0x8b8823]
V  [jvm.dll+0x857e6b]
V  [jvm.dll+0x6d0b0d]
C  [ucrtbase.dll+0x37b0]
C  [KERNEL32.DLL+0x2e8d7]
C  [ntdll.dll+0x8c53c]

VM_Operation (0x00000004807fa340): G1CollectForAllocation, mode: safepoint, requested by thread 0x0000016d7e163980


---------------  P R O C E S S  ---------------

Threads class SMR info:
_java_thread_list=0x0000016d7b88c050, length=45, elements={
0x0000016d34b58ec0, 0x0000016d34b59bc0, 0x0000016d34b62bc0, 0x0000016d34b63220,
0x0000016d34a187d0, 0x0000016d34a19220, 0x0000016d34a19c70, 0x0000016d349efdd0,
0x0000016d34d09dc0, 0x0000016d34d1a450, 0x0000016d34d1aad0, 0x0000016d7a996770,
0x0000016d7acc0630, 0x0000016d7aa75140, 0x0000016d7aa767d0, 0x0000016d7b19d9b0,
0x0000016d7b1fc030, 0x0000016d7b1eab00, 0x0000016d7b21bd50, 0x0000016d7b21d100,
0x0000016d7b21de20, 0x0000016d7b21d790, 0x0000016d7b21e4b0, 0x0000016d7b21eb40,
0x0000016d7b21b6c0, 0x0000016d7e165a50, 0x0000016d7e166770, 0x0000016d7e163980,
0x0000016d7e1660e0, 0x0000016d7e164010, 0x0000016d7e1646a0, 0x0000016d7e166e00,
0x0000016d7e164d30, 0x0000016d7e1653c0, 0x0000016d7e1cd710, 0x0000016d7e1cdda0,
0x0000016d7e1cd080, 0x0000016d7e1ce430, 0x0000016d7e1d1f40, 0x0000016d7e1ceac0,
0x0000016d7e1cfe70, 0x0000016d7e1d1220, 0x0000016d7e1d0500, 0x0000016d7e1d18b0,
0x0000016d7e1cf150
}

Java Threads: ( => current thread )
  0x0000016d34b58ec0 JavaThread "Reference Handler"          daemon [_thread_blocked, id=14812, stack(0x00000004fdd00000,0x00000004fde00000) (1024K)]
  0x0000016d34b59bc0 JavaThread "Finalizer"                  daemon [_thread_blocked, id=904, stack(0x00000004fde00000,0x00000004fdf00000) (1024K)]
  0x0000016d34b62bc0 JavaThread "Signal Dispatcher"          daemon [_thread_blocked, id=3544, stack(0x00000004fdf00000,0x00000004fe000000) (1024K)]
  0x0000016d34b63220 JavaThread "Attach Listener"            daemon [_thread_blocked, id=7200, stack(0x00000004fe000000,0x00000004fe100000) (1024K)]
  0x0000016d34a187d0 JavaThread "Service Thread"             daemon [_thread_blocked, id=4600, stack(0x00000004fe100000,0x00000004fe200000) (1024K)]
  0x0000016d34a19220 JavaThread "Monitor Deflation Thread"   daemon [_thread_blocked, id=10668, stack(0x00000004fe200000,0x00000004fe300000) (1024K)]
  0x0000016d34a19c70 JavaThread "C1 CompilerThread0"         daemon [_thread_blocked, id=15072, stack(0x00000004fe300000,0x00000004fe400000) (1024K)]
  0x0000016d349efdd0 JavaThread "Common-Cleaner"             daemon [_thread_blocked, id=7792, stack(0x00000004fe400000,0x00000004fe500000) (1024K)]
  0x0000016d34d09dc0 JavaThread "JDWP Transport Listener: dt_socket" daemon [_thread_blocked, id=12652, stack(0x00000004fe700000,0x00000004fe800000) (1024K)]
  0x0000016d34d1a450 JavaThread "JDWP Event Helper Thread"   daemon [_thread_blocked, id=9828, stack(0x00000004fe800000,0x00000004fe900000) (1024K)]
  0x0000016d34d1aad0 JavaThread "JDWP Command Reader"        daemon [_thread_in_native, id=3672, stack(0x00000004fe900000,0x00000004fea00000) (1024K)]
  0x0000016d7a996770 JavaThread "Notification Thread"        daemon [_thread_blocked, id=10768, stack(0x00000004fef00000,0x00000004ff000000) (1024K)]
  0x0000016d7acc0630 JavaThread "RMI TCP Accept-0"           daemon [_thread_in_native, id=10964, stack(0x00000004ff000000,0x00000004ff100000) (1024K)]
  0x0000016d7aa75140 JavaThread "RMI TCP Accept-61776"       daemon [_thread_in_native, id=6580, stack(0x00000004ff300000,0x00000004ff400000) (1024K)]
  0x0000016d7aa767d0 JavaThread "RMI TCP Accept-0"           daemon [_thread_in_native, id=7520, stack(0x00000004ff400000,0x00000004ff500000) (1024K)]
  0x0000016d7b19d9b0 JavaThread "RMI TCP Connection(1)-127.0.0.1" daemon [_thread_in_native, id=1752, stack(0x00000004ff700000,0x00000004ff800000) (1024K)]
  0x0000016d7b1fc030 JavaThread "RMI Scheduler(0)"           daemon [_thread_blocked, id=15400, stack(0x00000004ff800000,0x00000004ff900000) (1024K)]
  0x0000016d7b1eab00 JavaThread "RMI TCP Connection(2)-127.0.0.1" daemon [_thread_in_native, id=11904, stack(0x00000004ff900000,0x00000004ffa00000) (1024K)]
  0x0000016d7b21bd50 JavaThread "JMX server connection timeout 41" daemon [_thread_blocked, id=5880, stack(0x00000004ffa00000,0x00000004ffb00000) (1024K)]
  0x0000016d7b21d100 JavaThread "PostgreSQL-JDBC-Cleaner"    daemon [_thread_blocked, id=13692, stack(0x00000004ffe00000,0x00000004fff00000) (1024K)]
  0x0000016d7b21de20 JavaThread "HikariPool-1:housekeeper"   daemon [_thread_blocked, id=6932, stack(0x00000004fff00000,0x0000000500000000) (1024K)]
  0x0000016d7b21d790 JavaThread "Catalina-utility-1"                [_thread_blocked, id=3564, stack(0x0000000480100000,0x0000000480200000) (1024K)]
  0x0000016d7b21e4b0 JavaThread "Catalina-utility-2"                [_thread_blocked, id=9872, stack(0x0000000480200000,0x0000000480300000) (1024K)]
  0x0000016d7b21eb40 JavaThread "container-0"                       [_thread_blocked, id=14692, stack(0x0000000480300000,0x0000000480400000) (1024K)]
  0x0000016d7b21b6c0 JavaThread "File Watcher"               daemon [_thread_blocked, id=7240, stack(0x0000000480400000,0x0000000480500000) (1024K)]
  0x0000016d7e165a50 JavaThread "Live Reload Server"         daemon [_thread_in_native, id=5308, stack(0x0000000480600000,0x0000000480700000) (1024K)]
  0x0000016d7e166770 JavaThread "http-nio-8080-exec-1"       daemon [_thread_blocked, id=5028, stack(0x0000000480500000,0x0000000480600000) (1024K)]
  0x0000016d7e163980 JavaThread "http-nio-8080-exec-2"       daemon [_thread_blocked, id=7476, stack(0x0000000480700000,0x0000000480800000) (1024K)]
  0x0000016d7e1660e0 JavaThread "http-nio-8080-exec-3"       daemon [_thread_blocked, id=11064, stack(0x0000000480800000,0x0000000480900000) (1024K)]
  0x0000016d7e164010 JavaThread "http-nio-8080-exec-4"       daemon [_thread_blocked, id=15232, stack(0x0000000480900000,0x0000000480a00000) (1024K)]
  0x0000016d7e1646a0 JavaThread "http-nio-8080-exec-5"       daemon [_thread_blocked, id=3568, stack(0x0000000480a00000,0x0000000480b00000) (1024K)]
  0x0000016d7e166e00 JavaThread "http-nio-8080-exec-6"       daemon [_thread_blocked, id=8896, stack(0x0000000480b00000,0x0000000480c00000) (1024K)]
  0x0000016d7e164d30 JavaThread "http-nio-8080-exec-7"       daemon [_thread_blocked, id=7492, stack(0x0000000480c00000,0x0000000480d00000) (1024K)]
  0x0000016d7e1653c0 JavaThread "http-nio-8080-exec-8"       daemon [_thread_blocked, id=7544, stack(0x0000000480d00000,0x0000000480e00000) (1024K)]
  0x0000016d7e1cd710 JavaThread "http-nio-8080-exec-9"       daemon [_thread_blocked, id=7192, stack(0x0000000480e00000,0x0000000480f00000) (1024K)]
  0x0000016d7e1cdda0 JavaThread "http-nio-8080-exec-10"      daemon [_thread_blocked, id=1760, stack(0x0000000480f00000,0x0000000481000000) (1024K)]
  0x0000016d7e1cd080 JavaThread "http-nio-8080-Poller"       daemon [_thread_blocked, id=10484, stack(0x0000000481000000,0x0000000481100000) (1024K)]
  0x0000016d7e1ce430 JavaThread "http-nio-8080-Acceptor"     daemon [_thread_in_native, id=8360, stack(0x0000000481100000,0x0000000481200000) (1024K)]
  0x0000016d7e1d1f40 JavaThread "DestroyJavaVM"                     [_thread_blocked, id=7100, stack(0x00000004fd500000,0x00000004fd600000) (1024K)]
  0x0000016d7e1ceac0 JavaThread "RMI TCP Connection(3)-127.0.0.1" daemon [_thread_in_native, id=4992, stack(0x0000000481300000,0x0000000481400000) (1024K)]
  0x0000016d7e1cfe70 JavaThread "RMI TCP Connection(4)-127.0.0.1" daemon [_thread_in_native, id=10780, stack(0x0000000481400000,0x0000000481500000) (1024K)]
  0x0000016d7e1d1220 JavaThread "RMI TCP Connection(5)-127.0.0.1" daemon [_thread_in_native, id=14472, stack(0x0000000481500000,0x0000000481600000) (1024K)]
  0x0000016d7e1d0500 JavaThread "RMI TCP Connection(6)-127.0.0.1" daemon [_thread_in_native, id=7568, stack(0x0000000481600000,0x0000000481700000) (1024K)]
  0x0000016d7e1d18b0 JavaThread "RMI TCP Connection(7)-127.0.0.1" daemon [_thread_in_native, id=7220, stack(0x0000000481700000,0x0000000481800000) (1024K)]
  0x0000016d7e1cf150 JavaThread "RMI TCP Connection(8)-127.0.0.1" daemon [_thread_in_native, id=11900, stack(0x0000000481900000,0x0000000481a00000) (1024K)]
Total: 45

Other Threads:
=>0x0000016d349ff730 VMThread "VM Thread"                           [id=8728, stack(0x00000004fdc00000,0x00000004fdd00000) (1024K)]
  0x0000016d349eec00 WatcherThread "VM Periodic Task Thread"        [id=10708, stack(0x00000004fdb00000,0x00000004fdc00000) (1024K)]
  0x0000016d248fa7b0 WorkerThread "GC Thread#0"                     [id=13576, stack(0x00000004fd600000,0x00000004fd700000) (1024K)]
  0x0000016d7a97f250 WorkerThread "GC Thread#1"                     [id=14068, stack(0x00000004fea00000,0x00000004feb00000) (1024K)]
  0x0000016d7a97f5f0 WorkerThread "GC Thread#2"                     [id=11052, stack(0x00000004feb00000,0x00000004fec00000) (1024K)]
  0x0000016d7a981a70 WorkerThread "GC Thread#3"                     [id=3800, stack(0x00000004fec00000,0x00000004fed00000) (1024K)]
  0x0000016d7a98d260 WorkerThread "GC Thread#4"                     [id=15580, stack(0x00000004fed00000,0x00000004fee00000) (1024K)]
  0x0000016d7a98d600 WorkerThread "GC Thread#5"                     [id=6840, stack(0x00000004fee00000,0x00000004fef00000) (1024K)]
  0x0000016d7a98e0e0 WorkerThread "GC Thread#6"                     [id=13172, stack(0x00000004ff100000,0x00000004ff200000) (1024K)]
  0x0000016d7a98d9a0 WorkerThread "GC Thread#7"                     [id=13092, stack(0x00000004ff200000,0x00000004ff300000) (1024K)]
  0x0000016d2490d1a0 ConcurrentGCThread "G1 Main Marker"            [id=9996, stack(0x00000004fd700000,0x00000004fd800000) (1024K)]
  0x0000016d2490dbb0 WorkerThread "G1 Conc#0"                       [id=832, stack(0x00000004fd800000,0x00000004fd900000) (1024K)]
  0x0000016d7b810880 WorkerThread "G1 Conc#1"                       [id=14316, stack(0x00000004ffc00000,0x00000004ffd00000) (1024K)]
  0x0000016d348bd760 ConcurrentGCThread "G1 Refine#0"               [id=15060, stack(0x00000004fd900000,0x00000004fda00000) (1024K)]
  0x0000016d348bf090 ConcurrentGCThread "G1 Service"                [id=15600, stack(0x00000004fda00000,0x00000004fdb00000) (1024K)]
Total: 15

Threads with active compile tasks:
Total: 0

VM state: at safepoint (normal execution)

VM Mutex/Monitor currently owned by a thread:  ([mutex/lock_event])
[0x00007ff8d5db5458] Threads_lock - owner thread: 0x0000016d349ff730
[0x00007ff8d5db5558] Heap_lock - owner thread: 0x0000016d7e163980

Heap address: 0x0000000703200000, size: 4046 MB, Compressed Oops mode: Zero based, Oop shift amount: 3

CDS archive(s) mapped at: [0x0000016d35000000-0x0000016d35c80000-0x0000016d35c80000), size 13107200, SharedBaseAddress: 0x0000016d35000000, ArchiveRelocationMode: 1.
Compressed class space mapped at: 0x0000016d36000000-0x0000016d76000000, reserved size: 1073741824
Narrow klass base: 0x0000016d35000000, Narrow klass shift: 0, Narrow klass range: 0x100000000

GC Precious Log:
 CardTable entry size: 512
 Card Set container configuration: InlinePtr #cards 4 size 8 Array Of Cards #cards 16 size 48 Howl #buckets 8 coarsen threshold 3686 Howl Bitmap #cards 512 size 80 coarsen threshold 460 Card regions per heap region 1 cards per card region 4096
 CPUs: 8 total, 8 available
 Memory: 16178M
 Large Page Support: Disabled
 NUMA Support: Disabled
 Compressed Oops: Enabled (Zero based)
 Heap Region Size: 2M
 Heap Min Capacity: 8M
 Heap Initial Capacity: 254M
 Heap Max Capacity: 4046M
 Pre-touch: Disabled
 Parallel Workers: 8
 Concurrent Workers: 2
 Concurrent Refinement Workers: 8
 Periodic GC: Disabled

Heap:
 garbage-first heap   total 139264K, used 51262K [0x0000000703200000, 0x0000000800000000)
  region size 2048K, 3 young (6144K), 3 survivors (6144K)
 Metaspace       used 80731K, committed 81600K, reserved 1179648K
  class space    used 11439K, committed 11840K, reserved 1048576K

Heap Regions: E=young(eden), S=young(survivor), O=old, HS=humongous(starts), HC=humongous(continues), CS=collection set, F=free, TAMS=top-at-mark-start, PB=parsable bottom
|   0|0x0000000703200000, 0x0000000703400000, 0x0000000703400000|100%| O|  |TAMS 0x0000000703200000| PB 0x0000000703200000| Untracked 
|   1|0x0000000703400000, 0x0000000703600000, 0x0000000703600000|100%| O|  |TAMS 0x0000000703400000| PB 0x0000000703400000| Untracked 
|   2|0x0000000703600000, 0x0000000703800000, 0x0000000703800000|100%| O|  |TAMS 0x0000000703600000| PB 0x0000000703600000| Untracked 
|   3|0x0000000703800000, 0x0000000703a00000, 0x0000000703a00000|100%| O|  |TAMS 0x0000000703800000| PB 0x0000000703800000| Untracked 
|   4|0x0000000703a00000, 0x0000000703c00000, 0x0000000703c00000|100%| O|  |TAMS 0x0000000703a00000| PB 0x0000000703a00000| Untracked 
|   5|0x0000000703c00000, 0x0000000703e00000, 0x0000000703e00000|100%| O|  |TAMS 0x0000000703c00000| PB 0x0000000703c00000| Untracked 
|   6|0x0000000703e00000, 0x0000000703fd7f08, 0x0000000704000000| 92%| O|  |TAMS 0x0000000703e00000| PB 0x0000000703e00000| Untracked 
|   7|0x0000000704000000, 0x0000000704200000, 0x0000000704200000|100%| O|  |TAMS 0x0000000704000000| PB 0x0000000704000000| Untracked 
|   8|0x0000000704200000, 0x0000000704400000, 0x0000000704400000|100%| O|  |TAMS 0x0000000704200000| PB 0x0000000704200000| Untracked 
|   9|0x0000000704400000, 0x0000000704600000, 0x0000000704600000|100%| O|  |TAMS 0x0000000704400000| PB 0x0000000704400000| Untracked 
|  10|0x0000000704600000, 0x0000000704800000, 0x0000000704800000|100%| O|  |TAMS 0x0000000704600000| PB 0x0000000704600000| Untracked 
|  11|0x0000000704800000, 0x0000000704a00000, 0x0000000704a00000|100%| O|  |TAMS 0x0000000704800000| PB 0x0000000704800000| Untracked 
|  12|0x0000000704a00000, 0x0000000704c00000, 0x0000000704c00000|100%| O|  |TAMS 0x0000000704a00000| PB 0x0000000704a00000| Untracked 
|  13|0x0000000704c00000, 0x0000000704e00000, 0x0000000704e00000|100%| O|  |TAMS 0x0000000704c00000| PB 0x0000000704c00000| Untracked 
|  14|0x0000000704e00000, 0x0000000705000000, 0x0000000705000000|100%| O|  |TAMS 0x0000000704e00000| PB 0x0000000704e00000| Untracked 
|  15|0x0000000705000000, 0x0000000705200000, 0x0000000705200000|100%| O|  |TAMS 0x0000000705000000| PB 0x0000000705000000| Untracked 
|  16|0x0000000705200000, 0x0000000705400000, 0x0000000705400000|100%| O|  |TAMS 0x0000000705200000| PB 0x0000000705200000| Untracked 
|  17|0x0000000705400000, 0x0000000705600000, 0x0000000705600000|100%| O|  |TAMS 0x0000000705400000| PB 0x0000000705400000| Untracked 
|  18|0x0000000705600000, 0x0000000705800000, 0x0000000705800000|100%| O|  |TAMS 0x0000000705600000| PB 0x0000000705600000| Untracked 
|  19|0x0000000705800000, 0x0000000705a00000, 0x0000000705a00000|100%| O|  |TAMS 0x0000000705800000| PB 0x0000000705800000| Untracked 
|  20|0x0000000705a00000, 0x0000000705c00000, 0x0000000705c00000|100%| O|  |TAMS 0x0000000705a00000| PB 0x0000000705a00000| Untracked 
|  21|0x0000000705c00000, 0x0000000705c3f690, 0x0000000705e00000| 12%| O|  |TAMS 0x0000000705c00000| PB 0x0000000705c00000| Untracked 
|  22|0x0000000705e00000, 0x0000000705e00000, 0x0000000706000000|  0%| F|  |TAMS 0x0000000705e00000| PB 0x0000000705e00000| Untracked 
|  23|0x0000000706000000, 0x0000000706000000, 0x0000000706200000|  0%| F|  |TAMS 0x0000000706000000| PB 0x0000000706000000| Untracked 
|  24|0x0000000706200000, 0x0000000706200000, 0x0000000706400000|  0%| F|  |TAMS 0x0000000706200000| PB 0x0000000706200000| Untracked 
|  25|0x0000000706400000, 0x00000007065f8660, 0x0000000706600000| 98%| S|CS|TAMS 0x0000000706400000| PB 0x0000000706400000| Complete 
|  26|0x0000000706600000, 0x0000000706600000, 0x0000000706800000|  0%| F|  |TAMS 0x0000000706600000| PB 0x0000000706600000| Untracked 
|  27|0x0000000706800000, 0x0000000706800000, 0x0000000706a00000|  0%| F|  |TAMS 0x0000000706800000| PB 0x0000000706800000| Untracked 
|  28|0x0000000706a00000, 0x0000000706a00000, 0x0000000706c00000|  0%| F|  |TAMS 0x0000000706a00000| PB 0x0000000706a00000| Untracked 
|  29|0x0000000706c00000, 0x0000000706e00000, 0x0000000706e00000|100%| S|CS|TAMS 0x0000000706c00000| PB 0x0000000706c00000| Complete 
|  30|0x0000000706e00000, 0x0000000706e00000, 0x0000000707000000|  0%| F|  |TAMS 0x0000000706e00000| PB 0x0000000706e00000| Untracked 
|  31|0x0000000707000000, 0x0000000707200000, 0x0000000707200000|100%| S|CS|TAMS 0x0000000707000000| PB 0x0000000707000000| Complete 
|  32|0x0000000707200000, 0x0000000707200000, 0x0000000707400000|  0%| F|  |TAMS 0x0000000707200000| PB 0x0000000707200000| Untracked 
|  33|0x0000000707400000, 0x0000000707400000, 0x0000000707600000|  0%| F|  |TAMS 0x0000000707400000| PB 0x0000000707400000| Untracked 
|  34|0x0000000707600000, 0x0000000707600000, 0x0000000707800000|  0%| F|  |TAMS 0x0000000707600000| PB 0x0000000707600000| Untracked 
|  35|0x0000000707800000, 0x0000000707800000, 0x0000000707a00000|  0%| F|  |TAMS 0x0000000707800000| PB 0x0000000707800000| Untracked 
|  36|0x0000000707a00000, 0x0000000707a00000, 0x0000000707c00000|  0%| F|  |TAMS 0x0000000707a00000| PB 0x0000000707a00000| Untracked 
|  37|0x0000000707c00000, 0x0000000707c00000, 0x0000000707e00000|  0%| F|  |TAMS 0x0000000707c00000| PB 0x0000000707c00000| Untracked 
|  38|0x0000000707e00000, 0x0000000707e00000, 0x0000000708000000|  0%| F|  |TAMS 0x0000000707e00000| PB 0x0000000707e00000| Untracked 
|  39|0x0000000708000000, 0x0000000708000000, 0x0000000708200000|  0%| F|  |TAMS 0x0000000708000000| PB 0x0000000708000000| Untracked 
|  40|0x0000000708200000, 0x0000000708200000, 0x0000000708400000|  0%| F|  |TAMS 0x0000000708200000| PB 0x0000000708200000| Untracked 
|  41|0x0000000708400000, 0x0000000708400000, 0x0000000708600000|  0%| F|  |TAMS 0x0000000708400000| PB 0x0000000708400000| Untracked 
|  42|0x0000000708600000, 0x0000000708600000, 0x0000000708800000|  0%| F|  |TAMS 0x0000000708600000| PB 0x0000000708600000| Untracked 
|  43|0x0000000708800000, 0x0000000708800000, 0x0000000708a00000|  0%| F|  |TAMS 0x0000000708800000| PB 0x0000000708800000| Untracked 
|  44|0x0000000708a00000, 0x0000000708a00000, 0x0000000708c00000|  0%| F|  |TAMS 0x0000000708a00000| PB 0x0000000708a00000| Untracked 
|  45|0x0000000708c00000, 0x0000000708c00000, 0x0000000708e00000|  0%| F|  |TAMS 0x0000000708c00000| PB 0x0000000708c00000| Untracked 
|  46|0x0000000708e00000, 0x0000000708e00000, 0x0000000709000000|  0%| F|  |TAMS 0x0000000708e00000| PB 0x0000000708e00000| Untracked 
|  47|0x0000000709000000, 0x0000000709000000, 0x0000000709200000|  0%| F|  |TAMS 0x0000000709000000| PB 0x0000000709000000| Untracked 
|  48|0x0000000709200000, 0x0000000709200000, 0x0000000709400000|  0%| F|  |TAMS 0x0000000709200000| PB 0x0000000709200000| Untracked 
|  49|0x0000000709400000, 0x0000000709400000, 0x0000000709600000|  0%| F|  |TAMS 0x0000000709400000| PB 0x0000000709400000| Untracked 
|  50|0x0000000709600000, 0x0000000709600000, 0x0000000709800000|  0%| F|  |TAMS 0x0000000709600000| PB 0x0000000709600000| Untracked 
|  51|0x0000000709800000, 0x0000000709800000, 0x0000000709a00000|  0%| F|  |TAMS 0x0000000709800000| PB 0x0000000709800000| Untracked 
|  52|0x0000000709a00000, 0x0000000709a00000, 0x0000000709c00000|  0%| F|  |TAMS 0x0000000709a00000| PB 0x0000000709a00000| Untracked 
|  53|0x0000000709c00000, 0x0000000709c00000, 0x0000000709e00000|  0%| F|  |TAMS 0x0000000709c00000| PB 0x0000000709c00000| Untracked 
|  54|0x0000000709e00000, 0x0000000709e00000, 0x000000070a000000|  0%| F|  |TAMS 0x0000000709e00000| PB 0x0000000709e00000| Untracked 
|  55|0x000000070a000000, 0x000000070a000000, 0x000000070a200000|  0%| F|  |TAMS 0x000000070a000000| PB 0x000000070a000000| Untracked 
|  56|0x000000070a200000, 0x000000070a200000, 0x000000070a400000|  0%| F|  |TAMS 0x000000070a200000| PB 0x000000070a200000| Untracked 
|  57|0x000000070a400000, 0x000000070a400000, 0x000000070a600000|  0%| F|  |TAMS 0x000000070a400000| PB 0x000000070a400000| Untracked 
|  58|0x000000070a600000, 0x000000070a600000, 0x000000070a800000|  0%| F|  |TAMS 0x000000070a600000| PB 0x000000070a600000| Untracked 
|  59|0x000000070a800000, 0x000000070a800000, 0x000000070aa00000|  0%| F|  |TAMS 0x000000070a800000| PB 0x000000070a800000| Untracked 
|  60|0x000000070aa00000, 0x000000070aa00000, 0x000000070ac00000|  0%| F|  |TAMS 0x000000070aa00000| PB 0x000000070aa00000| Untracked 
|  61|0x000000070ac00000, 0x000000070ac00000, 0x000000070ae00000|  0%| F|  |TAMS 0x000000070ac00000| PB 0x000000070ac00000| Untracked 
|  80|0x000000070d200000, 0x000000070d200000, 0x000000070d400000|  0%| F|  |TAMS 0x000000070d200000| PB 0x000000070d200000| Untracked 
|  81|0x000000070d400000, 0x000000070d400000, 0x000000070d600000|  0%| F|  |TAMS 0x000000070d400000| PB 0x000000070d400000| Untracked 
|  82|0x000000070d600000, 0x000000070d600000, 0x000000070d800000|  0%| F|  |TAMS 0x000000070d600000| PB 0x000000070d600000| Untracked 
| 125|0x0000000712c00000, 0x0000000712c00000, 0x0000000712e00000|  0%| F|  |TAMS 0x0000000712c00000| PB 0x0000000712c00000| Untracked 
| 126|0x0000000712e00000, 0x0000000712e00000, 0x0000000713000000|  0%| F|  |TAMS 0x0000000712e00000| PB 0x0000000712e00000| Untracked 
|2022|0x00000007ffe00000, 0x0000000800000000, 0x0000000800000000|100%| O|  |TAMS 0x00000007ffe00000| PB 0x00000007ffe00000| Untracked 

Card table byte_map: [0x0000016d2d8f0000,0x0000016d2e0e0000] _byte_map_base: 0x0000016d2a0d7000

Marking Bits: (CMBitMap*) 0x0000016d248fadc0
 Bits: [0x0000016d2e0e0000, 0x0000016d32018000)

Polling page: 0x0000016d24930000

Metaspace:

Usage:
  Non-class:     67.67 MB used.
      Class:     11.17 MB used.
       Both:     78.84 MB used.

Virtual space:
  Non-class space:      128.00 MB reserved,      68.12 MB ( 53%) committed,  2 nodes.
      Class space:        1.00 GB reserved,      11.56 MB (  1%) committed,  1 nodes.
             Both:        1.12 GB reserved,      79.69 MB (  7%) committed. 

Chunk freelists:
   Non-Class:  11.69 MB
       Class:  4.48 MB
        Both:  16.17 MB

MaxMetaspaceSize: unlimited
CompressedClassSpaceSize: 1.00 GB
Initial GC threshold: 21.00 MB
Current GC threshold: 88.44 MB
CDS: on
 - commit_granule_bytes: 65536.
 - commit_granule_words: 8192.
 - virtual_space_node_default_size: 8388608.
 - enlarge_chunks_in_place: 1.
 - use_allocation_guard: 0.


Internal statistics:

num_allocs_failed_limit: 9.
num_arena_births: 1242.
num_arena_deaths: 0.
num_vsnodes_births: 3.
num_vsnodes_deaths: 0.
num_space_committed: 1275.
num_space_uncommitted: 0.
num_chunks_returned_to_freelist: 9.
num_chunks_taken_from_freelist: 4137.
num_chunk_merges: 9.
num_chunk_splits: 3034.
num_chunks_enlarged: 2355.
num_inconsistent_stats: 0.

CodeCache: size=49152Kb used=14111Kb max_used=15654Kb free=35040Kb
 bounds [0x0000016d297f0000, 0x0000016d2a740000, 0x0000016d2c7f0000]
 total_blobs=8125, nmethods=7308, adapters=740, full_count=0
Compilation: enabled, stopped_count=0, restarted_count=0

Compilation events (20 events):
Event: 14.239 Thread 0x0000016d34a19c70 7356       1       java.util.regex.Pattern$$Lambda/0x0000016d363e6260::is (13 bytes)
Event: 14.240 Thread 0x0000016d34a19c70 nmethod 7356 0x0000016d29a4db90 code [0x0000016d29a4dd40, 0x0000016d29a4dec8]
Event: 14.240 Thread 0x0000016d34a19c70 7357       1       java.util.regex.Pattern::lambda$and$2 (26 bytes)
Event: 14.240 Thread 0x0000016d34a19c70 nmethod 7357 0x0000016d29a4d810 code [0x0000016d29a4d9c0, 0x0000016d29a4db08]
Event: 14.240 Thread 0x0000016d34a19c70 7358       1       java.util.regex.CharPredicates$$Lambda/0x0000016d363ecca8::is (5 bytes)
Event: 14.240 Thread 0x0000016d34a19c70 nmethod 7358 0x0000016d29a4d490 code [0x0000016d29a4d640, 0x0000016d29a4d778]
Event: 14.240 Thread 0x0000016d34a19c70 7359       1       java.util.regex.CharPredicates::lambda$ASSIGNED$4 (13 bytes)
Event: 14.240 Thread 0x0000016d34a19c70 nmethod 7359 0x0000016d29a4d110 code [0x0000016d29a4d2c0, 0x0000016d29a4d3d0]
Event: 14.240 Thread 0x0000016d34a19c70 7363       1       org.springframework.util.MimeType::getSubtype (5 bytes)
Event: 14.240 Thread 0x0000016d34a19c70 nmethod 7363 0x0000016d29a4ce10 code [0x0000016d29a4cfa0, 0x0000016d29a4d070]
Event: 14.240 Thread 0x0000016d34a19c70 7360       1       java.util.regex.CharPredicates$$Lambda/0x0000016d363ecf08::is (5 bytes)
Event: 14.240 Thread 0x0000016d34a19c70 nmethod 7360 0x0000016d29a4ca10 code [0x0000016d29a4cbc0, 0x0000016d29a4cd00]
Event: 14.240 Thread 0x0000016d34a19c70 7361       1       java.util.regex.CharPredicates::lambda$CONTROL$1 (15 bytes)
Event: 14.240 Thread 0x0000016d34a19c70 nmethod 7361 0x0000016d29a4c690 code [0x0000016d29a4c840, 0x0000016d29a4c950]
Event: 14.240 Thread 0x0000016d34a19c70 7362       1       java.util.regex.Pattern$$Lambda/0x0000016d363e5908::is (13 bytes)
Event: 14.240 Thread 0x0000016d34a19c70 nmethod 7362 0x0000016d29a4c290 code [0x0000016d29a4c440, 0x0000016d29a4c5c8]
Event: 14.244 Thread 0x0000016d34a19c70 7364       1       org.springframework.util.ConcurrentLruCache$EvictionQueue::contains (28 bytes)
Event: 14.244 Thread 0x0000016d34a19c70 nmethod 7364 0x0000016d29a4bf10 code [0x0000016d29a4c0a0, 0x0000016d29a4c1b0]
Event: 14.244 Thread 0x0000016d34a19c70 7365       1       org.springframework.util.ConcurrentLruCache$Node::getNext (5 bytes)
Event: 14.244 Thread 0x0000016d34a19c70 nmethod 7365 0x0000016d29a4bc10 code [0x0000016d29a4bda0, 0x0000016d29a4be70]

GC Heap History (20 events):
Event: 3.897 GC heap after
{Heap after GC invocations=12 (full 0):
 garbage-first heap   total 94208K, used 28920K [0x0000000703200000, 0x0000000800000000)
  region size 2048K, 3 young (6144K), 3 survivors (6144K)
 Metaspace       used 34829K, committed 35328K, reserved 1114112K
  class space    used 4702K, committed 4928K, reserved 1048576K
}
Event: 4.307 GC heap before
{Heap before GC invocations=12 (full 0):
 garbage-first heap   total 94208K, used 78072K [0x0000000703200000, 0x0000000800000000)
  region size 2048K, 27 young (55296K), 3 survivors (6144K)
 Metaspace       used 38512K, committed 39104K, reserved 1114112K
  class space    used 5246K, committed 5504K, reserved 1048576K
}
Event: 4.313 GC heap after
{Heap after GC invocations=13 (full 0):
 garbage-first heap   total 94208K, used 32093K [0x0000000703200000, 0x0000000800000000)
  region size 2048K, 3 young (6144K), 3 survivors (6144K)
 Metaspace       used 38512K, committed 39104K, reserved 1114112K
  class space    used 5246K, committed 5504K, reserved 1048576K
}
Event: 4.721 GC heap before
{Heap before GC invocations=13 (full 0):
 garbage-first heap   total 94208K, used 79197K [0x0000000703200000, 0x0000000800000000)
  region size 2048K, 27 young (55296K), 3 survivors (6144K)
 Metaspace       used 40003K, committed 40576K, reserved 1114112K
  class space    used 5472K, committed 5696K, reserved 1048576K
}
Event: 4.729 GC heap after
{Heap after GC invocations=14 (full 0):
 garbage-first heap   total 114688K, used 36407K [0x0000000703200000, 0x0000000800000000)
  region size 2048K, 4 young (8192K), 4 survivors (8192K)
 Metaspace       used 40003K, committed 40576K, reserved 1114112K
  class space    used 5472K, committed 5696K, reserved 1048576K
}
Event: 5.107 GC heap before
{Heap before GC invocations=14 (full 0):
 garbage-first heap   total 114688K, used 95799K [0x0000000703200000, 0x0000000800000000)
  region size 2048K, 33 young (67584K), 4 survivors (8192K)
 Metaspace       used 45379K, committed 46016K, reserved 1114112K
  class space    used 6293K, committed 6592K, reserved 1048576K
}
Event: 5.114 GC heap after
{Heap after GC invocations=15 (full 0):
 garbage-first heap   total 114688K, used 37820K [0x0000000703200000, 0x0000000800000000)
  region size 2048K, 3 young (6144K), 3 survivors (6144K)
 Metaspace       used 45379K, committed 46016K, reserved 1114112K
  class space    used 6293K, committed 6592K, reserved 1048576K
}
Event: 5.670 GC heap before
{Heap before GC invocations=15 (full 0):
 garbage-first heap   total 114688K, used 99260K [0x0000000703200000, 0x0000000800000000)
  region size 2048K, 33 young (67584K), 3 survivors (6144K)
 Metaspace       used 51518K, committed 52096K, reserved 1114112K
  class space    used 7118K, committed 7360K, reserved 1048576K
}
Event: 5.676 GC heap after
{Heap after GC invocations=16 (full 0):
 garbage-first heap   total 114688K, used 39596K [0x0000000703200000, 0x0000000800000000)
  region size 2048K, 2 young (4096K), 2 survivors (4096K)
 Metaspace       used 51518K, committed 52096K, reserved 1114112K
  class space    used 7118K, committed 7360K, reserved 1048576K
}
Event: 5.834 GC heap before
{Heap before GC invocations=16 (full 0):
 garbage-first heap   total 114688K, used 60076K [0x0000000703200000, 0x0000000800000000)
  region size 2048K, 13 young (26624K), 2 survivors (4096K)
 Metaspace       used 53247K, committed 53888K, reserved 1114112K
  class space    used 7331K, committed 7616K, reserved 1048576K
}
Event: 5.838 GC heap after
{Heap after GC invocations=17 (full 0):
 garbage-first heap   total 114688K, used 39614K [0x0000000703200000, 0x0000000800000000)
  region size 2048K, 2 young (4096K), 2 survivors (4096K)
 Metaspace       used 53247K, committed 53888K, reserved 1114112K
  class space    used 7331K, committed 7616K, reserved 1048576K
}
Event: 6.298 GC heap before
{Heap before GC invocations=18 (full 0):
 garbage-first heap   total 114688K, used 99006K [0x0000000703200000, 0x0000000800000000)
  region size 2048K, 32 young (65536K), 2 survivors (4096K)
 Metaspace       used 59488K, committed 60160K, reserved 1114112K
  class space    used 8351K, committed 8640K, reserved 1048576K
}
Event: 6.303 GC heap after
{Heap after GC invocations=19 (full 0):
 garbage-first heap   total 139264K, used 40263K [0x0000000703200000, 0x0000000800000000)
  region size 2048K, 2 young (4096K), 2 survivors (4096K)
 Metaspace       used 59488K, committed 60160K, reserved 1114112K
  class space    used 8351K, committed 8640K, reserved 1048576K
}
Event: 6.916 GC heap before
{Heap before GC invocations=19 (full 0):
 garbage-first heap   total 139264K, used 118087K [0x0000000703200000, 0x0000000800000000)
  region size 2048K, 40 young (81920K), 2 survivors (4096K)
 Metaspace       used 66077K, committed 66752K, reserved 1114112K
  class space    used 9293K, committed 9600K, reserved 1048576K
}
Event: 6.925 GC heap after
{Heap after GC invocations=20 (full 0):
 garbage-first heap   total 139264K, used 41978K [0x0000000703200000, 0x0000000800000000)
  region size 2048K, 3 young (6144K), 3 survivors (6144K)
 Metaspace       used 66077K, committed 66752K, reserved 1114112K
  class space    used 9293K, committed 9600K, reserved 1048576K
}
Event: 7.543 GC heap before
{Heap before GC invocations=20 (full 0):
 garbage-first heap   total 139264K, used 117754K [0x0000000703200000, 0x0000000800000000)
  region size 2048K, 40 young (81920K), 3 survivors (6144K)
 Metaspace       used 70608K, committed 71296K, reserved 1114112K
  class space    used 9951K, committed 10240K, reserved 1048576K
}
Event: 7.550 GC heap after
{Heap after GC invocations=21 (full 0):
 garbage-first heap   total 139264K, used 45180K [0x0000000703200000, 0x0000000800000000)
  region size 2048K, 4 young (8192K), 4 survivors (8192K)
 Metaspace       used 70608K, committed 71296K, reserved 1114112K
  class space    used 9951K, committed 10240K, reserved 1048576K
}
Event: 8.222 GC heap before
{Heap before GC invocations=21 (full 0):
 garbage-first heap   total 139264K, used 118908K [0x0000000703200000, 0x0000000800000000)
  region size 2048K, 40 young (81920K), 4 survivors (8192K)
 Metaspace       used 74384K, committed 75136K, reserved 1114112K
  class space    used 10522K, committed 10880K, reserved 1048576K
}
Event: 8.231 GC heap after
{Heap after GC invocations=22 (full 0):
 garbage-first heap   total 139264K, used 49200K [0x0000000703200000, 0x0000000800000000)
  region size 2048K, 4 young (8192K), 4 survivors (8192K)
 Metaspace       used 74384K, committed 75136K, reserved 1114112K
  class space    used 10522K, committed 10880K, reserved 1048576K
}
Event: 14.251 GC heap before
{Heap before GC invocations=22 (full 0):
 garbage-first heap   total 139264K, used 120880K [0x0000000703200000, 0x0000000800000000)
  region size 2048K, 39 young (79872K), 4 survivors (8192K)
 Metaspace       used 80731K, committed 81600K, reserved 1179648K
  class space    used 11439K, committed 11840K, reserved 1048576K
}

Dll operation events (12 events):
Event: 0.024 Loaded shared library D:\project\dev_boot_project\sts-4.32.0.RELEASE\plugins\org.eclipse.justj.openjdk.hotspot.jre.full.win32.x86_64_21.0.8.v20250724-1412\jre\bin\java.dll
Event: 0.061 Loaded shared library D:\project\dev_boot_project\sts-4.32.0.RELEASE\plugins\org.eclipse.justj.openjdk.hotspot.jre.full.win32.x86_64_21.0.8.v20250724-1412\jre\bin\zip.dll
Event: 0.399 Loaded shared library D:\project\dev_boot_project\sts-4.32.0.RELEASE\plugins\org.eclipse.justj.openjdk.hotspot.jre.full.win32.x86_64_21.0.8.v20250724-1412\jre\bin\instrument.dll
Event: 0.405 Loaded shared library D:\project\dev_boot_project\sts-4.32.0.RELEASE\plugins\org.eclipse.justj.openjdk.hotspot.jre.full.win32.x86_64_21.0.8.v20250724-1412\jre\bin\net.dll
Event: 0.407 Loaded shared library D:\project\dev_boot_project\sts-4.32.0.RELEASE\plugins\org.eclipse.justj.openjdk.hotspot.jre.full.win32.x86_64_21.0.8.v20250724-1412\jre\bin\nio.dll
Event: 0.411 Loaded shared library D:\project\dev_boot_project\sts-4.32.0.RELEASE\plugins\org.eclipse.justj.openjdk.hotspot.jre.full.win32.x86_64_21.0.8.v20250724-1412\jre\bin\zip.dll
Event: 0.656 Loaded shared library D:\project\dev_boot_project\sts-4.32.0.RELEASE\plugins\org.eclipse.justj.openjdk.hotspot.jre.full.win32.x86_64_21.0.8.v20250724-1412\jre\bin\jimage.dll
Event: 0.711 Loaded shared library D:\project\dev_boot_project\sts-4.32.0.RELEASE\plugins\org.eclipse.justj.openjdk.hotspot.jre.full.win32.x86_64_21.0.8.v20250724-1412\jre\bin\management.dll
Event: 0.722 Loaded shared library D:\project\dev_boot_project\sts-4.32.0.RELEASE\plugins\org.eclipse.justj.openjdk.hotspot.jre.full.win32.x86_64_21.0.8.v20250724-1412\jre\bin\management_ext.dll
Event: 0.910 Loaded shared library D:\project\dev_boot_project\sts-4.32.0.RELEASE\plugins\org.eclipse.justj.openjdk.hotspot.jre.full.win32.x86_64_21.0.8.v20250724-1412\jre\bin\verify.dll
Event: 1.005 Loaded shared library D:\project\dev_boot_project\sts-4.32.0.RELEASE\plugins\org.eclipse.justj.openjdk.hotspot.jre.full.win32.x86_64_21.0.8.v20250724-1412\jre\bin\extnet.dll
Event: 2.692 Loaded shared library D:\project\dev_boot_project\sts-4.32.0.RELEASE\plugins\org.eclipse.justj.openjdk.hotspot.jre.full.win32.x86_64_21.0.8.v20250724-1412\jre\bin\sunmscapi.dll

Deoptimization events (20 events):
Event: 14.164 Thread 0x0000016d7e166770 DEOPT PACKING pc=0x0000016d2a136d6c sp=0x00000004805fc040
Event: 14.164 Thread 0x0000016d7e166770 DEOPT UNPACKING pc=0x0000016d29844e42 sp=0x00000004805fb578 mode 1
Event: 14.164 Thread 0x0000016d7e166770 DEOPT PACKING pc=0x0000016d2a138e74 sp=0x00000004805fc130
Event: 14.164 Thread 0x0000016d7e166770 DEOPT UNPACKING pc=0x0000016d29844e42 sp=0x00000004805fb6e0 mode 1
Event: 14.164 Thread 0x0000016d7e166770 DEOPT PACKING pc=0x0000016d2a1350ac sp=0x00000004805fc2a0
Event: 14.164 Thread 0x0000016d7e166770 DEOPT UNPACKING pc=0x0000016d29844e42 sp=0x00000004805fb860 mode 1
Event: 14.164 Thread 0x0000016d7e166770 DEOPT PACKING pc=0x0000016d2a136d6c sp=0x00000004805fc030
Event: 14.164 Thread 0x0000016d7e166770 DEOPT UNPACKING pc=0x0000016d29844e42 sp=0x00000004805fb568 mode 1
Event: 14.164 Thread 0x0000016d7e166770 DEOPT PACKING pc=0x0000016d2a138e74 sp=0x00000004805fc120
Event: 14.164 Thread 0x0000016d7e166770 DEOPT UNPACKING pc=0x0000016d29844e42 sp=0x00000004805fb6d0 mode 1
Event: 14.164 Thread 0x0000016d7e166770 DEOPT PACKING pc=0x0000016d2a1350ac sp=0x00000004805fc290
Event: 14.164 Thread 0x0000016d7e166770 DEOPT UNPACKING pc=0x0000016d29844e42 sp=0x00000004805fb850 mode 1
Event: 14.248 Thread 0x0000016d7e163980 DEOPT PACKING pc=0x0000016d29c97ad9 sp=0x00000004807fa480
Event: 14.248 Thread 0x0000016d7e163980 DEOPT UNPACKING pc=0x0000016d29844e42 sp=0x00000004807f98d8 mode 1
Event: 14.249 Thread 0x0000016d7e163980 DEOPT PACKING pc=0x0000016d29c8c9ac sp=0x00000004807fa510
Event: 14.249 Thread 0x0000016d7e163980 DEOPT UNPACKING pc=0x0000016d29844e42 sp=0x00000004807f99b8 mode 1
Event: 14.249 Thread 0x0000016d7e163980 DEOPT PACKING pc=0x0000016d29d57694 sp=0x00000004807faf90
Event: 14.249 Thread 0x0000016d7e163980 DEOPT UNPACKING pc=0x0000016d29844e42 sp=0x00000004807fa458 mode 1
Event: 14.249 Thread 0x0000016d7e163980 DEOPT PACKING pc=0x0000016d2a0bbfd4 sp=0x00000004807fb020
Event: 14.249 Thread 0x0000016d7e163980 DEOPT UNPACKING pc=0x0000016d29844e42 sp=0x00000004807fa540 mode 1

Classes loaded (20 events):
Event: 13.876 Loading class sun/nio/ch/SocketChannelImpl$DefaultOptionsHolder
Event: 13.876 Loading class sun/nio/ch/SocketChannelImpl$DefaultOptionsHolder done
Event: 13.877 Loading class sun/nio/ch/SelectionKeyImpl
Event: 13.877 Loading class java/nio/channels/spi/AbstractSelectionKey
Event: 13.877 Loading class java/nio/channels/SelectionKey
Event: 13.877 Loading class java/nio/channels/SelectionKey done
Event: 13.877 Loading class java/nio/channels/spi/AbstractSelectionKey done
Event: 13.877 Loading class sun/nio/ch/SelectionKeyImpl done
Event: 13.878 Loading class java/lang/invoke/ConstantBootstraps
Event: 13.878 Loading class java/lang/invoke/ConstantBootstraps done
Event: 13.937 Loading class sun/nio/cs/ISO_8859_1$Decoder
Event: 13.937 Loading class sun/nio/cs/ISO_8859_1$Decoder done
Event: 14.057 Loading class java/util/zip/DeflaterOutputStream
Event: 14.057 Loading class java/util/zip/DeflaterOutputStream done
Event: 14.057 Loading class java/util/zip/GZIPInputStream
Event: 14.057 Loading class java/util/zip/GZIPInputStream done
Event: 14.057 Loading class java/util/zip/GZIPOutputStream
Event: 14.057 Loading class java/util/zip/GZIPOutputStream done
Event: 14.153 Loading class jdk/internal/reflect/MethodHandleBooleanFieldAccessorImpl
Event: 14.153 Loading class jdk/internal/reflect/MethodHandleBooleanFieldAccessorImpl done

Classes unloaded (0 events):
No events

Classes redefined (0 events):
No events

Internal exceptions (20 events):
Event: 8.040 Thread 0x0000016d7b0eca20 Exception <a 'java/lang/IncompatibleClassChangeError'{0x00000007086e7a70}: Found class java.lang.Object, but interface was expected> (0x00000007086e7a70) 
thrown [s\src\hotspot\share\interpreter\linkResolver.cpp, line 840]
Event: 8.040 Thread 0x0000016d7b0eca20 Exception <a 'java/lang/NoSuchMethodError'{0x00000007086e8f90}: 'java.lang.Object java.lang.invoke.DirectMethodHandle$Holder.invokeStatic(java.lang.Object, java.lang.Object, int, java.lang.Object, java.lang.Object)'> (0x00000007086e8f90) 
thrown [s\src\hotspot\share\interpreter\linkResolver.cpp, line 773]
Event: 8.040 Thread 0x0000016d7b0eca20 Exception <a 'java/lang/NoSuchMethodError'{0x00000007086f0a08}: 'java.lang.Object java.lang.invoke.DelegatingMethodHandle$Holder.reinvoke_L(java.lang.Object, java.lang.Object, int, java.lang.Object, java.lang.Object)'> (0x00000007086f0a08) 
thrown [s\src\hotspot\share\interpreter\linkResolver.cpp, line 773]
Event: 8.044 Thread 0x0000016d7b0eca20 Exception <a 'java/lang/ClassNotFoundException'{0x0000000708782bf8}: nz/net/ultraq/thymeleaf/layoutdialect/LayoutDialectBeanInfo> (0x0000000708782bf8) 
thrown [s\src\hotspot\share\classfile\systemDictionary.cpp, line 312]
Event: 8.045 Thread 0x0000016d7b0eca20 Exception <a 'java/lang/ClassNotFoundException'{0x000000070878c9f0}: org/thymeleaf/dialect/AbstractProcessorDialectBeanInfo> (0x000000070878c9f0) 
thrown [s\src\hotspot\share\classfile\systemDictionary.cpp, line 312]
Event: 8.045 Thread 0x0000016d7b0eca20 Exception <a 'java/lang/ClassNotFoundException'{0x00000007087961a0}: org/thymeleaf/dialect/AbstractDialectBeanInfo> (0x00000007087961a0) 
thrown [s\src\hotspot\share\classfile\systemDictionary.cpp, line 312]
Event: 8.046 Thread 0x0000016d7b0eca20 Exception <a 'java/lang/ClassNotFoundException'{0x000000070879fd38}: org/thymeleaf/dialect/AbstractDialectCustomizer> (0x000000070879fd38) 
thrown [s\src\hotspot\share\classfile\systemDictionary.cpp, line 312]
Event: 8.046 Thread 0x0000016d7b0eca20 Exception <a 'java/lang/ClassNotFoundException'{0x00000007087ac388}: org/thymeleaf/dialect/AbstractProcessorDialectCustomizer> (0x00000007087ac388) 
thrown [s\src\hotspot\share\classfile\systemDictionary.cpp, line 312]
Event: 8.047 Thread 0x0000016d7b0eca20 Exception <a 'java/lang/ClassNotFoundException'{0x00000007087b9bf8}: nz/net/ultraq/thymeleaf/layoutdialect/LayoutDialectCustomizer> (0x00000007087b9bf8) 
thrown [s\src\hotspot\share\classfile\systemDictionary.cpp, line 312]
Event: 8.053 Thread 0x0000016d7b0eca20 Exception <a 'java/lang/NoSuchMethodError'{0x0000000708405518}: 'int java.lang.invoke.DelegatingMethodHandle$Holder.reinvoke_L(java.lang.Object)'> (0x0000000708405518) 
thrown [s\src\hotspot\share\interpreter\linkResolver.cpp, line 773]
Event: 8.181 Thread 0x0000016d7b0eca20 Exception <a 'java/lang/NoSuchMethodError'{0x000000070755a730}: 'java.lang.Object java.lang.invoke.Invokers$Holder.invoke_MT(java.lang.Object, java.lang.Object, java.lang.Object, java.lang.Object, java.lang.Object, java.lang.Object, java.lang.Object, java.lang.Object, java.lang.Object, java.lang.Object, java.lang.Object)'> (0x000000070755a730) 
thrown [s\src\hotspot\share\interpreter\linkResolver.cpp, line 773]
Event: 8.209 Thread 0x0000016d7b0eca20 Exception <a 'java/lang/NoSuchMethodError'{0x00000007070611a8}: 'int java.lang.invoke.DirectMethodHandle$Holder.invokeStatic(java.lang.Object, java.lang.Object, java.lang.Object, java.lang.Object, java.lang.Object)'> (0x00000007070611a8) 
thrown [s\src\hotspot\share\interpreter\linkResolver.cpp, line 773]
Event: 8.340 Thread 0x0000016d7b0eca20 Exception <a 'java/lang/NoSuchMethodError'{0x000000070d21d910}: 'java.lang.Object java.lang.invoke.DirectMethodHandle$Holder.newInvokeSpecial(java.lang.Object, java.lang.Object, int, java.lang.Object, java.lang.Object)'> (0x000000070d21d910) 
thrown [s\src\hotspot\share\interpreter\linkResolver.cpp, line 773]
Event: 8.514 Thread 0x0000016d7b0eca20 Exception <a 'java/lang/NoSuchMethodError'{0x000000070979f720}: 'void java.lang.invoke.DirectMethodHandle$Holder.invokeSpecialIFC(java.lang.Object, java.lang.Object, int, java.lang.Object, java.lang.Object, java.lang.Object, java.lang.Object)'> (0x000000070979f720) 
thrown [s\src\hotspot\share\interpreter\linkResolver.cpp, line 773]
Event: 8.761 Thread 0x0000016d7b1eab00 Exception <a 'java/lang/NoSuchMethodError'{0x0000000708a00c38}: 'java.lang.Object java.lang.invoke.DirectMethodHandle$Holder.invokeInterface(java.lang.Object, java.lang.Object, java.lang.Object, java.lang.Object, java.lang.Object, java.lang.Object, java.lang.Object)'> (0x0000000708a00c38) 
thrown [s\src\hotspot\share\interpreter\linkResolver.cpp, line 773]
Event: 13.872 Thread 0x0000016d7e1ce430 Exception <a 'java/lang/NoSuchMethodError'{0x0000000708973eb0}: 'java.lang.Object java.lang.invoke.DirectMethodHandle$Holder.invokeStatic(java.lang.Object, java.lang.Object, java.lang.Object, int, int)'> (0x0000000708973eb0) 
thrown [s\src\hotspot\share\interpreter\linkResolver.cpp, line 773]
Event: 13.872 Thread 0x0000016d7e1ce430 Exception <a 'java/lang/NoSuchMethodError'{0x0000000708977690}: 'java.lang.Object java.lang.invoke.DirectMethodHandle$Holder.invokeStaticInit(java.lang.Object, java.lang.Object, java.lang.Object, int, int)'> (0x0000000708977690) 
thrown [s\src\hotspot\share\interpreter\linkResolver.cpp, line 773]
Event: 13.930 Thread 0x0000016d7e166770 Exception <a 'java/lang/NoSuchMethodError'{0x00000007084d5320}: 'java.lang.Object java.lang.invoke.DirectMethodHandle$Holder.invokeSpecial(java.lang.Object, java.lang.Object, java.lang.Object, java.lang.Object, java.lang.Object, long)'> (0x00000007084d5320) 
thrown [s\src\hotspot\share\interpreter\linkResolver.cpp, line 773]
Event: 13.930 Thread 0x0000016d7e166770 Exception <a 'java/lang/NoSuchMethodError'{0x00000007084d8b00}: 'java.lang.Object java.lang.invoke.Invokers$Holder.linkToTargetMethod(java.lang.Object, java.lang.Object, java.lang.Object, long, java.lang.Object)'> (0x00000007084d8b00) 
thrown [s\src\hotspot\share\interpreter\linkResolver.cpp, line 773]
Event: 14.153 Thread 0x0000016d7e166770 Exception <a 'java/lang/NoSuchMethodError'{0x0000000707673af0}: 'void java.lang.invoke.Invokers$Holder.invokeExact_MT(java.lang.Object, java.lang.Object, int, java.lang.Object)'> (0x0000000707673af0) 
thrown [s\src\hotspot\share\interpreter\linkResolver.cpp, line 773]

ZGC Phase Switch (0 events):
No events

VM Operations (20 events):
Event: 8.220 Executing VM operation: HandshakeAllThreads (Deoptimize) done
Event: 8.222 Executing VM operation: G1CollectForAllocation (G1 Evacuation Pause)
Event: 8.231 Executing VM operation: G1CollectForAllocation (G1 Evacuation Pause) done
Event: 8.339 Executing VM operation: HandshakeAllThreads (Deoptimize)
Event: 8.339 Executing VM operation: HandshakeAllThreads (Deoptimize) done
Event: 9.352 Executing VM operation: Cleanup
Event: 9.352 Executing VM operation: Cleanup done
Event: 10.352 Executing VM operation: Cleanup
Event: 10.352 Executing VM operation: Cleanup done
Event: 13.947 Executing VM operation: HandshakeAllThreads (Deoptimize)
Event: 13.947 Executing VM operation: HandshakeAllThreads (Deoptimize) done
Event: 13.947 Executing VM operation: Cleanup
Event: 13.947 Executing VM operation: Cleanup done
Event: 14.085 Executing VM operation: HandshakeAllThreads (Deoptimize)
Event: 14.085 Executing VM operation: HandshakeAllThreads (Deoptimize) done
Event: 14.197 Executing VM operation: HandshakeAllThreads (Deoptimize)
Event: 14.198 Executing VM operation: HandshakeAllThreads (Deoptimize) done
Event: 14.201 Executing VM operation: HandshakeAllThreads (Deoptimize)
Event: 14.201 Executing VM operation: HandshakeAllThreads (Deoptimize) done
Event: 14.251 Executing VM operation: G1CollectForAllocation (G1 Evacuation Pause)

Memory protections (0 events):
No events

Nmethod flushes (20 events):
Event: 3.421 Thread 0x0000016d349ff730 flushing  nmethod 0x0000016d299e2790
Event: 3.421 Thread 0x0000016d349ff730 flushing  nmethod 0x0000016d29adc390
Event: 3.421 Thread 0x0000016d349ff730 flushing  nmethod 0x0000016d29b2cc10
Event: 3.421 Thread 0x0000016d349ff730 flushing  nmethod 0x0000016d29b6e510
Event: 3.421 Thread 0x0000016d349ff730 flushing  nmethod 0x0000016d29d44790
Event: 3.421 Thread 0x0000016d349ff730 flushing  nmethod 0x0000016d29e5c610
Event: 5.885 Thread 0x0000016d349ff730 flushing  nmethod 0x0000016d29aaf310
Event: 5.885 Thread 0x0000016d349ff730 flushing  nmethod 0x0000016d29b27010
Event: 5.885 Thread 0x0000016d349ff730 flushing  nmethod 0x0000016d29f68a10
Event: 5.885 Thread 0x0000016d349ff730 flushing  nmethod 0x0000016d29ab8310
Event: 5.885 Thread 0x0000016d349ff730 flushing  nmethod 0x0000016d29bc3c90
Event: 5.885 Thread 0x0000016d349ff730 flushing  nmethod 0x0000016d29c67610
Event: 5.885 Thread 0x0000016d349ff730 flushing  nmethod 0x0000016d29c67910
Event: 5.885 Thread 0x0000016d349ff730 flushing  nmethod 0x0000016d29d38d90
Event: 5.885 Thread 0x0000016d349ff730 flushing  nmethod 0x0000016d2a106210
Event: 5.885 Thread 0x0000016d349ff730 flushing  nmethod 0x0000016d2a14d390
Event: 5.885 Thread 0x0000016d349ff730 flushing  nmethod 0x0000016d2a1c8510
Event: 5.885 Thread 0x0000016d349ff730 flushing  nmethod 0x0000016d2a1ad710
Event: 5.885 Thread 0x0000016d349ff730 flushing  nmethod 0x0000016d29e26710
Event: 5.885 Thread 0x0000016d349ff730 flushing  nmethod 0x0000016d2a1dcb10

Events (20 events):
Event: 8.576 Thread 0x0000016d24891fc0 Thread exited: 0x0000016d24891fc0
Event: 8.576 Thread 0x0000016d7e1d1f40 Thread added: 0x0000016d7e1d1f40
Event: 8.752 Thread 0x0000016d7b1eab00 Thread added: 0x0000016d7e1d0b90
Event: 8.756 Thread 0x0000016d7aa75140 Thread added: 0x0000016d7e1ceac0
Event: 8.760 Thread 0x0000016d7aa75140 Thread added: 0x0000016d7e1cfe70
Event: 8.764 Thread 0x0000016d7aa75140 Thread added: 0x0000016d7e1d1220
Event: 8.767 Thread 0x0000016d7e1d0b90 Thread exited: 0x0000016d7e1d0b90
Event: 8.767 Thread 0x0000016d7acc0630 Thread added: 0x0000016d7e1d0500
Event: 8.768 Thread 0x0000016d7e1d0500 Thread added: 0x0000016d7e1d0b90
Event: 8.770 Thread 0x0000016d7acc0630 Thread added: 0x0000016d7e1d18b0
Event: 8.771 Thread 0x0000016d7e1d18b0 Thread added: 0x0000016d7e1d25d0
Event: 8.773 Thread 0x0000016d7acc0630 Thread added: 0x0000016d7e1cf150
Event: 8.774 Thread 0x0000016d7e1cf150 Thread added: 0x0000016d7e1d2c60
Event: 8.779 Thread 0x0000016d7e1d2c60 Thread exited: 0x0000016d7e1d2c60
Event: 9.794 Thread 0x0000016d7e1d0b90 Thread exited: 0x0000016d7e1d0b90
Event: 9.799 Thread 0x0000016d7e1d25d0 Thread exited: 0x0000016d7e1d25d0
Event: 10.737 Thread 0x0000016d7b21ca70 Thread exited: 0x0000016d7b21ca70
Event: 12.908 Thread 0x0000016d34c98070 Thread exited: 0x0000016d34c98070
Event: 12.908 Thread 0x0000016d7b9dc450 Thread exited: 0x0000016d7b9dc450
Event: 12.909 Thread 0x0000016d34c94830 Thread exited: 0x0000016d34c94830


Dynamic libraries:
0x00007ff60d900000 - 0x00007ff60d90e000 	D:\project\dev_boot_project\sts-4.32.0.RELEASE\plugins\org.eclipse.justj.openjdk.hotspot.jre.full.win32.x86_64_21.0.8.v20250724-1412\jre\bin\javaw.exe
0x00007ff91ece0000 - 0x00007ff91ef47000 	C:\WINDOWS\SYSTEM32\ntdll.dll
0x00007ff91d1f0000 - 0x00007ff91d2b9000 	C:\WINDOWS\System32\KERNEL32.DLL
0x00007ff91c680000 - 0x00007ff91ca6f000 	C:\WINDOWS\System32\KERNELBASE.dll
0x00007ff91bfa0000 - 0x00007ff91c0eb000 	C:\WINDOWS\System32\ucrtbase.dll
0x00007ff8fcd90000 - 0x00007ff8fcda8000 	D:\project\dev_boot_project\sts-4.32.0.RELEASE\plugins\org.eclipse.justj.openjdk.hotspot.jre.full.win32.x86_64_21.0.8.v20250724-1412\jre\bin\jli.dll
0x00007ff8f9bc0000 - 0x00007ff8f9bde000 	D:\project\dev_boot_project\sts-4.32.0.RELEASE\plugins\org.eclipse.justj.openjdk.hotspot.jre.full.win32.x86_64_21.0.8.v20250724-1412\jre\bin\VCRUNTIME140.dll
0x00007ff91e080000 - 0x00007ff91e245000 	C:\WINDOWS\System32\USER32.dll
0x00007ff91c470000 - 0x00007ff91c497000 	C:\WINDOWS\System32\win32u.dll
0x00007ff91e5f0000 - 0x00007ff91e61b000 	C:\WINDOWS\System32\GDI32.dll
0x00007ff91c550000 - 0x00007ff91c67c000 	C:\WINDOWS\System32\gdi32full.dll
0x00007ff90a1e0000 - 0x00007ff90a473000 	C:\WINDOWS\WinSxS\amd64_microsoft.windows.common-controls_6595b64144ccf1df_6.0.26100.7309_none_3e05feeae336a044\COMCTL32.dll
0x00007ff91c0f0000 - 0x00007ff91c193000 	C:\WINDOWS\System32\msvcp_win.dll
0x00007ff91e800000 - 0x00007ff91e8a9000 	C:\WINDOWS\System32\msvcrt.dll
0x00007ff91d130000 - 0x00007ff91d161000 	C:\WINDOWS\System32\IMM32.DLL
0x00007ff90a710000 - 0x00007ff90a71c000 	D:\project\dev_boot_project\sts-4.32.0.RELEASE\plugins\org.eclipse.justj.openjdk.hotspot.jre.full.win32.x86_64_21.0.8.v20250724-1412\jre\bin\vcruntime140_1.dll
0x00007ff8db2f0000 - 0x00007ff8db37d000 	D:\project\dev_boot_project\sts-4.32.0.RELEASE\plugins\org.eclipse.justj.openjdk.hotspot.jre.full.win32.x86_64_21.0.8.v20250724-1412\jre\bin\msvcp140.dll
0x00007ff8d5100000 - 0x00007ff8d5e97000 	D:\project\dev_boot_project\sts-4.32.0.RELEASE\plugins\org.eclipse.justj.openjdk.hotspot.jre.full.win32.x86_64_21.0.8.v20250724-1412\jre\bin\server\jvm.dll
0x00007ff91d3c0000 - 0x00007ff91d474000 	C:\WINDOWS\System32\ADVAPI32.dll
0x00007ff91d570000 - 0x00007ff91d616000 	C:\WINDOWS\System32\sechost.dll
0x00007ff91d000000 - 0x00007ff91d118000 	C:\WINDOWS\System32\RPCRT4.dll
0x00007ff91ca80000 - 0x00007ff91caf4000 	C:\WINDOWS\System32\WS2_32.dll
0x00007ff91bc90000 - 0x00007ff91bcee000 	C:\WINDOWS\SYSTEM32\POWRPROF.dll
0x00007ff90a480000 - 0x00007ff90a4b5000 	C:\WINDOWS\SYSTEM32\WINMM.dll
0x00007ff90da10000 - 0x00007ff90da1b000 	C:\WINDOWS\SYSTEM32\VERSION.dll
0x00007ff91bc70000 - 0x00007ff91bc84000 	C:\WINDOWS\SYSTEM32\UMPDC.dll
0x00007ff91abe0000 - 0x00007ff91abfb000 	C:\WINDOWS\SYSTEM32\kernel.appcore.dll
0x00007ff916a70000 - 0x00007ff916a7a000 	D:\project\dev_boot_project\sts-4.32.0.RELEASE\plugins\org.eclipse.justj.openjdk.hotspot.jre.full.win32.x86_64_21.0.8.v20250724-1412\jre\bin\jimage.dll
0x00007ff9195a0000 - 0x00007ff9197e2000 	C:\WINDOWS\SYSTEM32\DBGHELP.DLL
0x00007ff91e8b0000 - 0x00007ff91ec36000 	C:\WINDOWS\System32\combase.dll
0x00007ff91d750000 - 0x00007ff91d826000 	C:\WINDOWS\System32\OLEAUT32.dll
0x00007ff919560000 - 0x00007ff91959c000 	C:\WINDOWS\SYSTEM32\dbgcore.DLL
0x00007ff91c4a0000 - 0x00007ff91c545000 	C:\WINDOWS\System32\bcryptPrimitives.dll
0x00007ff9072f0000 - 0x00007ff90732c000 	D:\project\dev_boot_project\sts-4.32.0.RELEASE\plugins\org.eclipse.justj.openjdk.hotspot.jre.full.win32.x86_64_21.0.8.v20250724-1412\jre\bin\jdwp.dll
0x00007ff916a10000 - 0x00007ff916a1f000 	D:\project\dev_boot_project\sts-4.32.0.RELEASE\plugins\org.eclipse.justj.openjdk.hotspot.jre.full.win32.x86_64_21.0.8.v20250724-1412\jre\bin\instrument.dll
0x00007ff9149f0000 - 0x00007ff914a0f000 	D:\project\dev_boot_project\sts-4.32.0.RELEASE\plugins\org.eclipse.justj.openjdk.hotspot.jre.full.win32.x86_64_21.0.8.v20250724-1412\jre\bin\java.dll
0x00007ff91d830000 - 0x00007ff91df83000 	C:\WINDOWS\System32\SHELL32.dll
0x00007ff91be30000 - 0x00007ff91bf9a000 	C:\WINDOWS\System32\wintypes.dll
0x00007ff919a70000 - 0x00007ff91a2ce000 	C:\WINDOWS\SYSTEM32\windows.storage.dll
0x00007ff91d2c0000 - 0x00007ff91d3b5000 	C:\WINDOWS\System32\SHCORE.dll
0x00007ff91cb00000 - 0x00007ff91cb66000 	C:\WINDOWS\System32\shlwapi.dll
0x00007ff91bd50000 - 0x00007ff91bd79000 	C:\WINDOWS\SYSTEM32\profapi.dll
0x00007ff9134c0000 - 0x00007ff9134d8000 	D:\project\dev_boot_project\sts-4.32.0.RELEASE\plugins\org.eclipse.justj.openjdk.hotspot.jre.full.win32.x86_64_21.0.8.v20250724-1412\jre\bin\zip.dll
0x00007ff905030000 - 0x00007ff90503b000 	D:\project\dev_boot_project\sts-4.32.0.RELEASE\plugins\org.eclipse.justj.openjdk.hotspot.jre.full.win32.x86_64_21.0.8.v20250724-1412\jre\bin\dt_socket.dll
0x00007ff91a5f0000 - 0x00007ff91a624000 	C:\WINDOWS\SYSTEM32\IPHLPAPI.DLL
0x00007ff91b150000 - 0x00007ff91b1bb000 	C:\WINDOWS\system32\mswsock.dll
0x00007ff91a680000 - 0x00007ff91a7ac000 	C:\WINDOWS\SYSTEM32\DNSAPI.dll
0x00007ff91d120000 - 0x00007ff91d12a000 	C:\WINDOWS\System32\NSI.dll
0x00007ff90d710000 - 0x00007ff90d71b000 	C:\Windows\System32\rasadhlp.dll
0x00007ff90db60000 - 0x00007ff90dbe6000 	C:\WINDOWS\System32\fwpuclnt.dll
0x00007ff914a40000 - 0x00007ff914a50000 	D:\project\dev_boot_project\sts-4.32.0.RELEASE\plugins\org.eclipse.justj.openjdk.hotspot.jre.full.win32.x86_64_21.0.8.v20250724-1412\jre\bin\net.dll
0x00007ff919130000 - 0x00007ff919258000 	C:\WINDOWS\SYSTEM32\WINHTTP.dll
0x00007ff912c20000 - 0x00007ff912c36000 	D:\project\dev_boot_project\sts-4.32.0.RELEASE\plugins\org.eclipse.justj.openjdk.hotspot.jre.full.win32.x86_64_21.0.8.v20250724-1412\jre\bin\nio.dll
0x00007ff90a4c0000 - 0x00007ff90a4ca000 	D:\project\dev_boot_project\sts-4.32.0.RELEASE\plugins\org.eclipse.justj.openjdk.hotspot.jre.full.win32.x86_64_21.0.8.v20250724-1412\jre\bin\management.dll
0x00007ff907410000 - 0x00007ff90741b000 	D:\project\dev_boot_project\sts-4.32.0.RELEASE\plugins\org.eclipse.justj.openjdk.hotspot.jre.full.win32.x86_64_21.0.8.v20250724-1412\jre\bin\management_ext.dll
0x00007ff91d640000 - 0x00007ff91d648000 	C:\WINDOWS\System32\PSAPI.DLL
0x00007ff907420000 - 0x00007ff907438000 	C:\WINDOWS\system32\napinsp.dll
0x00007ff906f70000 - 0x00007ff906f82000 	C:\WINDOWS\System32\winrnr.dll
0x00007ff906f40000 - 0x00007ff906f62000 	C:\WINDOWS\system32\nlansp_c.dll
0x00007ff90ed40000 - 0x00007ff90ed56000 	C:\WINDOWS\system32\wshbth.dll
0x00007ff9136e0000 - 0x00007ff9136f0000 	D:\project\dev_boot_project\sts-4.32.0.RELEASE\plugins\org.eclipse.justj.openjdk.hotspot.jre.full.win32.x86_64_21.0.8.v20250724-1412\jre\bin\verify.dll
0x00007ff91b410000 - 0x00007ff91b42b000 	C:\WINDOWS\SYSTEM32\CRYPTSP.dll
0x00007ff91ab40000 - 0x00007ff91ab7a000 	C:\WINDOWS\system32\rsaenh.dll
0x00007ff91b200000 - 0x00007ff91b22b000 	C:\WINDOWS\SYSTEM32\USERENV.dll
0x00007ff91bd20000 - 0x00007ff91bd4a000 	C:\WINDOWS\SYSTEM32\bcrypt.dll
0x00007ff91b430000 - 0x00007ff91b43c000 	C:\WINDOWS\SYSTEM32\CRYPTBASE.dll
0x00007ff906b20000 - 0x00007ff906b29000 	D:\project\dev_boot_project\sts-4.32.0.RELEASE\plugins\org.eclipse.justj.openjdk.hotspot.jre.full.win32.x86_64_21.0.8.v20250724-1412\jre\bin\extnet.dll
0x00007ff90b6c0000 - 0x00007ff90b6ce000 	D:\project\dev_boot_project\sts-4.32.0.RELEASE\plugins\org.eclipse.justj.openjdk.hotspot.jre.full.win32.x86_64_21.0.8.v20250724-1412\jre\bin\sunmscapi.dll
0x00007ff91c2f0000 - 0x00007ff91c467000 	C:\WINDOWS\System32\CRYPT32.dll
0x00007ff91b630000 - 0x00007ff91b660000 	C:\WINDOWS\SYSTEM32\ncrypt.dll
0x00007ff91b5e0000 - 0x00007ff91b61f000 	C:\WINDOWS\SYSTEM32\NTASN1.dll
0x00007ff906b60000 - 0x00007ff906b68000 	C:\WINDOWS\system32\wshunix.dll

JVMTI agents:
jdwp path:D:\project\dev_boot_project\sts-4.32.0.RELEASE\plugins\org.eclipse.justj.openjdk.hotspot.jre.full.win32.x86_64_21.0.8.v20250724-1412\jre\bin\jdwp.dll, loaded, initialized, options:transport=dt_socket,suspend=y,address=localhost:61777
D:\project\dev_boot_project\sts-4.32.0.RELEASE\configuration\org.eclipse.osgi\272\0\.cp\lib\javaagent-shaded.jar path:D:\project\dev_boot_project\sts-4.32.0.RELEASE\plugins\org.eclipse.justj.openjdk.hotspot.jre.full.win32.x86_64_21.0.8.v20250724-1412\jre\bin\instrument.dll, loaded, initialized, instrumentlib options:none

dbghelp: loaded successfully - version: 4.0.5 - missing functions: none
symbol engine: initialized successfully - sym options: 0x614 - pdb path: .;D:\project\dev_boot_project\sts-4.32.0.RELEASE\plugins\org.eclipse.justj.openjdk.hotspot.jre.full.win32.x86_64_21.0.8.v20250724-1412\jre\bin;C:\WINDOWS\SYSTEM32;C:\WINDOWS\WinSxS\amd64_microsoft.windows.common-controls_6595b64144ccf1df_6.0.26100.7309_none_3e05feeae336a044;D:\project\dev_boot_project\sts-4.32.0.RELEASE\plugins\org.eclipse.justj.openjdk.hotspot.jre.full.win32.x86_64_21.0.8.v20250724-1412\jre\bin\server

VM Arguments:
jvm_args: -XX:+ShowCodeDetailsInExceptionMessages -agentlib:jdwp=transport=dt_socket,suspend=y,address=localhost:61777 -Dcom.sun.management.jmxremote -Dcom.sun.management.jmxremote.port=61776 -Dcom.sun.management.jmxremote.authenticate=false -Dcom.sun.management.jmxremote.ssl=false -Djava.rmi.server.hostname=localhost -Dspring.jmx.enabled=true -Dmanagement.endpoints.jmx.exposure.include=* -Dspring.application.admin.enabled=true -Dspring.output.ansi.enabled=always -XX:TieredStopAtLevel=1 -Dspring.boot.project.name=MyBaseLinkV2 -javaagent:D:\project\dev_boot_project\sts-4.32.0.RELEASE\configuration\org.eclipse.osgi\272\0\.cp\lib\javaagent-shaded.jar -Dfile.encoding=UTF-8 -Dstdout.encoding=UTF-8 -Dstderr.encoding=UTF-8 
java_command: com.mybaselinkV2.app.MyBaseLinkV2Application
java_class_path (initial): D:\project\dev_boot_project\workspace\MyBaseLinkV2\target\classes;C:\Users\dragon\.m2\repository\org\springframework\boot\spring-boot-starter-web\3.5.6\spring-boot-starter-web-3.5.6.jar;C:\Users\dragon\.m2\repository\org\springframework\boot\spring-boot-starter\3.5.6\spring-boot-starter-3.5.6.jar;C:\Users\dragon\.m2\repository\org\springframework\boot\spring-boot-starter-logging\3.5.6\spring-boot-starter-logging-3.5.6.jar;C:\Users\dragon\.m2\repository\ch\qos\logback\logback-classic\1.5.18\logback-classic-1.5.18.jar;C:\Users\dragon\.m2\repository\ch\qos\logback\logback-core\1.5.18\logback-core-1.5.18.jar;C:\Users\dragon\.m2\repository\org\apache\logging\log4j\log4j-to-slf4j\2.24.3\log4j-to-slf4j-2.24.3.jar;C:\Users\dragon\.m2\repository\org\slf4j\jul-to-slf4j\2.0.17\jul-to-slf4j-2.0.17.jar;C:\Users\dragon\.m2\repository\org\yaml\snakeyaml\2.4\snakeyaml-2.4.jar;C:\Users\dragon\.m2\repository\org\springframework\boot\spring-boot-starter-json\3.5.6\spring-boot-starter-json-3.5.6.jar;C:\Users\dragon\.m2\repository\com\fasterxml\jackson\datatype\jackson-datatype-jsr310\2.19.2\jackson-datatype-jsr310-2.19.2.jar;C:\Users\dragon\.m2\repository\com\fasterxml\jackson\module\jackson-module-parameter-names\2.19.2\jackson-module-parameter-names-2.19.2.jar;C:\Users\dragon\.m2\repository\org\springframework\spring-web\6.2.11\spring-web-6.2.11.jar;C:\Users\dragon\.m2\repository\org\springframework\spring-beans\6.2.11\spring-beans-6.2.11.jar;C:\Users\dragon\.m2\repository\io\micrometer\micrometer-observation\1.15.4\micrometer-observation-1.15.4.jar;C:\Users\dragon\.m2\repository\io\micrometer\micrometer-commons\1.15.4\micrometer-commons-1.15.4.jar;C:\Users\dragon\.m2\repository\org\springframework\spring-webmvc\6.2.11\spring-webmvc-6.2.11.jar;C:\Users\dragon\.m2\repository\org\springframework\spring-context\6.2.11\spring-context-6.2.11.jar;C:\Users\dragon\.m2\repository\org\springframework\spring-expression\6.2.11\spring-expression-6.2.11.jar;C:\Users\dragon\.m2\repository\org\springframework\boot\spring-boot-starter-tomcat\3.5.6\spring-boot-starter-tomcat-3.5.6.jar;C:\Users\dragon\.m2\repository\jakarta\annotation\jakarta.annotation-api\2.1.1\jakarta.annotation-api-2.1.1.jar;C:\Users\dragon\.m2\repository\org\apache\tomcat\embed\tomcat-embed-core\10.1.46\tomcat-embed-core-10.1.46.jar;C:\Users\dragon\.m2\repository\org\apache\tomcat\embed\tomcat-embed-el\10.1.46\tomcat-embed-el-10.1.46.jar;C:\Users\dragon\.m2\repository\org\apache\tomcat\embed\tomcat-embed-websocket\10.1.46\tomcat-embed-websocket-10.1.46.jar;C:\Users\dragon\.m2\repository\org\springframework\boot\spring-boot-starter-security\3.5.6\spring-boot-starter-security-3.5.6.jar;C:\Users\dragon\.m2\repository\org\springframework\spring-aop\6.2.11\spring-aop-6.2.11.jar;C:\Users\dragon\.m2\repository\org\springframework\security\spring-security-config\6.5.5\spring-security-config-6.5.5.jar;C:\Users\dragon\.m2\repository\org\springframework\security\spring-security-core\6.5.5\spring-security-core-6.5.5.jar;C:\Users\dragon\.m2\repository\org\springframework\security\spring-security-crypto\6.5.5\spring-security-crypto-6.5.5.jar;C:\Users\dragon\.m2\repository\org\springframework\security\spring-security-web\6.5.5\spring-security-web-6.5.5.jar;C:\Users\dragon\.m2\repository\io\jsonwebtoken\jjwt-api\0.11.5\jjwt-api-0.11.5.jar;C:\Users\dragon\.m2\repository\io\jsonwebtoken\jjwt-impl\0.11.5\jjwt-impl-0.11.5.jar;C:\Users\dragon\.m2\repository\io\jsonwebtoken\jjwt-jackson\0.11.5\jjwt-jackson-0.11.5.jar;C:\Users\dragon\.m2\repository\com\fasterxml\jackson\core\jackson-databind\2.19.2\jackson-databind-2.19.2.jar;C:\Users\dragon\.m2\repository\com\fasterxml\jackson\core\jackson-annotations\2.19.2\jackson-annotations-2.19.2.jar;C:\Users\dragon\.m2\repository\com\fasterxml\jackson\core\jackson-core\2.19.2\jackson-core-2.19.2.jar;C:\Users\dragon\.m2\repository\org\springframework\boot\spring-boot-starter-thymeleaf\3.5.6\spring-boot-starter-thymeleaf-3.5.6.jar;C:\Users\dragon\.m2\repository\org\thymeleaf\thymeleaf-spring6\3.1.3.RELEASE\thymeleaf-spring6-3.1.3.RELEASE.jar;C:\Users\dragon\.m2\repository\nz\net\ultraq\thymeleaf\thymeleaf-layout-dialect\3.4.0\thymeleaf-layout-dialect-3.4.0.jar;C:\Users\dragon\.m2\repository\org\apache\groovy\groovy\4.0.28\groovy-4.0.28.jar;C:\Users\dragon\.m2\repository\nz\net\ultraq\groovy\groovy-extensions\2.3.3\groovy-extensions-2.3.3.jar;C:\Users\dragon\.m2\repository\nz\net\ultraq\thymeleaf\thymeleaf-expression-processor\3.2.0\thymeleaf-expression-processor-3.2.0.jar;C:\Users\dragon\.m2\repository\org\thymeleaf\thymeleaf\3.1.3.RELEASE\thymeleaf-3.1.3.RELEASE.jar;C:\Users\dragon\.m2\repository\ognl\ognl\3.3.4\ognl-3.3.4.jar;C:\Users\dragon\.m2\repository\org\javassist\javassist\3.29.0-GA\javassist-3.29.0-GA.jar;C:\Users\dragon\.m2\repository\org\attoparser\attoparser\2.0.7.RELEASE\attoparser-2.0.7.RELEASE.jar;C:\Users\dragon\.m2\repository\org\unbescape\unbescape\1.1.6.RELEASE\unbescape-1.1.6.RELEASE.jar;C:\Users\dragon\.m2\repository\org\slf4j\slf4j-api\2.0.17\slf4j-api-2.0.17.jar;C:\Users\dragon\.m2\repository\org\springframework\boot\spring-boot-starter-data-jpa\3.5.6\spring-boot-starter-data-jpa-3.5.6.jar;C:\Users\dragon\.m2\repository\org\springframework\boot\spring-boot-starter-jdbc\3.5.6\spring-boot-starter-jdbc-3.5.6.jar;C:\Users\dragon\.m2\repository\com\zaxxer\HikariCP\6.3.3\HikariCP-6.3.3.jar;C:\Users\dragon\.m2\repository\org\springframework\spring-jdbc\6.2.11\spring-jdbc-6.2.11.jar;C:\Users\dragon\.m2\repository\org\hibernate\orm\hibernate-core\6.6.29.Final\hibernate-core-6.6.29.Final.jar;C:\Users\dragon\.m2\repository\jakarta\persistence\jakarta.persistence-api\3.1.0\jakarta.persistence-api-3.1.0.jar;C:\Users\dragon\.m2\repository\jakarta\transaction\jakarta.transaction-api\2.0.1\jakarta.transaction-api-2.0.1.jar;C:\Users\dragon\.m2\repository\org\jboss\logging\jboss-logging\3.6.1.Final\jboss-logging-3.6.1.Final.jar;C:\Users\dragon\.m2\repository\org\hibernate\common\hibernate-commons-annotations\7.0.3.Final\hibernate-commons-annotations-7.0.3.Final.jar;C:\Users\dragon\.m2\repository\io\smallrye\jandex\3.2.0\jandex-3.2.0.jar;C:\Users\dragon\.m2\repository\com\fasterxml\classmate\1.7.0\classmate-1.7.0.jar;C:\Users\dragon\.m2\repository\net\bytebuddy\byte-buddy\1.17.7\byte-buddy-1.17.7.jar;C:\Users\dragon\.m2\repository\org\glassfish\jaxb\jaxb-runtime\4.0.5\jaxb-runtime-4.0.5.jar;C:\Users\dragon\.m2\repository\org\glassfish\jaxb\jaxb-core\4.0.5\jaxb-core-4.0.5.jar;C:\Users\dragon\.m2\repository\org\eclipse\angus\angus-activation\2.0.2\angus-activation-2.0.2.jar;C:\Users\dragon\.m2\repository\org\glassfish\jaxb\txw2\4.0.5\txw2-4.0.5.jar;C:\Users\dragon\.m2\repository\com\sun\istack\istack-commons-runtime\4.1.2\istack-commons-runtime-4.1.2.jar;C:\Users\dragon\.m2\repository\jakarta\inject\jakarta.inject-api\2.0.1\jakarta.inject-api-2.0.1.jar;C:\Users\dragon\.m2\repository\org\antlr\antlr4-runtime\4.13.0\antlr4-runtime-4.13.0.jar;C:\Users\dragon\.m2\repository\org\springframework\data\spring-data-jpa\3.5.4\spring-data-jpa-3.5.4.jar;C:\Users\dragon\.m2\repository\org\springframework\data\spring-data-commons\3.5.4\spring-data-commons-3.5.4.jar;C:\Users\dragon\.m2\repository\org\springframework\spring-orm\6.2.11\spring-orm-6.2.11.jar;C:\Users\dragon\.m2\repository\org\springframework\spring-tx\6.2.11\spring-tx-6.2.11.jar;C:\Users\dragon\.m2\repository\org\springframework\spring-aspects\6.2.11\spring-aspects-6.2.11.jar;C:\Users\dragon\.m2\repository\org\aspectj\aspectjweaver\1.9.24\aspectjweaver-1.9.24.jar;C:\Users\dragon\.m2\repository\org\postgresql\postgresql\42.7.3\postgresql-42.7.3.jar;C:\Users\dragon\.m2\repository\org\checkerframework\checker-qual\3.42.0\checker-qual-3.42.0.jar;C:\Users\dragon\.m2\repository\org\springframework\boot\spring-boot-starter-validation\3.5.6\spring-boot-starter-validation-3.5.6.jar;C:\Users\dragon\.m2\repository\org\hibernate\validator\hibernate-validator\8.0.3.Final\hibernate-validator-8.0.3.Final.jar;C:\Users\dragon\.m2\repository\jakarta\validation\jakarta.validation-api\3.0.2\jakarta.validation-api-3.0.2.jar;C:\Users\dragon\.m2\repository\org\apache\poi\poi-ooxml\5.3.0\poi-ooxml-5.3.0.jar;C:\Users\dragon\.m2\repository\org\apache\poi\poi\5.3.0\poi-5.3.0.jar;C:\Users\dragon\.m2\repository\com\zaxxer\SparseBitSet\1.3\SparseBitSet-1.3.jar;C:\Users\dragon\.m2\repository\org\apache\poi\poi-ooxml-lite\5.3.0\poi-ooxml-lite-5.3.0.jar;C:\Users\dragon\.m2\repository\org\apache\xmlbeans\xmlbeans\5.2.1\xmlbeans-5.2.1.jar;C:\Users\dragon\.m2\repository\org\apache\commons\commons-compress\1.26.2\commons-compress-1.26.2.jar;C:\Users\dragon\.m2\repository\commons-io\commons-io\2.16.1\commons-io-2.16.1.jar;C:\Users\dragon\.m2\repository\com\github\virtuald\curvesapi\1.08\curvesapi-1.08.jar;C:\Users\dragon\.m2\repository\org\apache\logging\log4j\log4j-api\2.24.3\log4j-api-2.24.3.jar;C:\Users\dragon\.m2\repository\org\apache\commons\commons-collections4\4.4\commons-collections4-4.4.jar;C:\Users\dragon\.m2\repository\org\json\json\20231013\json-20231013.jar;C:\Users\dragon\.m2\repository\org\springframework\boot\spring-boot-starter-cache\3.5.6\spring-boot-starter-cache-3.5.6.jar;C:\Users\dragon\.m2\repository\org\springframework\spring-context-support\6.2.11\spring-context-support-6.2.11.jar;C:\Users\dragon\.m2\repository\com\github\ben-manes\caffeine\caffeine\3.2.2\caffeine-3.2.2.jar;C:\Users\dragon\.m2\repository\org\jspecify\jspecify\1.0.0\jspecify-1.0.0.jar;C:\Users\dragon\.m2\repository\com\google\errorprone\error_prone_annotations\2.40.0\error_prone_annotations-2.40.0.jar;C:\Users\dragon\.m2\repository\org\apache\parquet\parquet-avro\1.14.1\parquet-avro-1.14.1.jar;C:\Users\dragon\.m2\repository\org\apache\parquet\parquet-column\1.14.1\parquet-column-1.14.1.jar;C:\Users\dragon\.m2\repository\org\apache\parquet\parquet-encoding\1.14.1\parquet-encoding-1.14.1.jar;C:\Users\dragon\.m2\repository\org\apache\parquet\parquet-common\1.14.1\parquet-common-1.14.1.jar;C:\Users\dragon\.m2\repository\org\apache\avro\avro\1.11.3\avro-1.11.3.jar;C:\Users\dragon\.m2\repository\org\apache\parquet\parquet-hadoop\1.14.1\parquet-hadoop-1.14.1.jar;C:\Users\dragon\.m2\repository\org\apache\parquet\parquet-format-structures\1.14.1\parquet-format-structures-1.14.1.jar;C:\Users\dragon\.m2\repository\javax\annotation\javax.annotation-api\1.3.2\javax.annotation-api-1.3.2.jar;C:\Users\dragon\.m2\repository\org\apache\parquet\parquet-jackson\1.14.1\parquet-jackson-1.14.1.jar;C:\Users\dragon\.m2\repository\com\fasterxml\jackson\datatype\jackson-datatype-jdk8\2.19.2\jackson-datatype-jdk8-2.19.2.jar;C:\Users\dragon\.m2\repository\org\xerial\snappy\snappy-java\1.1.10.5\snappy-java-1.1.10.5.jar;C:\Users\dragon\.m2\repository\io\airlift\aircompressor\0.27\aircompressor-0.27.jar;C:\Users\dragon\.m2\repository\commons-pool\commons-pool\1.6\commons-pool-1.6.jar;C:\Users\dragon\.m2\repository\com\github\luben\zstd-jni\1.5.6-2\zstd-jni-1.5.6-2.jar;C:\Users\dragon\.m2\repository\org\apache\hadoop\hadoop-common\3.4.1\hadoop-common-3.4.1.jar;C:\Users\dragon\.m2\repository\org\apache\hadoop\thirdparty\hadoop-shaded-protobuf_3_25\1.3.0\hadoop-shaded-protobuf_3_25-1.3.0.jar;C:\Users\dragon\.m2\repository\org\apache\hadoop\hadoop-annotations\3.4.1\hadoop-annotations-3.4.1.jar;C:\Users\dragon\.m2\repository\org\apache\hadoop\thirdparty\hadoop-shaded-guava\1.3.0\hadoop-shaded-guava-1.3.0.jar;C:\Users\dragon\.m2\repository\com\google\guava\guava\27.0-jre\guava-27.0-jre.jar;C:\Users\dragon\.m2\repository\com\google\guava\failureaccess\1.0\failureaccess-1.0.jar;C:\Users\dragon\.m2\repository\com\google\guava\listenablefuture\9999.0-empty-to-avoid-conflict-with-guava\listenablefuture-9999.0-empty-to-avoid-conflict-with-guava.jar;C:\Users\dragon\.m2\repository\com\google\j2objc\j2objc-annotations\1.1\j2objc-annotations-1.1.jar;C:\Users\dragon\.m2\repository\org\codehaus\mojo\animal-sniffer-annotations\1.17\animal-sniffer-annotations-1.17.jar;C:\Users\dragon\.m2\repository\commons-cli\commons-cli\1.5.0\commons-cli-1.5.0.jar;C:\Users\dragon\.m2\repository\org\apache\commons\commons-math3\3.6.1\commons-math3-3.6.1.jar;C:\Users\dragon\.m2\repository\org\apache\httpcomponents\httpclient\4.5.13\httpclient-4.5.13.jar;C:\Users\dragon\.m2\repository\org\apache\httpcomponents\httpcore\4.4.16\httpcore-4.4.16.jar;C:\Users\dragon\.m2\repository\commons-codec\commons-codec\1.18.0\commons-codec-1.18.0.jar;C:\Users\dragon\.m2\repository\commons-net\commons-net\3.9.0\commons-net-3.9.0.jar;C:\Users\dragon\.m2\repository\commons-collections\commons-collections\3.2.2\commons-collections-3.2.2.jar;C:\Users\dragon\.m2\repository\javax\servlet\javax.servlet-api\3.1.0\javax.servlet-api-3.1.0.jar;C:\Users\dragon\.m2\repository\jakarta\activation\jakarta.activation-api\2.1.4\jakarta.activation-api-2.1.4.jar;C:\Users\dragon\.m2\repository\org\eclipse\jetty\jetty-server\12.0.27\jetty-server-12.0.27.jar;C:\Users\dragon\.m2\repository\org\eclipse\jetty\jetty-http\12.0.27\jetty-http-12.0.27.jar;C:\Users\dragon\.m2\repository\org\eclipse\jetty\jetty-io\12.0.27\jetty-io-12.0.27.jar;C:\Users\dragon\.m2\repository\org\eclipse\jetty\jetty-util\12.0.27\jetty-util-12.0.27.jar;C:\Users\dragon\.m2\repository\org\eclipse\jetty\jetty-servlet\9.4.53.v20231009\jetty-servlet-9.4.53.v20231009.jar;C:\Users\dragon\.m2\repository\org\eclipse\jetty\jetty-security\12.0.27\jetty-security-12.0.27.jar;C:\Users\dragon\.m2\repository\org\eclipse\jetty\jetty-util-ajax\12.0.27\jetty-util-ajax-12.0.27.jar;C:\Users\dragon\.m2\repository\org\eclipse\jetty\jetty-webapp\9.4.53.v20231009\jetty-webapp-9.4.53.v20231009.jar;C:\Users\dragon\.m2\repository\org\eclipse\jetty\jetty-xml\12.0.27\jetty-xml-12.0.27.jar;C:\Users\dragon\.m2\repository\javax\servlet\jsp\jsp-api\2.1\jsp-api-2.1.jar;C:\Users\dragon\.m2\repository\com\sun\jersey\jersey-core\1.19.4\jersey-core-1.19.4.jar;C:\Users\dragon\.m2\repository\javax\ws\rs\jsr311-api\1.1.1\jsr311-api-1.1.1.jar;C:\Users\dragon\.m2\repository\com\sun\jersey\jersey-servlet\1.19.4\jersey-servlet-1.19.4.jar;C:\Users\dragon\.m2\repository\com\github\pjfanning\jersey-json\1.22.0\jersey-json-1.22.0.jar;C:\Users\dragon\.m2\repository\com\sun\xml\bind\jaxb-impl\4.0.5\jaxb-impl-4.0.5.jar;C:\Users\dragon\.m2\repository\com\sun\xml\bind\jaxb-core\4.0.5\jaxb-core-4.0.5.jar;C:\Users\dragon\.m2\repository\org\codehaus\jettison\jettison\1.5.4\jettison-1.5.4.jar;C:\Users\dragon\.m2\repository\com\sun\jersey\jersey-server\1.19.4\jersey-server-1.19.4.jar;C:\Users\dragon\.m2\repository\ch\qos\reload4j\reload4j\1.2.22\reload4j-1.2.22.jar;C:\Users\dragon\.m2\repository\commons-beanutils\commons-beanutils\1.9.4\commons-beanutils-1.9.4.jar;C:\Users\dragon\.m2\repository\org\apache\commons\commons-configuration2\2.10.1\commons-configuration2-2.10.1.jar;C:\Users\dragon\.m2\repository\org\apache\commons\commons-lang3\3.17.0\commons-lang3-3.17.0.jar;C:\Users\dragon\.m2\repository\org\apache\commons\commons-text\1.10.0\commons-text-1.10.0.jar;C:\Users\dragon\.m2\repository\com\google\re2j\re2j\1.1\re2j-1.1.jar;C:\Users\dragon\.m2\repository\com\google\code\gson\gson\2.13.2\gson-2.13.2.jar;C:\Users\dragon\.m2\repository\org\apache\hadoop\hadoop-auth\3.4.1\hadoop-auth-3.4.1.jar;C:\Users\dragon\.m2\repository\com\nimbusds\nimbus-jose-jwt\9.37.2\nimbus-jose-jwt-9.37.2.jar;C:\Users\dragon\.m2\repository\com\github\stephenc\jcip\jcip-annotations\1.0-1\jcip-annotations-1.0-1.jar;C:\Users\dragon\.m2\repository\org\apache\curator\curator-framework\5.2.0\curator-framework-5.2.0.jar;C:\Users\dragon\.m2\repository\org\apache\kerby\kerb-util\2.0.3\kerb-util-2.0.3.jar;C:\Users\dragon\.m2\repository\org\apache\kerby\kerby-config\2.0.3\kerby-config-2.0.3.jar;C:\Users\dragon\.m2\repository\org\apache\kerby\kerb-crypto\2.0.3\kerb-crypto-2.0.3.jar;C:\Users\dragon\.m2\repository\com\jcraft\jsch\0.1.55\jsch-0.1.55.jar;C:\Users\dragon\.m2\repository\org\apache\curator\curator-client\5.2.0\curator-client-5.2.0.jar;C:\Users\dragon\.m2\repository\org\apache\curator\curator-recipes\5.2.0\curator-recipes-5.2.0.jar;C:\Users\dragon\.m2\repository\com\google\code\findbugs\jsr305\3.0.2\jsr305-3.0.2.jar;C:\Users\dragon\.m2\repository\org\apache\zookeeper\zookeeper\3.8.4\zookeeper-3.8.4.jar;C:\Users\dragon\.m2\repository\org\apache\zookeeper\zookeeper-jute\3.8.4\zookeeper-jute-3.8.4.jar;C:\Users\dragon\.m2\repository\org\apache\yetus\audience-annotations\0.12.0\audience-annotations-0.12.0.jar;C:\Users\dragon\.m2\repository\io\netty\netty-handler\4.1.127.Final\netty-handler-4.1.127.Final.jar;C:\Users\dragon\.m2\repository\io\netty\netty-common\4.1.127.Final\netty-common-4.1.127.Final.jar;C:\Users\dragon\.m2\repository\io\netty\netty-resolver\4.1.127.Final\netty-resolver-4.1.127.Final.jar;C:\Users\dragon\.m2\repository\io\netty\netty-buffer\4.1.127.Final\netty-buffer-4.1.127.Final.jar;C:\Users\dragon\.m2\repository\io\netty\netty-transport\4.1.127.Final\netty-transport-4.1.127.Final.jar;C:\Users\dragon\.m2\repository\io\netty\netty-transport-native-unix-common\4.1.127.Final\netty-transport-native-unix-common-4.1.127.Final.jar;C:\Users\dragon\.m2\repository\io\netty\netty-codec\4.1.127.Final\netty-codec-4.1.127.Final.jar;C:\Users\dragon\.m2\repository\io\netty\netty-transport-native-epoll\4.1.127.Final\netty-transport-native-epoll-4.1.127.Final.jar;C:\Users\dragon\.m2\repository\io\netty\netty-transport-classes-epoll\4.1.127.Final\netty-transport-classes-epoll-4.1.127.Final.jar;C:\Users\dragon\.m2\repository\io\dropwizard\metrics\metrics-core\3.2.4\metrics-core-3.2.4.jar;C:\Users\dragon\.m2\repository\org\bouncycastle\bcprov-jdk18on\1.78.1\bcprov-jdk18on-1.78.1.jar;C:\Users\dragon\.m2\repository\org\apache\kerby\kerb-core\2.0.3\kerb-core-2.0.3.jar;C:\Users\dragon\.m2\repository\org\apache\kerby\kerby-pkix\2.0.3\kerby-pkix-2.0.3.jar;C:\Users\dragon\.m2\repository\org\apache\kerby\kerby-asn1\2.0.3\kerby-asn1-2.0.3.jar;C:\Users\dragon\.m2\repository\org\apache\kerby\kerby-util\2.0.3\kerby-util-2.0.3.jar;C:\Users\dragon\.m2\repository\org\codehaus\woodstox\stax2-api\4.2.1\stax2-api-4.2.1.jar;C:\Users\dragon\.m2\repository\com\fasterxml\woodstox\woodstox-core\5.4.0\woodstox-core-5.4.0.jar;C:\Users\dragon\.m2\repository\dnsjava\dnsjava\3.6.1\dnsjava-3.6.1.jar;C:\Users\dragon\.m2\repository\org\springframework\boot\spring-boot-devtools\3.5.6\spring-boot-devtools-3.5.6.jar;C:\Users\dragon\.m2\repository\org\springframework\boot\spring-boot\3.5.6\spring-boot-3.5.6.jar;C:\Users\dragon\.m2\repository\org\springframework\boot\spring-boot-autoconfigure\3.5.6\spring-boot-autoconfigure-3.5.6.jar;C:\Users\dragon\.m2\repository\jakarta\xml\bind\jakarta.xml.bind-api\4.0.2\jakarta.xml.bind-api-4.0.2.jar;C:\Users\dragon\.m2\repository\org\springframework\spring-core\6.2.11\spring-core-6.2.11.jar;C:\Users\dragon\.m2\repository\org\springframework\spring-jcl\6.2.11\spring-jcl-6.2.11.jar
Launcher Type: SUN_STANDARD

[Global flags]
     intx CICompilerCount                          = 4                                         {product} {ergonomic}
     uint ConcGCThreads                            = 2                                         {product} {ergonomic}
     uint G1ConcRefinementThreads                  = 8                                         {product} {ergonomic}
   size_t G1HeapRegionSize                         = 2097152                                   {product} {ergonomic}
    uintx GCDrainStackTargetSize                   = 64                                        {product} {ergonomic}
   size_t InitialHeapSize                          = 266338304                                 {product} {ergonomic}
     bool ManagementServer                         = true                                      {product} {command line}
   size_t MarkStackSize                            = 4194304                                   {product} {ergonomic}
   size_t MaxHeapSize                              = 4242538496                                {product} {ergonomic}
   size_t MaxNewSize                               = 2543845376                                {product} {ergonomic}
   size_t MinHeapDeltaBytes                        = 2097152                                   {product} {ergonomic}
   size_t MinHeapSize                              = 8388608                                   {product} {ergonomic}
    uintx NonNMethodCodeHeapSize                   = 4096                                   {pd product} {ergonomic}
    uintx NonProfiledCodeHeapSize                  = 0                                      {pd product} {ergonomic}
     bool ProfileInterpreter                       = false                                  {pd product} {command line}
    uintx ProfiledCodeHeapSize                     = 0                                      {pd product} {ergonomic}
     bool ShowCodeDetailsInExceptionMessages       = true                                   {manageable} {command line}
   size_t SoftMaxHeapSize                          = 4242538496                             {manageable} {ergonomic}
     intx TieredStopAtLevel                        = 1                                         {product} {command line}
     bool UseCompressedOops                        = true                           {product lp64_product} {ergonomic}
     bool UseG1GC                                  = true                                      {product} {ergonomic}
     bool UseLargePagesIndividualAllocation        = false                                  {pd product} {ergonomic}

Logging:
Log output configuration:
 #0: stdout all=warning uptime,level,tags foldmultilines=false
 #1: stderr all=off uptime,level,tags foldmultilines=false

Environment Variables:
JAVA_HOME=C:\Program Files\Eclipse Adoptium\jdk-21.0.8.9-hotspot
CLASSPATH=%JAVA_HOME%\lib
PATH=D:\project\dev_boot_project\sts-4.32.0.RELEASE\plugins\org.eclipse.justj.openjdk.hotspot.jre.full.win32.x86_64_21.0.8.v20250724-1412\jre\bin;D:/project/dev_boot_project/sts-4.32.0.RELEASE//plugins/org.eclipse.justj.openjdk.hotspot.jre.full.win32.x86_64_21.0.8.v20250724-1412/jre/bin/server;D:/project/dev_boot_project/sts-4.32.0.RELEASE//plugins/org.eclipse.justj.openjdk.hotspot.jre.full.win32.x86_64_21.0.8.v20250724-1412/jre/bin;%JAVA_HOME%\bin;D:\app\dragon\product\11.2.0\dbhome_1\bin;C:\Program Files (x86)\Intel\Intel(R) Management Engine Components\iCLS\;C:\Program Files\Intel\Intel(R) Management Engine Components\iCLS\;C:\WINDOWS\system32;C:\WINDOWS;C:\WINDOWS\System32\Wbem;C:\WINDOWS\System32\WindowsPowerShell\v1.0\;C:\WINDOWS\System32\OpenSSH\;C:\Program Files (x86)\Intel\Intel(R) Management Engine Components\DAL;C:\Program Files\Intel\Intel(R) Management Engine Components\DAL;C:\Program Files\Git\cmd;C:\dev\apache-maven-3.9.11\bin;C:\Python310\Scripts\;C:\Python310\;C:\Program Files\Eclipse Adoptium\jdk-21\bin;C:\Program Files\Eclipse Adoptium\jdk-21\bin;D:\app\dragon\product\11.2.0\dbhome_1\bin;C:\Program Files (x86)\Intel\Intel(R) Management Engine Components\iCLS\;C:\Program Files\Intel\Intel(R) Management Engine Components\iCLS\;C:\WINDOWS\system32;C:\WINDOWS;C:\WINDOWS\System32\Wbem;C:\WINDOWS\System32\WindowsPowerShell\v1.0\;C:\WINDOWS\System32\OpenSSH\;C:\Program Files (x86)\Intel\Intel(R) Management Engine Components\DAL;C:\Program Files\Intel\Intel(R) Management Engine Components\DAL;C:\Program Files\Git\cmd;C:\dev\apache-maven-3.9.11\bin;C:\Program Files\Eclipse Adoptium\jdk-21\bin;C:\Program Files\Eclipse Adoptium\jdk-21.0.8.9-hotspot\bin;C:\Program Files\Java\jdk-11\bin;C:\Program Files\Eclipse Adoptium\jdk-21.0.8.9-hotspot\bin;;D:\project\dev_boot_project\sts-4.32.0.RELEASE;
USERNAME=dragon
OS=Windows_NT
PROCESSOR_IDENTIFIER=Intel64 Family 6 Model 142 Stepping 11, GenuineIntel
TMP=C:\Users\dragon\AppData\Local\Temp
TEMP=C:\Users\dragon\AppData\Local\Temp




Periodic native trim disabled

---------------  S Y S T E M  ---------------

OS:
 Windows 11 , 64 bit Build 26100 (10.0.26100.7623)
OS uptime: 4 days 2:47 hours

CPU: total 8 (initial active 8) (4 cores per cpu, 2 threads per core) family 6 model 142 stepping 11 microcode 0xde, cx8, cmov, fxsr, ht, mmx, 3dnowpref, sse, sse2, sse3, ssse3, sse4.1, sse4.2, popcnt, lzcnt, tsc, tscinvbit, avx, avx2, aes, erms, clmul, bmi1, bmi2, adx, fma, vzeroupper, clflush, clflushopt, rdtscp, f16c
Processor Information for the first 8 processors :
  Max Mhz: 1992, Current Mhz: 1792, Mhz Limit: 1792

Memory: 4k page, system-wide physical 16178M (3533M free)
TotalPageFile size 16178M (AvailPageFile size 7M)
current process WorkingSet (physical memory assigned to process): 337M, peak: 337M
current process commit charge ("private bytes"): 373M, peak: 401M

vm_info: OpenJDK 64-Bit Server VM (21.0.8+9-LTS) for windows-amd64 JRE (21.0.8+9-LTS), built on 2025-07-15T00:00:00Z by "admin" with MS VC++ 17.7 (VS2022)

END.
